[    0.123000] api_signal: id=sig-0131 timestamp=2026-06-08T23:10:00.123 status=REQUEST
[    0.547000] api_signal: id=sig-0491 timestamp=2026-06-08T23:10:00.547 status=REQUEST
[    0.638000] api_signal: id=sig-0085 timestamp=2026-06-08T23:10:00.638 status=REQUEST
[    0.688000] api_signal: id=sig-0226 timestamp=2026-06-08T23:10:00.688 status=REQUEST
[    0.735000] api_signal: id=sig-0487 timestamp=2026-06-08T23:10:00.735 status=REQUEST
[    0.774000] api_signal: id=sig-0170 timestamp=2026-06-08T23:10:00.774 status=REQUEST
[    0.930000] api_signal: id=sig-0178 timestamp=2026-06-08T23:10:00.930 status=REQUEST
[    1.163000] api_signal: id=sig-0328 timestamp=2026-06-08T23:10:01.163 status=REQUEST
[    1.215000] api_signal: id=sig-0165 timestamp=2026-06-08T23:10:01.215 status=REQUEST
[    1.491000] api_signal: id=sig-0174 timestamp=2026-06-08T23:10:01.491 status=REQUEST
[    1.628000] api_signal: id=sig-0131 timestamp=2026-06-08T23:10:01.628 status=RESPONSE
[    1.633000] api_signal: id=sig-0338 timestamp=2026-06-08T23:10:01.633 status=REQUEST
[    1.867000] api_signal: id=sig-0165 timestamp=2026-06-08T23:10:01.867 status=RESPONSE
[    1.983000] api_signal: id=sig-0208 timestamp=2026-06-08T23:10:01.983 status=REQUEST
[    2.067000] api_signal: id=sig-0078 timestamp=2026-06-08T23:10:02.067 status=REQUEST
[    2.099000] api_signal: id=sig-0284 timestamp=2026-06-08T23:10:02.099 status=REQUEST
[    2.276000] api_signal: id=sig-0338 timestamp=2026-06-08T23:10:02.276 status=RESPONSE
[    2.346000] api_signal: id=sig-0309 timestamp=2026-06-08T23:10:02.346 status=REQUEST
[    2.366000] api_signal: id=sig-0065 timestamp=2026-06-08T23:10:02.366 status=REQUEST
[    2.759000] api_signal: id=sig-0100 timestamp=2026-06-08T23:10:02.759 status=REQUEST
[    2.785000] api_signal: id=sig-0017 timestamp=2026-06-08T23:10:02.785 status=REQUEST
[    2.804000] api_signal: id=sig-0065 timestamp=2026-06-08T23:10:02.804 status=RESPONSE
[    2.975000] api_signal: id=sig-0355 timestamp=2026-06-08T23:10:02.975 status=REQUEST
[    3.057000] api_signal: id=sig-0264 timestamp=2026-06-08T23:10:03.057 status=REQUEST
[    3.105000] api_signal: id=sig-0477 timestamp=2026-06-08T23:10:03.105 status=REQUEST
[    3.196000] api_signal: id=sig-0100 timestamp=2026-06-08T23:10:03.196 status=RESPONSE
[    3.275000] api_signal: id=sig-0487 timestamp=2026-06-08T23:10:03.275 status=RESPONSE
[    3.284000] api_signal: id=sig-0309 timestamp=2026-06-08T23:10:03.284 status=RESPONSE
[    3.317000] api_signal: id=sig-0226 timestamp=2026-06-08T23:10:03.317 status=RESPONSE
[    3.324000] api_signal: id=sig-0481 timestamp=2026-06-08T23:10:03.324 status=REQUEST
[    3.336000] api_signal: id=sig-0170 timestamp=2026-06-08T23:10:03.336 status=RESPONSE
[    3.359000] api_signal: id=sig-0284 timestamp=2026-06-08T23:10:03.359 status=RESPONSE
[    3.462000] api_signal: id=sig-0178 timestamp=2026-06-08T23:10:03.462 status=RESPONSE
[    3.474000] api_signal: id=sig-0079 timestamp=2026-06-08T23:10:03.474 status=REQUEST
[    3.561000] api_signal: id=sig-0392 timestamp=2026-06-08T23:10:03.561 status=REQUEST
[    3.591000] api_signal: id=sig-0491 timestamp=2026-06-08T23:10:03.591 status=RESPONSE
[    3.625000] api_signal: id=sig-0451 timestamp=2026-06-08T23:10:03.625 status=REQUEST
[    3.662000] api_signal: id=sig-0248 timestamp=2026-06-08T23:10:03.662 status=REQUEST
[    3.667000] api_signal: id=sig-0085 timestamp=2026-06-08T23:10:03.667 status=RESPONSE
[    3.703000] api_signal: id=sig-0462 timestamp=2026-06-08T23:10:03.703 status=REQUEST
[    3.719000] api_signal: id=sig-0334 timestamp=2026-06-08T23:10:03.719 status=REQUEST
[    3.901000] api_signal: id=sig-0174 timestamp=2026-06-08T23:10:03.901 status=RESPONSE
[    3.972000] api_signal: id=sig-0481 timestamp=2026-06-08T23:10:03.972 status=RESPONSE
[    4.095000] api_signal: id=sig-0209 timestamp=2026-06-08T23:10:04.095 status=REQUEST
[    4.116000] api_signal: id=sig-0017 timestamp=2026-06-08T23:10:04.116 status=RESPONSE
[    4.134000] api_signal: id=sig-0029 timestamp=2026-06-08T23:10:04.134 status=REQUEST
[    4.173000] api_signal: id=sig-0229 timestamp=2026-06-08T23:10:04.173 status=REQUEST
[    4.248000] api_signal: id=sig-0264 timestamp=2026-06-08T23:10:04.248 status=RESPONSE
[    4.289000] api_signal: id=sig-0328 timestamp=2026-06-08T23:10:04.289 status=RESPONSE
[    4.330000] api_signal: id=sig-0208 timestamp=2026-06-08T23:10:04.330 status=RESPONSE
[    4.365000] api_signal: id=sig-0093 timestamp=2026-06-08T23:10:04.365 status=REQUEST
[    4.441000] api_signal: id=sig-0392 timestamp=2026-06-08T23:10:04.441 status=RESPONSE
[    4.503000] api_signal: id=sig-0209 timestamp=2026-06-08T23:10:04.503 status=RESPONSE
[    4.536000] api_signal: id=sig-0207 timestamp=2026-06-08T23:10:04.536 status=REQUEST
[    4.725000] api_signal: id=sig-0477 timestamp=2026-06-08T23:10:04.725 status=RESPONSE
[    4.726000] api_signal: id=sig-0220 timestamp=2026-06-08T23:10:04.726 status=REQUEST
[    4.764000] api_signal: id=sig-0373 timestamp=2026-06-08T23:10:04.764 status=REQUEST
[    4.860000] api_signal: id=sig-0006 timestamp=2026-06-08T23:10:04.860 status=REQUEST
[    4.886000] api_signal: id=sig-0331 timestamp=2026-06-08T23:10:04.886 status=REQUEST
[    4.986000] api_signal: id=sig-0078 timestamp=2026-06-08T23:10:04.986 status=RESPONSE
[    5.043000] api_signal: id=sig-0079 timestamp=2026-06-08T23:10:05.043 status=RESPONSE
[    5.104000] api_signal: id=sig-0267 timestamp=2026-06-08T23:10:05.104 status=REQUEST
[    5.388000] api_signal: id=sig-0244 timestamp=2026-06-08T23:10:05.388 status=REQUEST
[    5.402000] api_signal: id=sig-0364 timestamp=2026-06-08T23:10:05.402 status=REQUEST
[    5.440000] api_signal: id=sig-0207 timestamp=2026-06-08T23:10:05.440 status=RESPONSE
[    5.563000] api_signal: id=sig-0267 timestamp=2026-06-08T23:10:05.563 status=RESPONSE
[    6.017000] api_signal: id=sig-0029 timestamp=2026-06-08T23:10:06.017 status=RESPONSE
[    6.031000] api_signal: id=sig-0116 timestamp=2026-06-08T23:10:06.031 status=REQUEST
[    6.068000] api_signal: id=sig-0334 timestamp=2026-06-08T23:10:06.068 status=RESPONSE
[    6.151000] api_signal: id=sig-0355 timestamp=2026-06-08T23:10:06.151 status=RESPONSE
[    6.219000] api_signal: id=sig-0074 timestamp=2026-06-08T23:10:06.219 status=REQUEST
[    6.239000] api_signal: id=sig-0470 timestamp=2026-06-08T23:10:06.239 status=REQUEST
[    6.250000] api_signal: id=sig-0266 timestamp=2026-06-08T23:10:06.250 status=REQUEST
[    6.347000] api_signal: id=sig-0182 timestamp=2026-06-08T23:10:06.347 status=REQUEST
[    6.359000] api_signal: id=sig-0373 timestamp=2026-06-08T23:10:06.359 status=RESPONSE
[    6.429000] api_signal: id=sig-0479 timestamp=2026-06-08T23:10:06.429 status=REQUEST
[    6.446000] api_signal: id=sig-0470 timestamp=2026-06-08T23:10:06.446 status=RESPONSE
[    6.487000] api_signal: id=sig-0462 timestamp=2026-06-08T23:10:06.487 status=RESPONSE
[    6.569000] api_signal: id=sig-0203 timestamp=2026-06-08T23:10:06.569 status=REQUEST
[    6.588000] api_signal: id=sig-0145 timestamp=2026-06-08T23:10:06.588 status=REQUEST
[    6.726000] api_signal: id=sig-0006 timestamp=2026-06-08T23:10:06.726 status=RESPONSE
[    6.730000] api_signal: id=sig-0248 timestamp=2026-06-08T23:10:06.730 status=RESPONSE
[    6.732000] api_signal: id=sig-0244 timestamp=2026-06-08T23:10:06.732 status=RESPONSE
[    6.754000] api_signal: id=sig-0198 timestamp=2026-06-08T23:10:06.754 status=REQUEST
[    6.797000] api_signal: id=sig-0038 timestamp=2026-06-08T23:10:06.797 status=REQUEST
[    6.797000] api_signal: id=sig-0401 timestamp=2026-06-08T23:10:06.797 status=REQUEST
[    6.820000] api_signal: id=sig-0211 timestamp=2026-06-08T23:10:06.820 status=REQUEST
[    6.854000] api_signal: id=sig-0220 timestamp=2026-06-08T23:10:06.854 status=RESPONSE
[    7.108000] api_signal: id=sig-0451 timestamp=2026-06-08T23:10:07.108 status=RESPONSE
[    7.233000] api_signal: id=sig-0062 timestamp=2026-06-08T23:10:07.233 status=REQUEST
[    7.269000] api_signal: id=sig-0492 timestamp=2026-06-08T23:10:07.269 status=REQUEST
[    7.274000] api_signal: id=sig-0240 timestamp=2026-06-08T23:10:07.274 status=REQUEST
[    7.383000] api_signal: id=sig-0203 timestamp=2026-06-08T23:10:07.383 status=RESPONSE
[    7.418000] api_signal: id=sig-0401 timestamp=2026-06-08T23:10:07.418 status=ERROR
[    7.444000] api_signal: id=sig-0038 timestamp=2026-06-08T23:10:07.444 status=RESPONSE
[    7.450000] api_signal: id=sig-0093 timestamp=2026-06-08T23:10:07.450 status=RESPONSE
[    7.450000] api_signal: id=sig-0331 timestamp=2026-06-08T23:10:07.450 status=RESPONSE
[    7.481000] api_signal: id=sig-0145 timestamp=2026-06-08T23:10:07.481 status=RESPONSE
[    7.868000] api_signal: id=sig-0198 timestamp=2026-06-08T23:10:07.868 status=RESPONSE
[    7.948000] api_signal: id=sig-0364 timestamp=2026-06-08T23:10:07.948 status=RESPONSE
[    8.000000] api_signal: id=sig-0211 timestamp=2026-06-08T23:10:08.000 status=RESPONSE
[    8.042000] api_signal: id=sig-0116 timestamp=2026-06-08T23:10:08.042 status=RESPONSE
[    8.086000] api_signal: id=sig-0074 timestamp=2026-06-08T23:10:08.086 status=RESPONSE
[    8.186000] api_signal: id=sig-0240 timestamp=2026-06-08T23:10:08.186 status=RESPONSE
[    8.208000] api_signal: id=sig-0403 timestamp=2026-06-08T23:10:08.208 status=REQUEST
[    8.234000] api_signal: id=sig-0406 timestamp=2026-06-08T23:10:08.234 status=REQUEST
[    8.262000] api_signal: id=sig-0296 timestamp=2026-06-08T23:10:08.262 status=REQUEST
[    8.368000] api_signal: id=sig-0229 timestamp=2026-06-08T23:10:08.368 status=TIMEOUT
[    8.383000] api_signal: id=sig-0266 timestamp=2026-06-08T23:10:08.383 status=RESPONSE
[    8.393000] api_signal: id=sig-0231 timestamp=2026-06-08T23:10:08.393 status=REQUEST
[    8.450000] api_signal: id=sig-0357 timestamp=2026-06-08T23:10:08.450 status=REQUEST
[    8.470000] api_signal: id=sig-0375 timestamp=2026-06-08T23:10:08.470 status=REQUEST
[    8.717000] api_signal: id=sig-0458 timestamp=2026-06-08T23:10:08.717 status=REQUEST
[    8.935000] api_signal: id=sig-0479 timestamp=2026-06-08T23:10:08.935 status=RESPONSE
[    8.943000] api_signal: id=sig-0296 timestamp=2026-06-08T23:10:08.943 status=RESPONSE
[    9.093000] api_signal: id=sig-0492 timestamp=2026-06-08T23:10:09.093 status=ERROR
[    9.114000] api_signal: id=sig-0381 timestamp=2026-06-08T23:10:09.114 status=REQUEST
[    9.176000] api_signal: id=sig-0468 timestamp=2026-06-08T23:10:09.176 status=REQUEST
[    9.470000] api_signal: id=sig-0062 timestamp=2026-06-08T23:10:09.470 status=RESPONSE
[    9.511000] api_signal: id=sig-0403 timestamp=2026-06-08T23:10:09.511 status=RESPONSE
[   10.032000] api_signal: id=sig-0445 timestamp=2026-06-08T23:10:10.032 status=REQUEST
[   10.094000] api_signal: id=sig-0231 timestamp=2026-06-08T23:10:10.094 status=RESPONSE
[   10.109000] api_signal: id=sig-0042 timestamp=2026-06-08T23:10:10.109 status=REQUEST
[   10.151000] api_signal: id=sig-0482 timestamp=2026-06-08T23:10:10.151 status=REQUEST
[   10.168000] api_signal: id=sig-0458 timestamp=2026-06-08T23:10:10.168 status=RESPONSE
[   10.192000] api_signal: id=sig-0105 timestamp=2026-06-08T23:10:10.192 status=REQUEST
[   10.200000] api_signal: id=sig-0261 timestamp=2026-06-08T23:10:10.200 status=REQUEST
[   10.558000] api_signal: id=sig-0110 timestamp=2026-06-08T23:10:10.558 status=REQUEST
[   10.578000] api_signal: id=sig-0333 timestamp=2026-06-08T23:10:10.578 status=REQUEST
[   10.631000] api_signal: id=sig-0005 timestamp=2026-06-08T23:10:10.631 status=REQUEST
[   10.651000] api_signal: id=sig-0406 timestamp=2026-06-08T23:10:10.651 status=RESPONSE
[   10.724000] api_signal: id=sig-0368 timestamp=2026-06-08T23:10:10.724 status=REQUEST
[   10.790000] api_signal: id=sig-0422 timestamp=2026-06-08T23:10:10.790 status=REQUEST
[   10.831000] api_signal: id=sig-0042 timestamp=2026-06-08T23:10:10.831 status=ERROR
[   10.846000] api_signal: id=sig-0450 timestamp=2026-06-08T23:10:10.846 status=REQUEST
[   10.896000] api_signal: id=sig-0482 timestamp=2026-06-08T23:10:10.896 status=RESPONSE
[   11.012000] api_signal: id=sig-0221 timestamp=2026-06-08T23:10:11.012 status=REQUEST
[   11.187000] api_signal: id=sig-0256 timestamp=2026-06-08T23:10:11.187 status=REQUEST
[   11.363000] api_signal: id=sig-0393 timestamp=2026-06-08T23:10:11.363 status=REQUEST
[   11.455000] api_signal: id=sig-0347 timestamp=2026-06-08T23:10:11.455 status=REQUEST
[   11.600000] api_signal: id=sig-0375 timestamp=2026-06-08T23:10:11.600 status=RESPONSE
[   11.609000] api_signal: id=sig-0446 timestamp=2026-06-08T23:10:11.609 status=REQUEST
[   11.634000] api_signal: id=sig-0070 timestamp=2026-06-08T23:10:11.634 status=REQUEST
[   11.656000] api_signal: id=sig-0323 timestamp=2026-06-08T23:10:11.656 status=REQUEST
[   11.667000] api_signal: id=sig-0149 timestamp=2026-06-08T23:10:11.667 status=REQUEST
[   11.764000] api_signal: id=sig-0368 timestamp=2026-06-08T23:10:11.764 status=RESPONSE
[   11.857000] api_signal: id=sig-0346 timestamp=2026-06-08T23:10:11.857 status=REQUEST
[   11.892000] api_signal: id=sig-0429 timestamp=2026-06-08T23:10:11.892 status=REQUEST
[   11.914000] api_signal: id=sig-0357 timestamp=2026-06-08T23:10:11.914 status=RESPONSE
[   11.922000] api_signal: id=sig-0422 timestamp=2026-06-08T23:10:11.922 status=RESPONSE
[   11.924000] api_signal: id=sig-0445 timestamp=2026-06-08T23:10:11.924 status=RESPONSE
[   12.196000] api_signal: id=sig-0446 timestamp=2026-06-08T23:10:12.196 status=RESPONSE
[   12.197000] api_signal: id=sig-0350 timestamp=2026-06-08T23:10:12.197 status=REQUEST
[   12.259000] api_signal: id=sig-0468 timestamp=2026-06-08T23:10:12.259 status=RESPONSE
[   12.276000] api_signal: id=sig-0005 timestamp=2026-06-08T23:10:12.276 status=ERROR
[   12.311000] api_signal: id=sig-0087 timestamp=2026-06-08T23:10:12.311 status=REQUEST
[   12.322000] api_signal: id=sig-0429 timestamp=2026-06-08T23:10:12.322 status=RESPONSE
[   12.323000] api_signal: id=sig-0043 timestamp=2026-06-08T23:10:12.323 status=REQUEST
[   12.379000] api_signal: id=sig-0122 timestamp=2026-06-08T23:10:12.379 status=REQUEST
[   12.433000] api_signal: id=sig-0098 timestamp=2026-06-08T23:10:12.433 status=REQUEST
[   12.434000] api_signal: id=sig-0135 timestamp=2026-06-08T23:10:12.434 status=REQUEST
[   12.456000] api_signal: id=sig-0110 timestamp=2026-06-08T23:10:12.456 status=RESPONSE
[   12.478000] api_signal: id=sig-0346 timestamp=2026-06-08T23:10:12.478 status=RESPONSE
[   12.589000] api_signal: id=sig-0263 timestamp=2026-06-08T23:10:12.589 status=REQUEST
[   12.602000] api_signal: id=sig-0299 timestamp=2026-06-08T23:10:12.602 status=REQUEST
[   12.746000] api_signal: id=sig-0083 timestamp=2026-06-08T23:10:12.746 status=REQUEST
[   12.767000] api_signal: id=sig-0393 timestamp=2026-06-08T23:10:12.767 status=RESPONSE
[   12.779000] api_signal: id=sig-0221 timestamp=2026-06-08T23:10:12.779 status=ERROR
[   12.861000] api_signal: id=sig-0043 timestamp=2026-06-08T23:10:12.861 status=ERROR
[   13.012000] api_signal: id=sig-0098 timestamp=2026-06-08T23:10:13.012 status=RESPONSE
[   13.042000] api_signal: id=sig-0135 timestamp=2026-06-08T23:10:13.042 status=RESPONSE
[   13.051000] api_signal: id=sig-0182 timestamp=2026-06-08T23:10:13.051 status=TIMEOUT
[   13.079000] api_signal: id=sig-0342 timestamp=2026-06-08T23:10:13.079 status=REQUEST
[   13.096000] api_signal: id=sig-0256 timestamp=2026-06-08T23:10:13.096 status=RESPONSE
[   13.153000] api_signal: id=sig-0333 timestamp=2026-06-08T23:10:13.153 status=RESPONSE
[   13.158000] api_signal: id=sig-0391 timestamp=2026-06-08T23:10:13.158 status=REQUEST
[   13.241000] api_signal: id=sig-0045 timestamp=2026-06-08T23:10:13.241 status=REQUEST
[   13.241000] api_signal: id=sig-0472 timestamp=2026-06-08T23:10:13.241 status=REQUEST
[   13.366000] api_signal: id=sig-0261 timestamp=2026-06-08T23:10:13.366 status=RESPONSE
[   13.404000] api_signal: id=sig-0323 timestamp=2026-06-08T23:10:13.404 status=RESPONSE
[   13.444000] api_signal: id=sig-0299 timestamp=2026-06-08T23:10:13.444 status=RESPONSE
[   13.523000] api_signal: id=sig-0350 timestamp=2026-06-08T23:10:13.523 status=ERROR
[   13.581000] api_signal: id=sig-0380 timestamp=2026-06-08T23:10:13.581 status=REQUEST
[   13.603000] api_signal: id=sig-0347 timestamp=2026-06-08T23:10:13.603 status=RESPONSE
[   13.820000] api_signal: id=sig-0342 timestamp=2026-06-08T23:10:13.820 status=RESPONSE
[   14.094000] api_signal: id=sig-0253 timestamp=2026-06-08T23:10:14.094 status=REQUEST
[   14.254000] api_signal: id=sig-0380 timestamp=2026-06-08T23:10:14.254 status=ERROR
[   14.256000] api_signal: id=sig-0472 timestamp=2026-06-08T23:10:14.256 status=RESPONSE
[   14.336000] api_signal: id=sig-0450 timestamp=2026-06-08T23:10:14.336 status=RESPONSE
[   14.373000] api_signal: id=sig-0381 timestamp=2026-06-08T23:10:14.373 status=TIMEOUT
[   14.377000] api_signal: id=sig-0070 timestamp=2026-06-08T23:10:14.377 status=RESPONSE
[   14.403000] api_signal: id=sig-0155 timestamp=2026-06-08T23:10:14.403 status=REQUEST
[   14.494000] api_signal: id=sig-0253 timestamp=2026-06-08T23:10:14.494 status=ERROR
[   14.645000] api_signal: id=sig-0344 timestamp=2026-06-08T23:10:14.645 status=REQUEST
[   14.647000] api_signal: id=sig-0149 timestamp=2026-06-08T23:10:14.647 status=RESPONSE
[   14.716000] api_signal: id=sig-0404 timestamp=2026-06-08T23:10:14.716 status=REQUEST
[   14.991000] api_signal: id=sig-0409 timestamp=2026-06-08T23:10:14.991 status=REQUEST
[   15.063000] api_signal: id=sig-0292 timestamp=2026-06-08T23:10:15.063 status=REQUEST
[   15.194000] api_signal: id=sig-0122 timestamp=2026-06-08T23:10:15.194 status=RESPONSE
[   15.232000] api_signal: id=sig-0205 timestamp=2026-06-08T23:10:15.232 status=REQUEST
[   15.257000] api_signal: id=sig-0409 timestamp=2026-06-08T23:10:15.257 status=RESPONSE
[   15.260000] api_signal: id=sig-0263 timestamp=2026-06-08T23:10:15.260 status=RESPONSE
[   15.264000] api_signal: id=sig-0167 timestamp=2026-06-08T23:10:15.264 status=REQUEST
[   15.266000] api_signal: id=sig-0108 timestamp=2026-06-08T23:10:15.266 status=REQUEST
[   15.351000] api_signal: id=sig-0205 timestamp=2026-06-08T23:10:15.351 status=RESPONSE
[   15.457000] api_signal: id=sig-0083 timestamp=2026-06-08T23:10:15.457 status=RESPONSE
[   15.469000] api_signal: id=sig-0045 timestamp=2026-06-08T23:10:15.469 status=RESPONSE
[   15.500000] api_signal: id=sig-0210 timestamp=2026-06-08T23:10:15.500 status=REQUEST
[   15.720000] api_signal: id=sig-0167 timestamp=2026-06-08T23:10:15.720 status=RESPONSE
[   15.787000] api_signal: id=sig-0151 timestamp=2026-06-08T23:10:15.787 status=REQUEST
[   15.802000] api_signal: id=sig-0438 timestamp=2026-06-08T23:10:15.802 status=REQUEST
[   15.947000] api_signal: id=sig-0404 timestamp=2026-06-08T23:10:15.947 status=RESPONSE
[   15.998000] api_signal: id=sig-0108 timestamp=2026-06-08T23:10:15.998 status=RESPONSE
[   16.136000] api_signal: id=sig-0105 timestamp=2026-06-08T23:10:16.136 status=TIMEOUT
[   16.156000] api_signal: id=sig-0210 timestamp=2026-06-08T23:10:16.156 status=RESPONSE
[   16.231000] api_signal: id=sig-0251 timestamp=2026-06-08T23:10:16.231 status=REQUEST
[   16.261000] api_signal: id=sig-0391 timestamp=2026-06-08T23:10:16.261 status=RESPONSE
[   16.403000] api_signal: id=sig-0335 timestamp=2026-06-08T23:10:16.403 status=REQUEST
[   16.579000] api_signal: id=sig-0189 timestamp=2026-06-08T23:10:16.579 status=REQUEST
[   16.621000] api_signal: id=sig-0343 timestamp=2026-06-08T23:10:16.621 status=REQUEST
[   16.687000] api_signal: id=sig-0370 timestamp=2026-06-08T23:10:16.687 status=REQUEST
[   16.696000] api_signal: id=sig-0398 timestamp=2026-06-08T23:10:16.696 status=REQUEST
[   16.765000] api_signal: id=sig-0476 timestamp=2026-06-08T23:10:16.765 status=REQUEST
[   16.848000] api_signal: id=sig-0476 timestamp=2026-06-08T23:10:16.848 status=RESPONSE
[   16.852000] api_signal: id=sig-0382 timestamp=2026-06-08T23:10:16.852 status=REQUEST
[   16.875000] api_signal: id=sig-0151 timestamp=2026-06-08T23:10:16.875 status=RESPONSE
[   16.945000] api_signal: id=sig-0343 timestamp=2026-06-08T23:10:16.945 status=RESPONSE
[   16.970000] api_signal: id=sig-0292 timestamp=2026-06-08T23:10:16.970 status=RESPONSE
[   16.993000] api_signal: id=sig-0280 timestamp=2026-06-08T23:10:16.993 status=REQUEST
[   17.023000] api_signal: id=sig-0436 timestamp=2026-06-08T23:10:17.023 status=REQUEST
[   17.057000] api_signal: id=sig-0258 timestamp=2026-06-08T23:10:17.057 status=REQUEST
[   17.063000] api_signal: id=sig-0087 timestamp=2026-06-08T23:10:17.063 status=TIMEOUT
[   17.132000] api_signal: id=sig-0367 timestamp=2026-06-08T23:10:17.132 status=REQUEST
[   17.214000] api_signal: id=sig-0026 timestamp=2026-06-08T23:10:17.214 status=REQUEST
[   17.226000] api_signal: id=sig-0251 timestamp=2026-06-08T23:10:17.226 status=RESPONSE
[   17.431000] api_signal: id=sig-0262 timestamp=2026-06-08T23:10:17.431 status=REQUEST
[   17.584000] api_signal: id=sig-0155 timestamp=2026-06-08T23:10:17.584 status=RESPONSE
[   17.816000] api_signal: id=sig-0288 timestamp=2026-06-08T23:10:17.816 status=REQUEST
[   17.951000] api_signal: id=sig-0330 timestamp=2026-06-08T23:10:17.951 status=REQUEST
[   17.954000] api_signal: id=sig-0161 timestamp=2026-06-08T23:10:17.954 status=REQUEST
[   17.992000] api_signal: id=sig-0382 timestamp=2026-06-08T23:10:17.992 status=RESPONSE
[   18.001000] api_signal: id=sig-0280 timestamp=2026-06-08T23:10:18.001 status=RESPONSE
[   18.050000] api_signal: id=sig-0344 timestamp=2026-06-08T23:10:18.050 status=RESPONSE
[   18.053000] api_signal: id=sig-0398 timestamp=2026-06-08T23:10:18.053 status=RESPONSE
[   18.504000] api_signal: id=sig-0081 timestamp=2026-06-08T23:10:18.504 status=REQUEST
[   18.533000] api_signal: id=sig-0438 timestamp=2026-06-08T23:10:18.533 status=RESPONSE
[   18.683000] api_signal: id=sig-0161 timestamp=2026-06-08T23:10:18.683 status=RESPONSE
[   18.767000] api_signal: id=sig-0069 timestamp=2026-06-08T23:10:18.767 status=REQUEST
[   18.813000] api_signal: id=sig-0288 timestamp=2026-06-08T23:10:18.813 status=RESPONSE
[   18.942000] api_signal: id=sig-0262 timestamp=2026-06-08T23:10:18.942 status=RESPONSE
[   19.042000] api_signal: id=sig-0111 timestamp=2026-06-08T23:10:19.042 status=REQUEST
[   19.047000] api_signal: id=sig-0007 timestamp=2026-06-08T23:10:19.047 status=REQUEST
[   19.284000] api_signal: id=sig-0158 timestamp=2026-06-08T23:10:19.284 status=REQUEST
[   19.377000] api_signal: id=sig-0300 timestamp=2026-06-08T23:10:19.377 status=REQUEST
[   19.405000] api_signal: id=sig-0026 timestamp=2026-06-08T23:10:19.405 status=RESPONSE
[   19.406000] api_signal: id=sig-0189 timestamp=2026-06-08T23:10:19.406 status=RESPONSE
[   19.410000] api_signal: id=sig-0258 timestamp=2026-06-08T23:10:19.410 status=RESPONSE
[   19.592000] api_signal: id=sig-0335 timestamp=2026-06-08T23:10:19.592 status=RESPONSE
[   19.619000] api_signal: id=sig-0066 timestamp=2026-06-08T23:10:19.619 status=REQUEST
[   19.694000] api_signal: id=sig-0367 timestamp=2026-06-08T23:10:19.694 status=RESPONSE
[   19.705000] api_signal: id=sig-0081 timestamp=2026-06-08T23:10:19.705 status=RESPONSE
[   19.722000] api_signal: id=sig-0370 timestamp=2026-06-08T23:10:19.722 status=RESPONSE
[   19.834000] api_signal: id=sig-0275 timestamp=2026-06-08T23:10:19.834 status=REQUEST
[   19.872000] api_signal: id=sig-0330 timestamp=2026-06-08T23:10:19.872 status=RESPONSE
[   20.055000] api_signal: id=sig-0069 timestamp=2026-06-08T23:10:20.055 status=RESPONSE
[   20.633000] api_signal: id=sig-0047 timestamp=2026-06-08T23:10:20.633 status=REQUEST
[   20.853000] api_signal: id=sig-0225 timestamp=2026-06-08T23:10:20.853 status=REQUEST
[   20.961000] api_signal: id=sig-0204 timestamp=2026-06-08T23:10:20.961 status=REQUEST
[   21.035000] api_signal: id=sig-0405 timestamp=2026-06-08T23:10:21.035 status=REQUEST
[   21.235000] api_signal: id=sig-0243 timestamp=2026-06-08T23:10:21.235 status=REQUEST
[   21.369000] api_signal: id=sig-0257 timestamp=2026-06-08T23:10:21.369 status=REQUEST
[   21.549000] api_signal: id=sig-0115 timestamp=2026-06-08T23:10:21.549 status=REQUEST
[   21.652000] api_signal: id=sig-0225 timestamp=2026-06-08T23:10:21.652 status=RESPONSE
[   21.812000] api_signal: id=sig-0126 timestamp=2026-06-08T23:10:21.812 status=REQUEST
[   21.824000] api_signal: id=sig-0172 timestamp=2026-06-08T23:10:21.824 status=REQUEST
[   21.902000] api_signal: id=sig-0115 timestamp=2026-06-08T23:10:21.902 status=RESPONSE
[   22.125000] api_signal: id=sig-0486 timestamp=2026-06-08T23:10:22.125 status=REQUEST
[   22.135000] api_signal: id=sig-0388 timestamp=2026-06-08T23:10:22.135 status=REQUEST
[   22.263000] api_signal: id=sig-0275 timestamp=2026-06-08T23:10:22.263 status=RESPONSE
[   22.365000] api_signal: id=sig-0277 timestamp=2026-06-08T23:10:22.365 status=REQUEST
[   22.397000] api_signal: id=sig-0318 timestamp=2026-06-08T23:10:22.397 status=REQUEST
[   22.451000] api_signal: id=sig-0007 timestamp=2026-06-08T23:10:22.451 status=RESPONSE
[   22.463000] api_signal: id=sig-0405 timestamp=2026-06-08T23:10:22.463 status=RESPONSE
[   22.477000] api_signal: id=sig-0158 timestamp=2026-06-08T23:10:22.477 status=RESPONSE
[   22.494000] api_signal: id=sig-0407 timestamp=2026-06-08T23:10:22.494 status=REQUEST
[   22.531000] api_signal: id=sig-0436 timestamp=2026-06-08T23:10:22.531 status=TIMEOUT
[   22.535000] api_signal: id=sig-0204 timestamp=2026-06-08T23:10:22.535 status=RESPONSE
[   22.564000] api_signal: id=sig-0055 timestamp=2026-06-08T23:10:22.564 status=REQUEST
[   22.590000] api_signal: id=sig-0123 timestamp=2026-06-08T23:10:22.590 status=REQUEST
[   22.728000] api_signal: id=sig-0072 timestamp=2026-06-08T23:10:22.728 status=REQUEST
[   22.875000] api_signal: id=sig-0415 timestamp=2026-06-08T23:10:22.875 status=REQUEST
[   22.903000] api_signal: id=sig-0443 timestamp=2026-06-08T23:10:22.903 status=REQUEST
[   22.905000] api_signal: id=sig-0047 timestamp=2026-06-08T23:10:22.905 status=RESPONSE
[   22.915000] api_signal: id=sig-0002 timestamp=2026-06-08T23:10:22.915 status=REQUEST
[   22.944000] api_signal: id=sig-0123 timestamp=2026-06-08T23:10:22.944 status=RESPONSE
[   22.977000] api_signal: id=sig-0353 timestamp=2026-06-08T23:10:22.977 status=REQUEST
[   22.986000] api_signal: id=sig-0260 timestamp=2026-06-08T23:10:22.986 status=REQUEST
[   23.292000] api_signal: id=sig-0488 timestamp=2026-06-08T23:10:23.292 status=REQUEST
[   23.315000] api_signal: id=sig-0257 timestamp=2026-06-08T23:10:23.315 status=ERROR
[   23.411000] api_signal: id=sig-0322 timestamp=2026-06-08T23:10:23.411 status=REQUEST
[   23.450000] api_signal: id=sig-0243 timestamp=2026-06-08T23:10:23.450 status=RESPONSE
[   23.498000] api_signal: id=sig-0090 timestamp=2026-06-08T23:10:23.498 status=REQUEST
[   23.535000] api_signal: id=sig-0415 timestamp=2026-06-08T23:10:23.535 status=RESPONSE
[   23.809000] api_signal: id=sig-0199 timestamp=2026-06-08T23:10:23.809 status=REQUEST
[   23.967000] api_signal: id=sig-0325 timestamp=2026-06-08T23:10:23.967 status=REQUEST
[   23.974000] api_signal: id=sig-0126 timestamp=2026-06-08T23:10:23.974 status=RESPONSE
[   23.984000] api_signal: id=sig-0443 timestamp=2026-06-08T23:10:23.984 status=RESPONSE
[   24.004000] api_signal: id=sig-0020 timestamp=2026-06-08T23:10:24.004 status=REQUEST
[   24.061000] api_signal: id=sig-0421 timestamp=2026-06-08T23:10:24.061 status=REQUEST
[   24.095000] api_signal: id=sig-0014 timestamp=2026-06-08T23:10:24.095 status=REQUEST
[   24.133000] api_signal: id=sig-0260 timestamp=2026-06-08T23:10:24.133 status=RESPONSE
[   24.134000] api_signal: id=sig-0277 timestamp=2026-06-08T23:10:24.134 status=ERROR
[   24.146000] api_signal: id=sig-0318 timestamp=2026-06-08T23:10:24.146 status=RESPONSE
[   24.276000] api_signal: id=sig-0055 timestamp=2026-06-08T23:10:24.276 status=ERROR
[   24.299000] api_signal: id=sig-0388 timestamp=2026-06-08T23:10:24.299 status=RESPONSE
[   24.414000] api_signal: id=sig-0058 timestamp=2026-06-08T23:10:24.414 status=REQUEST
[   24.447000] api_signal: id=sig-0044 timestamp=2026-06-08T23:10:24.447 status=REQUEST
[   24.491000] api_signal: id=sig-0407 timestamp=2026-06-08T23:10:24.491 status=RESPONSE
[   24.503000] api_signal: id=sig-0447 timestamp=2026-06-08T23:10:24.503 status=REQUEST
[   24.521000] api_signal: id=sig-0222 timestamp=2026-06-08T23:10:24.521 status=REQUEST
[   24.548000] api_signal: id=sig-0486 timestamp=2026-06-08T23:10:24.548 status=RESPONSE
[   24.703000] api_signal: id=sig-0389 timestamp=2026-06-08T23:10:24.703 status=REQUEST
[   24.802000] api_signal: id=sig-0488 timestamp=2026-06-08T23:10:24.802 status=RESPONSE
[   24.843000] api_signal: id=sig-0002 timestamp=2026-06-08T23:10:24.843 status=RESPONSE
[   24.891000] api_signal: id=sig-0107 timestamp=2026-06-08T23:10:24.891 status=REQUEST
[   24.941000] api_signal: id=sig-0040 timestamp=2026-06-08T23:10:24.941 status=REQUEST
[   24.995000] api_signal: id=sig-0111 timestamp=2026-06-08T23:10:24.995 status=TIMEOUT
[   25.106000] api_signal: id=sig-0300 timestamp=2026-06-08T23:10:25.106 status=TIMEOUT
[   25.146000] api_signal: id=sig-0172 timestamp=2026-06-08T23:10:25.146 status=RESPONSE
[   25.324000] api_signal: id=sig-0353 timestamp=2026-06-08T23:10:25.324 status=RESPONSE
[   25.485000] api_signal: id=sig-0421 timestamp=2026-06-08T23:10:25.485 status=RESPONSE
[   25.522000] api_signal: id=sig-0107 timestamp=2026-06-08T23:10:25.522 status=RESPONSE
[   25.638000] api_signal: id=sig-0080 timestamp=2026-06-08T23:10:25.638 status=REQUEST
[   25.716000] api_signal: id=sig-0089 timestamp=2026-06-08T23:10:25.716 status=REQUEST
[   25.746000] api_signal: id=sig-0052 timestamp=2026-06-08T23:10:25.746 status=REQUEST
[   25.805000] api_signal: id=sig-0459 timestamp=2026-06-08T23:10:25.805 status=REQUEST
[   25.837000] api_signal: id=sig-0014 timestamp=2026-06-08T23:10:25.837 status=ERROR
[   25.839000] api_signal: id=sig-0072 timestamp=2026-06-08T23:10:25.839 status=RESPONSE
[   25.864000] api_signal: id=sig-0019 timestamp=2026-06-08T23:10:25.864 status=REQUEST
[   25.888000] api_signal: id=sig-0058 timestamp=2026-06-08T23:10:25.888 status=RESPONSE
[   25.992000] api_signal: id=sig-0044 timestamp=2026-06-08T23:10:25.992 status=ERROR
[   26.018000] api_signal: id=sig-0177 timestamp=2026-06-08T23:10:26.018 status=REQUEST
[   26.040000] api_signal: id=sig-0121 timestamp=2026-06-08T23:10:26.040 status=REQUEST
[   26.066000] api_signal: id=sig-0389 timestamp=2026-06-08T23:10:26.066 status=RESPONSE
[   26.127000] api_signal: id=sig-0022 timestamp=2026-06-08T23:10:26.127 status=REQUEST
[   26.203000] api_signal: id=sig-0164 timestamp=2026-06-08T23:10:26.203 status=REQUEST
[   26.374000] api_signal: id=sig-0066 timestamp=2026-06-08T23:10:26.374 status=TIMEOUT
[   26.404000] api_signal: id=sig-0090 timestamp=2026-06-08T23:10:26.404 status=RESPONSE
[   26.484000] api_signal: id=sig-0199 timestamp=2026-06-08T23:10:26.484 status=RESPONSE
[   26.600000] api_signal: id=sig-0322 timestamp=2026-06-08T23:10:26.600 status=RESPONSE
[   26.725000] api_signal: id=sig-0483 timestamp=2026-06-08T23:10:26.725 status=REQUEST
[   26.747000] api_signal: id=sig-0068 timestamp=2026-06-08T23:10:26.747 status=REQUEST
[   26.772000] api_signal: id=sig-0020 timestamp=2026-06-08T23:10:26.772 status=RESPONSE
[   26.779000] api_signal: id=sig-0222 timestamp=2026-06-08T23:10:26.779 status=RESPONSE
[   26.810000] api_signal: id=sig-0138 timestamp=2026-06-08T23:10:26.810 status=REQUEST
[   27.134000] api_signal: id=sig-0369 timestamp=2026-06-08T23:10:27.134 status=REQUEST
[   27.143000] api_signal: id=sig-0447 timestamp=2026-06-08T23:10:27.143 status=RESPONSE
[   27.155000] api_signal: id=sig-0064 timestamp=2026-06-08T23:10:27.155 status=REQUEST
[   27.383000] api_signal: id=sig-0023 timestamp=2026-06-08T23:10:27.383 status=REQUEST
[   27.391000] api_signal: id=sig-0121 timestamp=2026-06-08T23:10:27.391 status=ERROR
[   27.443000] api_signal: id=sig-0195 timestamp=2026-06-08T23:10:27.443 status=REQUEST
[   27.481000] api_signal: id=sig-0351 timestamp=2026-06-08T23:10:27.481 status=REQUEST
[   27.521000] api_signal: id=sig-0459 timestamp=2026-06-08T23:10:27.521 status=RESPONSE
[   27.591000] api_signal: id=sig-0177 timestamp=2026-06-08T23:10:27.591 status=RESPONSE
[   27.636000] api_signal: id=sig-0351 timestamp=2026-06-08T23:10:27.636 status=RESPONSE
[   27.693000] api_signal: id=sig-0359 timestamp=2026-06-08T23:10:27.693 status=REQUEST
[   27.978000] api_signal: id=sig-0019 timestamp=2026-06-08T23:10:27.978 status=RESPONSE
[   28.064000] api_signal: id=sig-0239 timestamp=2026-06-08T23:10:28.064 status=REQUEST
[   28.127000] api_signal: id=sig-0215 timestamp=2026-06-08T23:10:28.127 status=REQUEST
[   28.137000] api_signal: id=sig-0040 timestamp=2026-06-08T23:10:28.137 status=RESPONSE
[   28.169000] api_signal: id=sig-0136 timestamp=2026-06-08T23:10:28.169 status=REQUEST
[   28.261000] api_signal: id=sig-0282 timestamp=2026-06-08T23:10:28.261 status=REQUEST
[   28.281000] api_signal: id=sig-0080 timestamp=2026-06-08T23:10:28.281 status=RESPONSE
[   28.338000] api_signal: id=sig-0448 timestamp=2026-06-08T23:10:28.338 status=REQUEST
[   28.384000] api_signal: id=sig-0013 timestamp=2026-06-08T23:10:28.384 status=REQUEST
[   28.428000] api_signal: id=sig-0089 timestamp=2026-06-08T23:10:28.428 status=RESPONSE
[   28.457000] api_signal: id=sig-0052 timestamp=2026-06-08T23:10:28.457 status=RESPONSE
[   28.534000] api_signal: id=sig-0215 timestamp=2026-06-08T23:10:28.534 status=RESPONSE
[   28.621000] api_signal: id=sig-0412 timestamp=2026-06-08T23:10:28.621 status=REQUEST
[   28.678000] api_signal: id=sig-0325 timestamp=2026-06-08T23:10:28.678 status=TIMEOUT
[   28.788000] api_signal: id=sig-0164 timestamp=2026-06-08T23:10:28.788 status=RESPONSE
[   29.025000] api_signal: id=sig-0383 timestamp=2026-06-08T23:10:29.025 status=REQUEST
[   29.039000] api_signal: id=sig-0022 timestamp=2026-06-08T23:10:29.039 status=RESPONSE
[   29.064000] api_signal: id=sig-0435 timestamp=2026-06-08T23:10:29.064 status=REQUEST
[   29.328000] api_signal: id=sig-0138 timestamp=2026-06-08T23:10:29.328 status=RESPONSE
[   29.343000] api_signal: id=sig-0282 timestamp=2026-06-08T23:10:29.343 status=ERROR
[   29.391000] api_signal: id=sig-0018 timestamp=2026-06-08T23:10:29.391 status=REQUEST
[   29.391000] api_signal: id=sig-0352 timestamp=2026-06-08T23:10:29.391 status=REQUEST
[   29.549000] api_signal: id=sig-0067 timestamp=2026-06-08T23:10:29.549 status=REQUEST
[   29.603000] api_signal: id=sig-0153 timestamp=2026-06-08T23:10:29.603 status=REQUEST
[   29.654000] api_signal: id=sig-0064 timestamp=2026-06-08T23:10:29.654 status=RESPONSE
[   29.659000] api_signal: id=sig-0239 timestamp=2026-06-08T23:10:29.659 status=RESPONSE
[   29.664000] api_signal: id=sig-0412 timestamp=2026-06-08T23:10:29.664 status=RESPONSE
[   29.710000] api_signal: id=sig-0359 timestamp=2026-06-08T23:10:29.710 status=RESPONSE
[   29.762000] api_signal: id=sig-0374 timestamp=2026-06-08T23:10:29.762 status=REQUEST
[   29.798000] api_signal: id=sig-0195 timestamp=2026-06-08T23:10:29.798 status=RESPONSE
[   29.822000] api_signal: id=sig-0304 timestamp=2026-06-08T23:10:29.822 status=REQUEST
[   29.969000] api_signal: id=sig-0435 timestamp=2026-06-08T23:10:29.969 status=RESPONSE
[   29.980000] api_signal: id=sig-0385 timestamp=2026-06-08T23:10:29.980 status=REQUEST
[   30.016000] api_signal: id=sig-0134 timestamp=2026-06-08T23:10:30.016 status=REQUEST
[   30.047000] api_signal: id=sig-0483 timestamp=2026-06-08T23:10:30.047 status=RESPONSE
[   30.077000] api_signal: id=sig-0068 timestamp=2026-06-08T23:10:30.077 status=RESPONSE
[   30.097000] api_signal: id=sig-0136 timestamp=2026-06-08T23:10:30.097 status=ERROR
[   30.147000] api_signal: id=sig-0143 timestamp=2026-06-08T23:10:30.147 status=REQUEST
[   30.197000] api_signal: id=sig-0385 timestamp=2026-06-08T23:10:30.197 status=RESPONSE
[   30.302000] api_signal: id=sig-0217 timestamp=2026-06-08T23:10:30.302 status=REQUEST
[   30.501000] api_signal: id=sig-0448 timestamp=2026-06-08T23:10:30.501 status=RESPONSE
[   30.599000] api_signal: id=sig-0023 timestamp=2026-06-08T23:10:30.599 status=TIMEOUT
[   30.676000] api_signal: id=sig-0027 timestamp=2026-06-08T23:10:30.676 status=REQUEST
[   30.754000] api_signal: id=sig-0383 timestamp=2026-06-08T23:10:30.754 status=ERROR
[   30.825000] api_signal: id=sig-0187 timestamp=2026-06-08T23:10:30.825 status=REQUEST
[   30.859000] api_signal: id=sig-0013 timestamp=2026-06-08T23:10:30.859 status=RESPONSE
[   30.922000] api_signal: id=sig-0018 timestamp=2026-06-08T23:10:30.922 status=RESPONSE
[   31.085000] api_signal: id=sig-0067 timestamp=2026-06-08T23:10:31.085 status=RESPONSE
[   31.204000] api_signal: id=sig-0176 timestamp=2026-06-08T23:10:31.204 status=REQUEST
[   31.258000] api_signal: id=sig-0134 timestamp=2026-06-08T23:10:31.258 status=RESPONSE
[   31.340000] api_signal: id=sig-0143 timestamp=2026-06-08T23:10:31.340 status=RESPONSE
[   31.444000] api_signal: id=sig-0397 timestamp=2026-06-08T23:10:31.444 status=REQUEST
[   31.684000] api_signal: id=sig-0027 timestamp=2026-06-08T23:10:31.684 status=RESPONSE
[   31.720000] api_signal: id=sig-0279 timestamp=2026-06-08T23:10:31.720 status=REQUEST
[   31.855000] api_signal: id=sig-0345 timestamp=2026-06-08T23:10:31.855 status=REQUEST
[   31.975000] api_signal: id=sig-0397 timestamp=2026-06-08T23:10:31.975 status=RESPONSE
[   32.066000] api_signal: id=sig-0173 timestamp=2026-06-08T23:10:32.066 status=REQUEST
[   32.098000] api_signal: id=sig-0345 timestamp=2026-06-08T23:10:32.098 status=RESPONSE
[   32.121000] api_signal: id=sig-0153 timestamp=2026-06-08T23:10:32.121 status=RESPONSE
[   32.128000] api_signal: id=sig-0339 timestamp=2026-06-08T23:10:32.128 status=REQUEST
[   32.132000] api_signal: id=sig-0176 timestamp=2026-06-08T23:10:32.132 status=RESPONSE
[   32.250000] api_signal: id=sig-0184 timestamp=2026-06-08T23:10:32.250 status=REQUEST
[   32.321000] api_signal: id=sig-0314 timestamp=2026-06-08T23:10:32.321 status=REQUEST
[   32.339000] api_signal: id=sig-0463 timestamp=2026-06-08T23:10:32.339 status=REQUEST
[   32.418000] api_signal: id=sig-0194 timestamp=2026-06-08T23:10:32.418 status=REQUEST
[   32.470000] api_signal: id=sig-0374 timestamp=2026-06-08T23:10:32.470 status=RESPONSE
[   32.552000] api_signal: id=sig-0190 timestamp=2026-06-08T23:10:32.552 status=REQUEST
[   32.659000] api_signal: id=sig-0352 timestamp=2026-06-08T23:10:32.659 status=RESPONSE
[   32.724000] api_signal: id=sig-0372 timestamp=2026-06-08T23:10:32.724 status=REQUEST
[   32.738000] api_signal: id=sig-0272 timestamp=2026-06-08T23:10:32.738 status=REQUEST
[   32.740000] api_signal: id=sig-0365 timestamp=2026-06-08T23:10:32.740 status=REQUEST
[   32.828000] api_signal: id=sig-0146 timestamp=2026-06-08T23:10:32.828 status=REQUEST
[   32.874000] api_signal: id=sig-0304 timestamp=2026-06-08T23:10:32.874 status=RESPONSE
[   33.090000] api_signal: id=sig-0187 timestamp=2026-06-08T23:10:33.090 status=RESPONSE
[   33.122000] api_signal: id=sig-0339 timestamp=2026-06-08T23:10:33.122 status=RESPONSE
[   33.156000] api_signal: id=sig-0369 timestamp=2026-06-08T23:10:33.156 status=TIMEOUT
[   33.334000] api_signal: id=sig-0416 timestamp=2026-06-08T23:10:33.334 status=REQUEST
[   33.398000] api_signal: id=sig-0184 timestamp=2026-06-08T23:10:33.398 status=RESPONSE
[   33.419000] api_signal: id=sig-0307 timestamp=2026-06-08T23:10:33.419 status=REQUEST
[   33.433000] api_signal: id=sig-0077 timestamp=2026-06-08T23:10:33.433 status=REQUEST
[   33.483000] api_signal: id=sig-0173 timestamp=2026-06-08T23:10:33.483 status=RESPONSE
[   33.512000] api_signal: id=sig-0372 timestamp=2026-06-08T23:10:33.512 status=RESPONSE
[   33.542000] api_signal: id=sig-0217 timestamp=2026-06-08T23:10:33.542 status=RESPONSE
[   33.559000] api_signal: id=sig-0024 timestamp=2026-06-08T23:10:33.559 status=REQUEST
[   33.631000] api_signal: id=sig-0171 timestamp=2026-06-08T23:10:33.631 status=REQUEST
[   33.668000] api_signal: id=sig-0219 timestamp=2026-06-08T23:10:33.668 status=REQUEST
[   33.701000] api_signal: id=sig-0423 timestamp=2026-06-08T23:10:33.701 status=REQUEST
[   34.141000] api_signal: id=sig-0365 timestamp=2026-06-08T23:10:34.141 status=RESPONSE
[   34.381000] api_signal: id=sig-0279 timestamp=2026-06-08T23:10:34.381 status=RESPONSE
[   34.429000] api_signal: id=sig-0463 timestamp=2026-06-08T23:10:34.429 status=RESPONSE
[   34.541000] api_signal: id=sig-0039 timestamp=2026-06-08T23:10:34.541 status=REQUEST
[   34.598000] api_signal: id=sig-0272 timestamp=2026-06-08T23:10:34.598 status=RESPONSE
[   34.609000] api_signal: id=sig-0196 timestamp=2026-06-08T23:10:34.609 status=REQUEST
[   34.703000] api_signal: id=sig-0146 timestamp=2026-06-08T23:10:34.703 status=RESPONSE
[   34.709000] api_signal: id=sig-0031 timestamp=2026-06-08T23:10:34.709 status=REQUEST
[   34.819000] api_signal: id=sig-0386 timestamp=2026-06-08T23:10:34.819 status=REQUEST
[   35.120000] api_signal: id=sig-0171 timestamp=2026-06-08T23:10:35.120 status=RESPONSE
[   35.328000] api_signal: id=sig-0449 timestamp=2026-06-08T23:10:35.328 status=REQUEST
[   35.390000] api_signal: id=sig-0426 timestamp=2026-06-08T23:10:35.390 status=REQUEST
[   35.620000] api_signal: id=sig-0290 timestamp=2026-06-08T23:10:35.620 status=REQUEST
[   35.638000] api_signal: id=sig-0117 timestamp=2026-06-08T23:10:35.638 status=REQUEST
[   35.657000] api_signal: id=sig-0434 timestamp=2026-06-08T23:10:35.657 status=REQUEST
[   35.689000] api_signal: id=sig-0423 timestamp=2026-06-08T23:10:35.689 status=RESPONSE
[   35.705000] api_signal: id=sig-0314 timestamp=2026-06-08T23:10:35.705 status=RESPONSE
[   35.741000] api_signal: id=sig-0416 timestamp=2026-06-08T23:10:35.741 status=RESPONSE
[   35.745000] api_signal: id=sig-0113 timestamp=2026-06-08T23:10:35.745 status=REQUEST
[   35.754000] api_signal: id=sig-0031 timestamp=2026-06-08T23:10:35.754 status=RESPONSE
[   35.795000] api_signal: id=sig-0326 timestamp=2026-06-08T23:10:35.795 status=REQUEST
[   35.838000] api_signal: id=sig-0190 timestamp=2026-06-08T23:10:35.838 status=RESPONSE
[   35.873000] api_signal: id=sig-0194 timestamp=2026-06-08T23:10:35.873 status=RESPONSE
[   35.983000] api_signal: id=sig-0379 timestamp=2026-06-08T23:10:35.983 status=REQUEST
[   36.045000] api_signal: id=sig-0219 timestamp=2026-06-08T23:10:36.045 status=RESPONSE
[   36.154000] api_signal: id=sig-0394 timestamp=2026-06-08T23:10:36.154 status=REQUEST
[   36.155000] api_signal: id=sig-0030 timestamp=2026-06-08T23:10:36.155 status=REQUEST
[   36.250000] api_signal: id=sig-0077 timestamp=2026-06-08T23:10:36.250 status=RESPONSE
[   36.256000] api_signal: id=sig-0039 timestamp=2026-06-08T23:10:36.256 status=RESPONSE
[   36.271000] api_signal: id=sig-0196 timestamp=2026-06-08T23:10:36.271 status=RESPONSE
[   36.337000] api_signal: id=sig-0379 timestamp=2026-06-08T23:10:36.337 status=RESPONSE
[   36.360000] api_signal: id=sig-0024 timestamp=2026-06-08T23:10:36.360 status=RESPONSE
[   36.369000] api_signal: id=sig-0394 timestamp=2026-06-08T23:10:36.369 status=RESPONSE
[   36.449000] api_signal: id=sig-0297 timestamp=2026-06-08T23:10:36.449 status=REQUEST
[   36.498000] api_signal: id=sig-0113 timestamp=2026-06-08T23:10:36.498 status=RESPONSE
[   36.518000] api_signal: id=sig-0247 timestamp=2026-06-08T23:10:36.518 status=REQUEST
[   36.686000] api_signal: id=sig-0163 timestamp=2026-06-08T23:10:36.686 status=REQUEST
[   36.732000] api_signal: id=sig-0307 timestamp=2026-06-08T23:10:36.732 status=RESPONSE
[   36.771000] api_signal: id=sig-0163 timestamp=2026-06-08T23:10:36.771 status=RESPONSE
[   37.054000] api_signal: id=sig-0180 timestamp=2026-06-08T23:10:37.054 status=REQUEST
[   37.247000] api_signal: id=sig-0386 timestamp=2026-06-08T23:10:37.247 status=RESPONSE
[   37.343000] api_signal: id=sig-0030 timestamp=2026-06-08T23:10:37.343 status=RESPONSE
[   37.392000] api_signal: id=sig-0054 timestamp=2026-06-08T23:10:37.392 status=REQUEST
[   37.396000] api_signal: id=sig-0180 timestamp=2026-06-08T23:10:37.396 status=RESPONSE
[   37.495000] api_signal: id=sig-0008 timestamp=2026-06-08T23:10:37.495 status=REQUEST
[   37.622000] api_signal: id=sig-0142 timestamp=2026-06-08T23:10:37.622 status=REQUEST
[   37.633000] api_signal: id=sig-0289 timestamp=2026-06-08T23:10:37.633 status=REQUEST
[   37.718000] api_signal: id=sig-0327 timestamp=2026-06-08T23:10:37.718 status=REQUEST
[   37.767000] api_signal: id=sig-0247 timestamp=2026-06-08T23:10:37.767 status=ERROR
[   37.772000] api_signal: id=sig-0434 timestamp=2026-06-08T23:10:37.772 status=RESPONSE
[   37.885000] api_signal: id=sig-0281 timestamp=2026-06-08T23:10:37.885 status=REQUEST
[   37.953000] api_signal: id=sig-0297 timestamp=2026-06-08T23:10:37.953 status=RESPONSE
[   37.960000] api_signal: id=sig-0449 timestamp=2026-06-08T23:10:37.960 status=RESPONSE
[   37.986000] api_signal: id=sig-0281 timestamp=2026-06-08T23:10:37.986 status=RESPONSE
[   38.039000] api_signal: id=sig-0141 timestamp=2026-06-08T23:10:38.039 status=REQUEST
[   38.108000] api_signal: id=sig-0363 timestamp=2026-06-08T23:10:38.108 status=REQUEST
[   38.307000] api_signal: id=sig-0326 timestamp=2026-06-08T23:10:38.307 status=RESPONSE
[   38.403000] api_signal: id=sig-0289 timestamp=2026-06-08T23:10:38.403 status=ERROR
[   38.447000] api_signal: id=sig-0168 timestamp=2026-06-08T23:10:38.447 status=REQUEST
[   38.475000] api_signal: id=sig-0427 timestamp=2026-06-08T23:10:38.475 status=REQUEST
[   38.495000] api_signal: id=sig-0474 timestamp=2026-06-08T23:10:38.495 status=REQUEST
[   38.627000] api_signal: id=sig-0426 timestamp=2026-06-08T23:10:38.627 status=RESPONSE
[   38.656000] api_signal: id=sig-0269 timestamp=2026-06-08T23:10:38.656 status=REQUEST
[   38.667000] api_signal: id=sig-0327 timestamp=2026-06-08T23:10:38.667 status=RESPONSE
[   38.839000] api_signal: id=sig-0290 timestamp=2026-06-08T23:10:38.839 status=RESPONSE
[   38.877000] api_signal: id=sig-0117 timestamp=2026-06-08T23:10:38.877 status=RESPONSE
[   38.883000] api_signal: id=sig-0363 timestamp=2026-06-08T23:10:38.883 status=RESPONSE
[   39.014000] api_signal: id=sig-0008 timestamp=2026-06-08T23:10:39.014 status=RESPONSE
[   39.308000] api_signal: id=sig-0051 timestamp=2026-06-08T23:10:39.308 status=REQUEST
[   39.333000] api_signal: id=sig-0034 timestamp=2026-06-08T23:10:39.333 status=REQUEST
[   39.452000] api_signal: id=sig-0474 timestamp=2026-06-08T23:10:39.452 status=RESPONSE
[   39.525000] api_signal: id=sig-0003 timestamp=2026-06-08T23:10:39.525 status=REQUEST
[   39.617000] api_signal: id=sig-0232 timestamp=2026-06-08T23:10:39.617 status=REQUEST
[   39.898000] api_signal: id=sig-0034 timestamp=2026-06-08T23:10:39.898 status=RESPONSE
[   40.137000] api_signal: id=sig-0497 timestamp=2026-06-08T23:10:40.137 status=REQUEST
[   40.317000] api_signal: id=sig-0104 timestamp=2026-06-08T23:10:40.317 status=REQUEST
[   40.376000] api_signal: id=sig-0104 timestamp=2026-06-08T23:10:40.376 status=RESPONSE
[   40.507000] api_signal: id=sig-0497 timestamp=2026-06-08T23:10:40.507 status=ERROR
[   40.508000] api_signal: id=sig-0499 timestamp=2026-06-08T23:10:40.508 status=REQUEST
[   40.557000] api_signal: id=sig-0141 timestamp=2026-06-08T23:10:40.557 status=RESPONSE
[   40.574000] api_signal: id=sig-0157 timestamp=2026-06-08T23:10:40.574 status=REQUEST
[   40.807000] api_signal: id=sig-0142 timestamp=2026-06-08T23:10:40.807 status=RESPONSE
[   40.833000] api_signal: id=sig-0157 timestamp=2026-06-08T23:10:40.833 status=RESPONSE
[   40.847000] api_signal: id=sig-0269 timestamp=2026-06-08T23:10:40.847 status=RESPONSE
[   40.853000] api_signal: id=sig-0340 timestamp=2026-06-08T23:10:40.853 status=REQUEST
[   40.933000] api_signal: id=sig-0356 timestamp=2026-06-08T23:10:40.933 status=REQUEST
[   41.012000] api_signal: id=sig-0051 timestamp=2026-06-08T23:10:41.012 status=RESPONSE
[   41.049000] api_signal: id=sig-0431 timestamp=2026-06-08T23:10:41.049 status=REQUEST
[   41.092000] api_signal: id=sig-0431 timestamp=2026-06-08T23:10:41.092 status=RESPONSE
[   41.170000] api_signal: id=sig-0490 timestamp=2026-06-08T23:10:41.170 status=REQUEST
[   41.271000] api_signal: id=sig-0124 timestamp=2026-06-08T23:10:41.271 status=REQUEST
[   41.272000] api_signal: id=sig-0140 timestamp=2026-06-08T23:10:41.272 status=REQUEST
[   41.559000] api_signal: id=sig-0340 timestamp=2026-06-08T23:10:41.559 status=RESPONSE
[   41.576000] api_signal: id=sig-0223 timestamp=2026-06-08T23:10:41.576 status=REQUEST
[   41.611000] api_signal: id=sig-0356 timestamp=2026-06-08T23:10:41.611 status=RESPONSE
[   41.657000] api_signal: id=sig-0427 timestamp=2026-06-08T23:10:41.657 status=RESPONSE
[   41.729000] api_signal: id=sig-0467 timestamp=2026-06-08T23:10:41.729 status=REQUEST
[   41.779000] api_signal: id=sig-0402 timestamp=2026-06-08T23:10:41.779 status=REQUEST
[   41.786000] api_signal: id=sig-0490 timestamp=2026-06-08T23:10:41.786 status=RESPONSE
[   41.836000] api_signal: id=sig-0252 timestamp=2026-06-08T23:10:41.836 status=REQUEST
[   41.840000] api_signal: id=sig-0467 timestamp=2026-06-08T23:10:41.840 status=RESPONSE
[   41.930000] api_signal: id=sig-0130 timestamp=2026-06-08T23:10:41.930 status=REQUEST
[   42.078000] api_signal: id=sig-0321 timestamp=2026-06-08T23:10:42.078 status=REQUEST
[   42.083000] api_signal: id=sig-0232 timestamp=2026-06-08T23:10:42.083 status=RESPONSE
[   42.128000] api_signal: id=sig-0054 timestamp=2026-06-08T23:10:42.128 status=TIMEOUT
[   42.296000] api_signal: id=sig-0003 timestamp=2026-06-08T23:10:42.296 status=RESPONSE
[   42.356000] api_signal: id=sig-0433 timestamp=2026-06-08T23:10:42.356 status=REQUEST
[   42.362000] api_signal: id=sig-0241 timestamp=2026-06-08T23:10:42.362 status=REQUEST
[   42.524000] api_signal: id=sig-0315 timestamp=2026-06-08T23:10:42.524 status=REQUEST
[   42.554000] api_signal: id=sig-0130 timestamp=2026-06-08T23:10:42.554 status=RESPONSE
[   42.561000] api_signal: id=sig-0433 timestamp=2026-06-08T23:10:42.561 status=RESPONSE
[   42.588000] api_signal: id=sig-0156 timestamp=2026-06-08T23:10:42.588 status=REQUEST
[   42.633000] api_signal: id=sig-0168 timestamp=2026-06-08T23:10:42.633 status=TIMEOUT
[   42.935000] api_signal: id=sig-0233 timestamp=2026-06-08T23:10:42.935 status=REQUEST
[   43.074000] api_signal: id=sig-0156 timestamp=2026-06-08T23:10:43.074 status=RESPONSE
[   43.082000] api_signal: id=sig-0252 timestamp=2026-06-08T23:10:43.082 status=RESPONSE
[   43.140000] api_signal: id=sig-0321 timestamp=2026-06-08T23:10:43.140 status=RESPONSE
[   43.184000] api_signal: id=sig-0402 timestamp=2026-06-08T23:10:43.184 status=RESPONSE
[   43.335000] api_signal: id=sig-0223 timestamp=2026-06-08T23:10:43.335 status=ERROR
[   43.339000] api_signal: id=sig-0480 timestamp=2026-06-08T23:10:43.339 status=REQUEST
[   43.605000] api_signal: id=sig-0366 timestamp=2026-06-08T23:10:43.605 status=REQUEST
[   43.733000] api_signal: id=sig-0319 timestamp=2026-06-08T23:10:43.733 status=REQUEST
[   43.806000] api_signal: id=sig-0124 timestamp=2026-06-08T23:10:43.806 status=RESPONSE
[   43.959000] api_signal: id=sig-0499 timestamp=2026-06-08T23:10:43.959 status=RESPONSE
[   43.971000] api_signal: id=sig-0349 timestamp=2026-06-08T23:10:43.971 status=REQUEST
[   44.067000] api_signal: id=sig-0241 timestamp=2026-06-08T23:10:44.067 status=RESPONSE
[   44.124000] api_signal: id=sig-0387 timestamp=2026-06-08T23:10:44.124 status=REQUEST
[   44.141000] api_signal: id=sig-0106 timestamp=2026-06-08T23:10:44.141 status=REQUEST
[   44.230000] api_signal: id=sig-0387 timestamp=2026-06-08T23:10:44.230 status=RESPONSE
[   44.263000] api_signal: id=sig-0159 timestamp=2026-06-08T23:10:44.263 status=REQUEST
[   44.349000] api_signal: id=sig-0094 timestamp=2026-06-08T23:10:44.349 status=REQUEST
[   44.370000] api_signal: id=sig-0254 timestamp=2026-06-08T23:10:44.370 status=REQUEST
[   44.381000] api_signal: id=sig-0480 timestamp=2026-06-08T23:10:44.381 status=RESPONSE
[   44.495000] api_signal: id=sig-0234 timestamp=2026-06-08T23:10:44.495 status=REQUEST
[   44.496000] api_signal: id=sig-0041 timestamp=2026-06-08T23:10:44.496 status=REQUEST
[   44.558000] api_signal: id=sig-0378 timestamp=2026-06-08T23:10:44.558 status=REQUEST
[   44.607000] api_signal: id=sig-0160 timestamp=2026-06-08T23:10:44.607 status=REQUEST
[   44.731000] api_signal: id=sig-0041 timestamp=2026-06-08T23:10:44.731 status=RESPONSE
[   44.772000] api_signal: id=sig-0254 timestamp=2026-06-08T23:10:44.772 status=ERROR
[   44.940000] api_signal: id=sig-0311 timestamp=2026-06-08T23:10:44.940 status=REQUEST
[   44.956000] api_signal: id=sig-0362 timestamp=2026-06-08T23:10:44.956 status=REQUEST
[   44.959000] api_signal: id=sig-0319 timestamp=2026-06-08T23:10:44.959 status=RESPONSE
[   44.990000] api_signal: id=sig-0430 timestamp=2026-06-08T23:10:44.990 status=REQUEST
[   45.013000] api_signal: id=sig-0432 timestamp=2026-06-08T23:10:45.013 status=REQUEST
[   45.050000] api_signal: id=sig-0283 timestamp=2026-06-08T23:10:45.050 status=REQUEST
[   45.144000] api_signal: id=sig-0354 timestamp=2026-06-08T23:10:45.144 status=REQUEST
[   45.189000] api_signal: id=sig-0160 timestamp=2026-06-08T23:10:45.189 status=RESPONSE
[   45.276000] api_signal: id=sig-0424 timestamp=2026-06-08T23:10:45.276 status=REQUEST
[   45.338000] api_signal: id=sig-0011 timestamp=2026-06-08T23:10:45.338 status=REQUEST
[   45.368000] api_signal: id=sig-0268 timestamp=2026-06-08T23:10:45.368 status=REQUEST
[   45.396000] api_signal: id=sig-0218 timestamp=2026-06-08T23:10:45.396 status=REQUEST
[   45.417000] api_signal: id=sig-0302 timestamp=2026-06-08T23:10:45.417 status=REQUEST
[   45.477000] api_signal: id=sig-0106 timestamp=2026-06-08T23:10:45.477 status=RESPONSE
[   45.477000] api_signal: id=sig-0399 timestamp=2026-06-08T23:10:45.477 status=REQUEST
[   45.568000] api_signal: id=sig-0218 timestamp=2026-06-08T23:10:45.568 status=RESPONSE
[   45.667000] api_signal: id=sig-0378 timestamp=2026-06-08T23:10:45.667 status=RESPONSE
[   45.793000] api_signal: id=sig-0071 timestamp=2026-06-08T23:10:45.793 status=REQUEST
[   45.819000] api_signal: id=sig-0349 timestamp=2026-06-08T23:10:45.819 status=RESPONSE
[   45.858000] api_signal: id=sig-0366 timestamp=2026-06-08T23:10:45.858 status=RESPONSE
[   45.893000] api_signal: id=sig-0084 timestamp=2026-06-08T23:10:45.893 status=REQUEST
[   45.906000] api_signal: id=sig-0011 timestamp=2026-06-08T23:10:45.906 status=RESPONSE
[   45.919000] api_signal: id=sig-0354 timestamp=2026-06-08T23:10:45.919 status=ERROR
[   45.942000] api_signal: id=sig-0484 timestamp=2026-06-08T23:10:45.942 status=REQUEST
[   46.171000] api_signal: id=sig-0302 timestamp=2026-06-08T23:10:46.171 status=RESPONSE
[   46.184000] api_signal: id=sig-0201 timestamp=2026-06-08T23:10:46.184 status=REQUEST
[   46.219000] api_signal: id=sig-0444 timestamp=2026-06-08T23:10:46.219 status=REQUEST
[   46.255000] api_signal: id=sig-0242 timestamp=2026-06-08T23:10:46.255 status=REQUEST
[   46.357000] api_signal: id=sig-0233 timestamp=2026-06-08T23:10:46.357 status=RESPONSE
[   46.531000] api_signal: id=sig-0084 timestamp=2026-06-08T23:10:46.531 status=RESPONSE
[   46.693000] api_signal: id=sig-0444 timestamp=2026-06-08T23:10:46.693 status=RESPONSE
[   46.729000] api_signal: id=sig-0009 timestamp=2026-06-08T23:10:46.729 status=REQUEST
[   46.754000] api_signal: id=sig-0278 timestamp=2026-06-08T23:10:46.754 status=REQUEST
[   46.761000] api_signal: id=sig-0071 timestamp=2026-06-08T23:10:46.761 status=RESPONSE
[   46.785000] api_signal: id=sig-0234 timestamp=2026-06-08T23:10:46.785 status=RESPONSE
[   46.835000] api_signal: id=sig-0320 timestamp=2026-06-08T23:10:46.835 status=REQUEST
[   46.889000] api_signal: id=sig-0159 timestamp=2026-06-08T23:10:46.889 status=RESPONSE
[   46.987000] api_signal: id=sig-0255 timestamp=2026-06-08T23:10:46.987 status=REQUEST
[   47.124000] api_signal: id=sig-0310 timestamp=2026-06-08T23:10:47.124 status=REQUEST
[   47.132000] api_signal: id=sig-0242 timestamp=2026-06-08T23:10:47.132 status=RESPONSE
[   47.172000] api_signal: id=sig-0399 timestamp=2026-06-08T23:10:47.172 status=RESPONSE
[   47.186000] api_signal: id=sig-0315 timestamp=2026-06-08T23:10:47.186 status=TIMEOUT
[   47.231000] api_signal: id=sig-0268 timestamp=2026-06-08T23:10:47.231 status=RESPONSE
[   47.297000] api_signal: id=sig-0197 timestamp=2026-06-08T23:10:47.297 status=REQUEST
[   47.315000] api_signal: id=sig-0201 timestamp=2026-06-08T23:10:47.315 status=RESPONSE
[   47.378000] api_signal: id=sig-0016 timestamp=2026-06-08T23:10:47.378 status=REQUEST
[   47.434000] api_signal: id=sig-0009 timestamp=2026-06-08T23:10:47.434 status=RESPONSE
[   47.538000] api_signal: id=sig-0320 timestamp=2026-06-08T23:10:47.538 status=ERROR
[   47.600000] api_signal: id=sig-0432 timestamp=2026-06-08T23:10:47.600 status=RESPONSE
[   47.624000] api_signal: id=sig-0140 timestamp=2026-06-08T23:10:47.624 status=TIMEOUT
[   47.776000] api_signal: id=sig-0181 timestamp=2026-06-08T23:10:47.776 status=REQUEST
[   47.851000] api_signal: id=sig-0185 timestamp=2026-06-08T23:10:47.851 status=REQUEST
[   47.966000] api_signal: id=sig-0291 timestamp=2026-06-08T23:10:47.966 status=REQUEST
[   47.981000] api_signal: id=sig-0283 timestamp=2026-06-08T23:10:47.981 status=RESPONSE
[   48.095000] api_signal: id=sig-0150 timestamp=2026-06-08T23:10:48.095 status=REQUEST
[   48.120000] api_signal: id=sig-0484 timestamp=2026-06-08T23:10:48.120 status=ERROR
[   48.186000] api_signal: id=sig-0362 timestamp=2026-06-08T23:10:48.186 status=RESPONSE
[   48.214000] api_signal: id=sig-0500 timestamp=2026-06-08T23:10:48.214 status=REQUEST
[   48.232000] api_signal: id=sig-0311 timestamp=2026-06-08T23:10:48.232 status=RESPONSE
[   48.349000] api_signal: id=sig-0430 timestamp=2026-06-08T23:10:48.349 status=RESPONSE
[   48.484000] api_signal: id=sig-0324 timestamp=2026-06-08T23:10:48.484 status=REQUEST
[   48.529000] api_signal: id=sig-0012 timestamp=2026-06-08T23:10:48.529 status=REQUEST
[   48.549000] api_signal: id=sig-0088 timestamp=2026-06-08T23:10:48.549 status=REQUEST
[   48.648000] api_signal: id=sig-0317 timestamp=2026-06-08T23:10:48.648 status=REQUEST
[   48.696000] api_signal: id=sig-0101 timestamp=2026-06-08T23:10:48.696 status=REQUEST
[   48.770000] api_signal: id=sig-0424 timestamp=2026-06-08T23:10:48.770 status=RESPONSE
[   48.796000] api_signal: id=sig-0442 timestamp=2026-06-08T23:10:48.796 status=REQUEST
[   48.916000] api_signal: id=sig-0317 timestamp=2026-06-08T23:10:48.916 status=RESPONSE
[   49.108000] api_signal: id=sig-0133 timestamp=2026-06-08T23:10:49.108 status=REQUEST
[   49.170000] api_signal: id=sig-0092 timestamp=2026-06-08T23:10:49.170 status=REQUEST
[   49.215000] api_signal: id=sig-0185 timestamp=2026-06-08T23:10:49.215 status=RESPONSE
[   49.330000] api_signal: id=sig-0133 timestamp=2026-06-08T23:10:49.330 status=RESPONSE
[   49.332000] api_signal: id=sig-0150 timestamp=2026-06-08T23:10:49.332 status=RESPONSE
[   49.368000] api_signal: id=sig-0197 timestamp=2026-06-08T23:10:49.368 status=RESPONSE
[   49.421000] api_signal: id=sig-0181 timestamp=2026-06-08T23:10:49.421 status=RESPONSE
[   49.493000] api_signal: id=sig-0192 timestamp=2026-06-08T23:10:49.493 status=REQUEST
[   49.511000] api_signal: id=sig-0200 timestamp=2026-06-08T23:10:49.511 status=REQUEST
[   49.518000] api_signal: id=sig-0441 timestamp=2026-06-08T23:10:49.518 status=REQUEST
[   49.605000] api_signal: id=sig-0016 timestamp=2026-06-08T23:10:49.605 status=RESPONSE
[   49.803000] api_signal: id=sig-0200 timestamp=2026-06-08T23:10:49.803 status=ERROR
[   49.866000] api_signal: id=sig-0278 timestamp=2026-06-08T23:10:49.866 status=RESPONSE
[   49.921000] api_signal: id=sig-0255 timestamp=2026-06-08T23:10:49.921 status=RESPONSE
[   49.931000] api_signal: id=sig-0464 timestamp=2026-06-08T23:10:49.931 status=REQUEST
[   49.949000] api_signal: id=sig-0294 timestamp=2026-06-08T23:10:49.949 status=REQUEST
[   49.972000] api_signal: id=sig-0291 timestamp=2026-06-08T23:10:49.972 status=RESPONSE
[   50.054000] api_signal: id=sig-0166 timestamp=2026-06-08T23:10:50.054 status=REQUEST
[   50.064000] api_signal: id=sig-0270 timestamp=2026-06-08T23:10:50.064 status=REQUEST
[   50.170000] api_signal: id=sig-0249 timestamp=2026-06-08T23:10:50.170 status=REQUEST
[   50.200000] api_signal: id=sig-0301 timestamp=2026-06-08T23:10:50.200 status=REQUEST
[   50.274000] api_signal: id=sig-0213 timestamp=2026-06-08T23:10:50.274 status=REQUEST
[   50.334000] api_signal: id=sig-0101 timestamp=2026-06-08T23:10:50.334 status=RESPONSE
[   50.353000] api_signal: id=sig-0214 timestamp=2026-06-08T23:10:50.353 status=REQUEST
[   50.584000] api_signal: id=sig-0012 timestamp=2026-06-08T23:10:50.584 status=RESPONSE
[   50.595000] api_signal: id=sig-0310 timestamp=2026-06-08T23:10:50.595 status=RESPONSE
[   50.728000] api_signal: id=sig-0360 timestamp=2026-06-08T23:10:50.728 status=REQUEST
[   50.779000] api_signal: id=sig-0337 timestamp=2026-06-08T23:10:50.779 status=REQUEST
[   50.797000] api_signal: id=sig-0128 timestamp=2026-06-08T23:10:50.797 status=REQUEST
[   50.837000] api_signal: id=sig-0060 timestamp=2026-06-08T23:10:50.837 status=REQUEST
[   50.869000] api_signal: id=sig-0192 timestamp=2026-06-08T23:10:50.869 status=RESPONSE
[   50.920000] api_signal: id=sig-0088 timestamp=2026-06-08T23:10:50.920 status=RESPONSE
[   50.967000] api_signal: id=sig-0441 timestamp=2026-06-08T23:10:50.967 status=RESPONSE
[   50.991000] api_signal: id=sig-0092 timestamp=2026-06-08T23:10:50.991 status=ERROR
[   51.010000] api_signal: id=sig-0495 timestamp=2026-06-08T23:10:51.010 status=REQUEST
[   51.023000] api_signal: id=sig-0442 timestamp=2026-06-08T23:10:51.023 status=RESPONSE
[   51.146000] api_signal: id=sig-0308 timestamp=2026-06-08T23:10:51.146 status=REQUEST
[   51.202000] api_signal: id=sig-0360 timestamp=2026-06-08T23:10:51.202 status=RESPONSE
[   51.220000] api_signal: id=sig-0420 timestamp=2026-06-08T23:10:51.220 status=REQUEST
[   51.299000] api_signal: id=sig-0128 timestamp=2026-06-08T23:10:51.299 status=RESPONSE
[   51.347000] api_signal: id=sig-0094 timestamp=2026-06-08T23:10:51.347 status=TIMEOUT
[   51.369000] api_signal: id=sig-0060 timestamp=2026-06-08T23:10:51.369 status=RESPONSE
[   51.385000] api_signal: id=sig-0166 timestamp=2026-06-08T23:10:51.385 status=RESPONSE
[   51.443000] api_signal: id=sig-0498 timestamp=2026-06-08T23:10:51.443 status=REQUEST
[   51.497000] api_signal: id=sig-0294 timestamp=2026-06-08T23:10:51.497 status=RESPONSE
[   51.543000] api_signal: id=sig-0324 timestamp=2026-06-08T23:10:51.543 status=RESPONSE
[   51.672000] api_signal: id=sig-0270 timestamp=2026-06-08T23:10:51.672 status=RESPONSE
[   51.843000] api_signal: id=sig-0059 timestamp=2026-06-08T23:10:51.843 status=REQUEST
[   51.894000] api_signal: id=sig-0230 timestamp=2026-06-08T23:10:51.894 status=REQUEST
[   51.996000] api_signal: id=sig-0464 timestamp=2026-06-08T23:10:51.996 status=RESPONSE
[   52.004000] api_signal: id=sig-0057 timestamp=2026-06-08T23:10:52.004 status=REQUEST
[   52.024000] api_signal: id=sig-0420 timestamp=2026-06-08T23:10:52.024 status=ERROR
[   52.113000] api_signal: id=sig-0010 timestamp=2026-06-08T23:10:52.113 status=REQUEST
[   52.138000] api_signal: id=sig-0021 timestamp=2026-06-08T23:10:52.138 status=REQUEST
[   52.279000] api_signal: id=sig-0303 timestamp=2026-06-08T23:10:52.279 status=REQUEST
[   52.315000] api_signal: id=sig-0496 timestamp=2026-06-08T23:10:52.315 status=REQUEST
[   52.370000] api_signal: id=sig-0059 timestamp=2026-06-08T23:10:52.370 status=RESPONSE
[   52.412000] api_signal: id=sig-0076 timestamp=2026-06-08T23:10:52.412 status=REQUEST
[   52.599000] api_signal: id=sig-0213 timestamp=2026-06-08T23:10:52.599 status=RESPONSE
[   52.726000] api_signal: id=sig-0308 timestamp=2026-06-08T23:10:52.726 status=RESPONSE
[   52.754000] api_signal: id=sig-0228 timestamp=2026-06-08T23:10:52.754 status=REQUEST
[   52.784000] api_signal: id=sig-0473 timestamp=2026-06-08T23:10:52.784 status=REQUEST
[   52.866000] api_signal: id=sig-0500 timestamp=2026-06-08T23:10:52.866 status=TIMEOUT
[   52.923000] api_signal: id=sig-0179 timestamp=2026-06-08T23:10:52.923 status=REQUEST
[   53.041000] api_signal: id=sig-0103 timestamp=2026-06-08T23:10:53.041 status=REQUEST
[   53.070000] api_signal: id=sig-0305 timestamp=2026-06-08T23:10:53.070 status=REQUEST
[   53.074000] api_signal: id=sig-0273 timestamp=2026-06-08T23:10:53.074 status=REQUEST
[   53.211000] api_signal: id=sig-0057 timestamp=2026-06-08T23:10:53.211 status=RESPONSE
[   53.233000] api_signal: id=sig-0301 timestamp=2026-06-08T23:10:53.233 status=RESPONSE
[   53.254000] api_signal: id=sig-0245 timestamp=2026-06-08T23:10:53.254 status=REQUEST
[   53.256000] api_signal: id=sig-0214 timestamp=2026-06-08T23:10:53.256 status=RESPONSE
[   53.295000] api_signal: id=sig-0498 timestamp=2026-06-08T23:10:53.295 status=ERROR
[   53.296000] api_signal: id=sig-0132 timestamp=2026-06-08T23:10:53.296 status=REQUEST
[   53.374000] api_signal: id=sig-0103 timestamp=2026-06-08T23:10:53.374 status=RESPONSE
[   53.377000] api_signal: id=sig-0408 timestamp=2026-06-08T23:10:53.377 status=REQUEST
[   53.379000] api_signal: id=sig-0287 timestamp=2026-06-08T23:10:53.379 status=REQUEST
[   53.384000] api_signal: id=sig-0076 timestamp=2026-06-08T23:10:53.384 status=RESPONSE
[   53.550000] api_signal: id=sig-0473 timestamp=2026-06-08T23:10:53.550 status=RESPONSE
[   53.611000] api_signal: id=sig-0249 timestamp=2026-06-08T23:10:53.611 status=RESPONSE
[   53.684000] api_signal: id=sig-0274 timestamp=2026-06-08T23:10:53.684 status=REQUEST
[   53.730000] api_signal: id=sig-0152 timestamp=2026-06-08T23:10:53.730 status=REQUEST
[   53.733000] api_signal: id=sig-0010 timestamp=2026-06-08T23:10:53.733 status=ERROR
[   53.830000] api_signal: id=sig-0021 timestamp=2026-06-08T23:10:53.830 status=RESPONSE
[   53.999000] api_signal: id=sig-0132 timestamp=2026-06-08T23:10:53.999 status=RESPONSE
[   54.021000] api_signal: id=sig-0139 timestamp=2026-06-08T23:10:54.021 status=REQUEST
[   54.051000] api_signal: id=sig-0348 timestamp=2026-06-08T23:10:54.051 status=REQUEST
[   54.072000] api_signal: id=sig-0305 timestamp=2026-06-08T23:10:54.072 status=RESPONSE
[   54.146000] api_signal: id=sig-0439 timestamp=2026-06-08T23:10:54.146 status=REQUEST
[   54.159000] api_signal: id=sig-0036 timestamp=2026-06-08T23:10:54.159 status=REQUEST
[   54.203000] api_signal: id=sig-0287 timestamp=2026-06-08T23:10:54.203 status=RESPONSE
[   54.308000] api_signal: id=sig-0285 timestamp=2026-06-08T23:10:54.308 status=REQUEST
[   54.372000] api_signal: id=sig-0228 timestamp=2026-06-08T23:10:54.372 status=ERROR
[   54.442000] api_signal: id=sig-0495 timestamp=2026-06-08T23:10:54.442 status=RESPONSE
[   54.468000] api_signal: id=sig-0112 timestamp=2026-06-08T23:10:54.468 status=REQUEST
[   54.530000] api_signal: id=sig-0162 timestamp=2026-06-08T23:10:54.530 status=REQUEST
[   54.547000] api_signal: id=sig-0025 timestamp=2026-06-08T23:10:54.547 status=REQUEST
[   54.639000] api_signal: id=sig-0112 timestamp=2026-06-08T23:10:54.639 status=RESPONSE
[   54.654000] api_signal: id=sig-0056 timestamp=2026-06-08T23:10:54.654 status=REQUEST
[   54.685000] api_signal: id=sig-0303 timestamp=2026-06-08T23:10:54.685 status=RESPONSE
[   54.695000] api_signal: id=sig-0036 timestamp=2026-06-08T23:10:54.695 status=RESPONSE
[   54.816000] api_signal: id=sig-0179 timestamp=2026-06-08T23:10:54.816 status=RESPONSE
[   54.853000] api_signal: id=sig-0396 timestamp=2026-06-08T23:10:54.853 status=REQUEST
[   54.964000] api_signal: id=sig-0408 timestamp=2026-06-08T23:10:54.964 status=RESPONSE
[   55.031000] api_signal: id=sig-0139 timestamp=2026-06-08T23:10:55.031 status=RESPONSE
[   55.138000] api_signal: id=sig-0295 timestamp=2026-06-08T23:10:55.138 status=REQUEST
[   55.666000] api_signal: id=sig-0285 timestamp=2026-06-08T23:10:55.666 status=RESPONSE
[   55.883000] api_signal: id=sig-0096 timestamp=2026-06-08T23:10:55.883 status=REQUEST
[   55.926000] api_signal: id=sig-0162 timestamp=2026-06-08T23:10:55.926 status=RESPONSE
[   56.072000] api_signal: id=sig-0271 timestamp=2026-06-08T23:10:56.072 status=REQUEST
[   56.250000] api_signal: id=sig-0396 timestamp=2026-06-08T23:10:56.250 status=RESPONSE
[   56.294000] api_signal: id=sig-0273 timestamp=2026-06-08T23:10:56.294 status=RESPONSE
[   56.319000] api_signal: id=sig-0469 timestamp=2026-06-08T23:10:56.319 status=REQUEST
[   56.361000] api_signal: id=sig-0245 timestamp=2026-06-08T23:10:56.361 status=RESPONSE
[   56.390000] api_signal: id=sig-0337 timestamp=2026-06-08T23:10:56.390 status=TIMEOUT
[   56.530000] api_signal: id=sig-0152 timestamp=2026-06-08T23:10:56.530 status=RESPONSE
[   56.563000] api_signal: id=sig-0271 timestamp=2026-06-08T23:10:56.563 status=RESPONSE
[   56.591000] api_signal: id=sig-0025 timestamp=2026-06-08T23:10:56.591 status=ERROR
[   56.718000] api_signal: id=sig-0237 timestamp=2026-06-08T23:10:56.718 status=REQUEST
[   56.789000] api_signal: id=sig-0230 timestamp=2026-06-08T23:10:56.789 status=TIMEOUT
[   56.791000] api_signal: id=sig-0096 timestamp=2026-06-08T23:10:56.791 status=RESPONSE
[   56.836000] api_signal: id=sig-0496 timestamp=2026-06-08T23:10:56.836 status=TIMEOUT
[   57.044000] api_signal: id=sig-0295 timestamp=2026-06-08T23:10:57.044 status=RESPONSE
[   57.049000] api_signal: id=sig-0237 timestamp=2026-06-08T23:10:57.049 status=RESPONSE
[   57.125000] api_signal: id=sig-0212 timestamp=2026-06-08T23:10:57.125 status=REQUEST
[   57.181000] api_signal: id=sig-0212 timestamp=2026-06-08T23:10:57.181 status=RESPONSE
[   57.254000] api_signal: id=sig-0056 timestamp=2026-06-08T23:10:57.254 status=RESPONSE
[   57.283000] api_signal: id=sig-0439 timestamp=2026-06-08T23:10:57.283 status=RESPONSE
[   57.375000] api_signal: id=sig-0376 timestamp=2026-06-08T23:10:57.375 status=REQUEST
[   57.395000] api_signal: id=sig-0125 timestamp=2026-06-08T23:10:57.395 status=REQUEST
[   57.435000] api_signal: id=sig-0073 timestamp=2026-06-08T23:10:57.435 status=REQUEST
[   57.565000] api_signal: id=sig-0348 timestamp=2026-06-08T23:10:57.565 status=TIMEOUT
[   57.569000] api_signal: id=sig-0395 timestamp=2026-06-08T23:10:57.569 status=REQUEST
[   57.610000] api_signal: id=sig-0437 timestamp=2026-06-08T23:10:57.610 status=REQUEST
[   57.737000] api_signal: id=sig-0073 timestamp=2026-06-08T23:10:57.737 status=RESPONSE
[   57.741000] api_signal: id=sig-0186 timestamp=2026-06-08T23:10:57.741 status=REQUEST
[   57.783000] api_signal: id=sig-0390 timestamp=2026-06-08T23:10:57.783 status=REQUEST
[   57.800000] api_signal: id=sig-0238 timestamp=2026-06-08T23:10:57.800 status=REQUEST
[   57.874000] api_signal: id=sig-0046 timestamp=2026-06-08T23:10:57.874 status=REQUEST
[   58.041000] api_signal: id=sig-0061 timestamp=2026-06-08T23:10:58.041 status=REQUEST
[   58.088000] api_signal: id=sig-0437 timestamp=2026-06-08T23:10:58.088 status=ERROR
[   58.113000] api_signal: id=sig-0455 timestamp=2026-06-08T23:10:58.113 status=REQUEST
[   58.153000] api_signal: id=sig-0035 timestamp=2026-06-08T23:10:58.153 status=REQUEST
[   58.167000] api_signal: id=sig-0099 timestamp=2026-06-08T23:10:58.167 status=REQUEST
[   58.168000] api_signal: id=sig-0419 timestamp=2026-06-08T23:10:58.168 status=REQUEST
[   58.267000] api_signal: id=sig-0246 timestamp=2026-06-08T23:10:58.267 status=REQUEST
[   58.287000] api_signal: id=sig-0475 timestamp=2026-06-08T23:10:58.287 status=REQUEST
[   58.309000] api_signal: id=sig-0097 timestamp=2026-06-08T23:10:58.309 status=REQUEST
[   58.363000] api_signal: id=sig-0095 timestamp=2026-06-08T23:10:58.363 status=REQUEST
[   58.376000] api_signal: id=sig-0298 timestamp=2026-06-08T23:10:58.376 status=REQUEST
[   58.461000] api_signal: id=sig-0091 timestamp=2026-06-08T23:10:58.461 status=REQUEST
[   58.479000] api_signal: id=sig-0191 timestamp=2026-06-08T23:10:58.479 status=REQUEST
[   58.481000] api_signal: id=sig-0035 timestamp=2026-06-08T23:10:58.481 status=RESPONSE
[   58.569000] api_signal: id=sig-0493 timestamp=2026-06-08T23:10:58.569 status=REQUEST
[   58.584000] api_signal: id=sig-0485 timestamp=2026-06-08T23:10:58.584 status=REQUEST
[   58.603000] api_signal: id=sig-0454 timestamp=2026-06-08T23:10:58.603 status=REQUEST
[   58.649000] api_signal: id=sig-0186 timestamp=2026-06-08T23:10:58.649 status=RESPONSE
[   58.719000] api_signal: id=sig-0390 timestamp=2026-06-08T23:10:58.719 status=RESPONSE
[   58.878000] api_signal: id=sig-0129 timestamp=2026-06-08T23:10:58.878 status=REQUEST
[   58.899000] api_signal: id=sig-0061 timestamp=2026-06-08T23:10:58.899 status=RESPONSE
[   59.007000] api_signal: id=sig-0469 timestamp=2026-06-08T23:10:59.007 status=RESPONSE
[   59.150000] api_signal: id=sig-0466 timestamp=2026-06-08T23:10:59.150 status=REQUEST
[   59.184000] api_signal: id=sig-0376 timestamp=2026-06-08T23:10:59.184 status=RESPONSE
[   59.201000] api_signal: id=sig-0048 timestamp=2026-06-08T23:10:59.201 status=REQUEST
[   59.256000] api_signal: id=sig-0485 timestamp=2026-06-08T23:10:59.256 status=RESPONSE
[   59.682000] api_signal: id=sig-0395 timestamp=2026-06-08T23:10:59.682 status=RESPONSE
[   59.697000] api_signal: id=sig-0063 timestamp=2026-06-08T23:10:59.697 status=REQUEST
[   59.754000] api_signal: id=sig-0454 timestamp=2026-06-08T23:10:59.754 status=RESPONSE
[   59.801000] api_signal: id=sig-0097 timestamp=2026-06-08T23:10:59.801 status=RESPONSE
[   59.818000] api_signal: id=sig-0274 timestamp=2026-06-08T23:10:59.818 status=TIMEOUT
[   59.904000] api_signal: id=sig-0455 timestamp=2026-06-08T23:10:59.904 status=RESPONSE
[   59.954000] api_signal: id=sig-0125 timestamp=2026-06-08T23:10:59.954 status=RESPONSE
[   59.995000] api_signal: id=sig-0095 timestamp=2026-06-08T23:10:59.995 status=RESPONSE
[   60.045000] api_signal: id=sig-0410 timestamp=2026-06-08T23:11:00.045 status=REQUEST
[   60.082000] api_signal: id=sig-0493 timestamp=2026-06-08T23:11:00.082 status=ERROR
[   60.151000] api_signal: id=sig-0419 timestamp=2026-06-08T23:11:00.151 status=ERROR
[   60.217000] api_signal: id=sig-0191 timestamp=2026-06-08T23:11:00.217 status=RESPONSE
[   60.332000] api_signal: id=sig-0246 timestamp=2026-06-08T23:11:00.332 status=RESPONSE
[   60.385000] api_signal: id=sig-0046 timestamp=2026-06-08T23:11:00.385 status=RESPONSE
[   60.610000] api_signal: id=sig-0298 timestamp=2026-06-08T23:11:00.610 status=RESPONSE
[   60.703000] api_signal: id=sig-0238 timestamp=2026-06-08T23:11:00.703 status=RESPONSE
[   60.763000] api_signal: id=sig-0456 timestamp=2026-06-08T23:11:00.763 status=REQUEST
[   60.813000] api_signal: id=sig-0102 timestamp=2026-06-08T23:11:00.813 status=REQUEST
[   60.959000] api_signal: id=sig-0063 timestamp=2026-06-08T23:11:00.959 status=RESPONSE
[   61.160000] api_signal: id=sig-0466 timestamp=2026-06-08T23:11:01.160 status=RESPONSE
[   61.248000] api_signal: id=sig-0293 timestamp=2026-06-08T23:11:01.248 status=REQUEST
[   61.428000] api_signal: id=sig-0202 timestamp=2026-06-08T23:11:01.428 status=REQUEST
[   61.526000] api_signal: id=sig-0293 timestamp=2026-06-08T23:11:01.526 status=RESPONSE
[   61.526000] api_signal: id=sig-0494 timestamp=2026-06-08T23:11:01.526 status=REQUEST
[   61.531000] api_signal: id=sig-0475 timestamp=2026-06-08T23:11:01.531 status=RESPONSE
[   61.551000] api_signal: id=sig-0202 timestamp=2026-06-08T23:11:01.551 status=RESPONSE
[   61.565000] api_signal: id=sig-0428 timestamp=2026-06-08T23:11:01.565 status=REQUEST
[   61.664000] api_signal: id=sig-0114 timestamp=2026-06-08T23:11:01.664 status=REQUEST
[   62.096000] api_signal: id=sig-0001 timestamp=2026-06-08T23:11:02.096 status=REQUEST
[   62.122000] api_signal: id=sig-0048 timestamp=2026-06-08T23:11:02.122 status=RESPONSE
[   62.208000] api_signal: id=sig-0410 timestamp=2026-06-08T23:11:02.208 status=RESPONSE
[   62.225000] api_signal: id=sig-0033 timestamp=2026-06-08T23:11:02.225 status=REQUEST
[   62.237000] api_signal: id=sig-0129 timestamp=2026-06-08T23:11:02.237 status=RESPONSE
[   62.246000] api_signal: id=sig-0001 timestamp=2026-06-08T23:11:02.246 status=RESPONSE
[   62.775000] api_signal: id=sig-0236 timestamp=2026-06-08T23:11:02.775 status=REQUEST
[   62.929000] api_signal: id=sig-0428 timestamp=2026-06-08T23:11:02.929 status=RESPONSE
[   62.937000] api_signal: id=sig-0461 timestamp=2026-06-08T23:11:02.937 status=REQUEST
[   62.945000] api_signal: id=sig-0341 timestamp=2026-06-08T23:11:02.945 status=REQUEST
[   63.065000] api_signal: id=sig-0188 timestamp=2026-06-08T23:11:03.065 status=REQUEST
[   63.555000] api_signal: id=sig-0099 timestamp=2026-06-08T23:11:03.555 status=TIMEOUT
[   63.925000] api_signal: id=sig-0175 timestamp=2026-06-08T23:11:03.925 status=REQUEST
[   63.942000] api_signal: id=sig-0456 timestamp=2026-06-08T23:11:03.942 status=RESPONSE
[   64.085000] api_signal: id=sig-0216 timestamp=2026-06-08T23:11:04.085 status=REQUEST
[   64.133000] api_signal: id=sig-0091 timestamp=2026-06-08T23:11:04.133 status=TIMEOUT
[   64.231000] api_signal: id=sig-0032 timestamp=2026-06-08T23:11:04.231 status=REQUEST
[   64.249000] api_signal: id=sig-0049 timestamp=2026-06-08T23:11:04.249 status=REQUEST
[   64.258000] api_signal: id=sig-0033 timestamp=2026-06-08T23:11:04.258 status=RESPONSE
[   64.397000] api_signal: id=sig-0147 timestamp=2026-06-08T23:11:04.397 status=REQUEST
[   64.580000] api_signal: id=sig-0114 timestamp=2026-06-08T23:11:04.580 status=RESPONSE
[   64.665000] api_signal: id=sig-0411 timestamp=2026-06-08T23:11:04.665 status=REQUEST
[   64.858000] api_signal: id=sig-0489 timestamp=2026-06-08T23:11:04.858 status=REQUEST
[   64.861000] api_signal: id=sig-0494 timestamp=2026-06-08T23:11:04.861 status=RESPONSE
[   64.952000] api_signal: id=sig-0119 timestamp=2026-06-08T23:11:04.952 status=REQUEST
[   65.122000] api_signal: id=sig-0414 timestamp=2026-06-08T23:11:05.122 status=REQUEST
[   65.324000] api_signal: id=sig-0188 timestamp=2026-06-08T23:11:05.324 status=RESPONSE
[   65.440000] api_signal: id=sig-0127 timestamp=2026-06-08T23:11:05.440 status=REQUEST
[   65.788000] api_signal: id=sig-0341 timestamp=2026-06-08T23:11:05.788 status=RESPONSE
[   65.925000] api_signal: id=sig-0224 timestamp=2026-06-08T23:11:05.925 status=REQUEST
[   66.121000] api_signal: id=sig-0183 timestamp=2026-06-08T23:11:06.121 status=REQUEST
[   66.125000] api_signal: id=sig-0453 timestamp=2026-06-08T23:11:06.125 status=REQUEST
[   66.173000] api_signal: id=sig-0075 timestamp=2026-06-08T23:11:06.173 status=REQUEST
[   66.196000] api_signal: id=sig-0102 timestamp=2026-06-08T23:11:06.196 status=TIMEOUT
[   66.229000] api_signal: id=sig-0147 timestamp=2026-06-08T23:11:06.229 status=RESPONSE
[   66.272000] api_signal: id=sig-0489 timestamp=2026-06-08T23:11:06.272 status=RESPONSE
[   66.374000] api_signal: id=sig-0461 timestamp=2026-06-08T23:11:06.374 status=RESPONSE
[   66.423000] api_signal: id=sig-0119 timestamp=2026-06-08T23:11:06.423 status=RESPONSE
[   66.463000] api_signal: id=sig-0259 timestamp=2026-06-08T23:11:06.463 status=REQUEST
[   66.465000] api_signal: id=sig-0127 timestamp=2026-06-08T23:11:06.465 status=RESPONSE
[   66.511000] api_signal: id=sig-0425 timestamp=2026-06-08T23:11:06.511 status=REQUEST
[   66.614000] api_signal: id=sig-0216 timestamp=2026-06-08T23:11:06.614 status=RESPONSE
[   66.631000] api_signal: id=sig-0028 timestamp=2026-06-08T23:11:06.631 status=REQUEST
[   66.631000] api_signal: id=sig-0384 timestamp=2026-06-08T23:11:06.631 status=REQUEST
[   66.667000] api_signal: id=sig-0460 timestamp=2026-06-08T23:11:06.667 status=REQUEST
[   66.693000] api_signal: id=sig-0236 timestamp=2026-06-08T23:11:06.693 status=TIMEOUT
[   66.725000] api_signal: id=sig-0460 timestamp=2026-06-08T23:11:06.725 status=RESPONSE
[   66.742000] api_signal: id=sig-0411 timestamp=2026-06-08T23:11:06.742 status=RESPONSE
[   66.807000] api_signal: id=sig-0224 timestamp=2026-06-08T23:11:06.807 status=RESPONSE
[   67.048000] api_signal: id=sig-0478 timestamp=2026-06-08T23:11:07.048 status=REQUEST
[   67.129000] api_signal: id=sig-0425 timestamp=2026-06-08T23:11:07.129 status=RESPONSE
[   67.138000] api_signal: id=sig-0032 timestamp=2026-06-08T23:11:07.138 status=RESPONSE
[   67.227000] api_signal: id=sig-0417 timestamp=2026-06-08T23:11:07.227 status=REQUEST
[   67.229000] api_signal: id=sig-0358 timestamp=2026-06-08T23:11:07.229 status=REQUEST
[   67.258000] api_signal: id=sig-0276 timestamp=2026-06-08T23:11:07.258 status=REQUEST
[   67.431000] api_signal: id=sig-0049 timestamp=2026-06-08T23:11:07.431 status=RESPONSE
[   67.513000] api_signal: id=sig-0148 timestamp=2026-06-08T23:11:07.513 status=REQUEST
[   67.589000] api_signal: id=sig-0414 timestamp=2026-06-08T23:11:07.589 status=RESPONSE
[   67.907000] api_signal: id=sig-0384 timestamp=2026-06-08T23:11:07.907 status=RESPONSE
[   67.969000] api_signal: id=sig-0417 timestamp=2026-06-08T23:11:07.969 status=RESPONSE
[   67.993000] api_signal: id=sig-0175 timestamp=2026-06-08T23:11:07.993 status=TIMEOUT
[   68.070000] api_signal: id=sig-0183 timestamp=2026-06-08T23:11:08.070 status=RESPONSE
[   68.223000] api_signal: id=sig-0154 timestamp=2026-06-08T23:11:08.223 status=REQUEST
[   68.383000] api_signal: id=sig-0276 timestamp=2026-06-08T23:11:08.383 status=RESPONSE
[   68.543000] api_signal: id=sig-0148 timestamp=2026-06-08T23:11:08.543 status=ERROR
[   68.812000] api_signal: id=sig-0028 timestamp=2026-06-08T23:11:08.812 status=RESPONSE
[   68.883000] api_signal: id=sig-0259 timestamp=2026-06-08T23:11:08.883 status=RESPONSE
[   69.071000] api_signal: id=sig-0286 timestamp=2026-06-08T23:11:09.071 status=REQUEST
[   69.152000] api_signal: id=sig-0015 timestamp=2026-06-08T23:11:09.152 status=REQUEST
[   69.244000] api_signal: id=sig-0075 timestamp=2026-06-08T23:11:09.244 status=RESPONSE
[   69.339000] api_signal: id=sig-0082 timestamp=2026-06-08T23:11:09.339 status=REQUEST
[   69.355000] api_signal: id=sig-0453 timestamp=2026-06-08T23:11:09.355 status=RESPONSE
[   69.584000] api_signal: id=sig-0053 timestamp=2026-06-08T23:11:09.584 status=REQUEST
[   69.829000] api_signal: id=sig-0329 timestamp=2026-06-08T23:11:09.829 status=REQUEST
[   69.904000] api_signal: id=sig-0118 timestamp=2026-06-08T23:11:09.904 status=REQUEST
[   69.942000] api_signal: id=sig-0358 timestamp=2026-06-08T23:11:09.942 status=RESPONSE
[   70.059000] api_signal: id=sig-0286 timestamp=2026-06-08T23:11:10.059 status=RESPONSE
[   70.133000] api_signal: id=sig-0265 timestamp=2026-06-08T23:11:10.133 status=REQUEST
[   70.172000] api_signal: id=sig-0193 timestamp=2026-06-08T23:11:10.172 status=REQUEST
[   70.242000] api_signal: id=sig-0154 timestamp=2026-06-08T23:11:10.242 status=RESPONSE
[   70.290000] api_signal: id=sig-0250 timestamp=2026-06-08T23:11:10.290 status=REQUEST
[   70.451000] api_signal: id=sig-0457 timestamp=2026-06-08T23:11:10.451 status=REQUEST
[   70.686000] api_signal: id=sig-0265 timestamp=2026-06-08T23:11:10.686 status=RESPONSE
[   70.688000] api_signal: id=sig-0371 timestamp=2026-06-08T23:11:10.688 status=REQUEST
[   70.702000] api_signal: id=sig-0053 timestamp=2026-06-08T23:11:10.702 status=RESPONSE
[   70.718000] api_signal: id=sig-0050 timestamp=2026-06-08T23:11:10.718 status=REQUEST
[   70.758000] api_signal: id=sig-0336 timestamp=2026-06-08T23:11:10.758 status=REQUEST
[   70.934000] api_signal: id=sig-0332 timestamp=2026-06-08T23:11:10.934 status=REQUEST
[   71.288000] api_signal: id=sig-0377 timestamp=2026-06-08T23:11:11.288 status=REQUEST
[   71.671000] api_signal: id=sig-0361 timestamp=2026-06-08T23:11:11.671 status=REQUEST
[   71.791000] api_signal: id=sig-0312 timestamp=2026-06-08T23:11:11.791 status=REQUEST
[   71.866000] api_signal: id=sig-0015 timestamp=2026-06-08T23:11:11.866 status=RESPONSE
[   71.871000] api_signal: id=sig-0082 timestamp=2026-06-08T23:11:11.871 status=RESPONSE
[   71.947000] api_signal: id=sig-0371 timestamp=2026-06-08T23:11:11.947 status=RESPONSE
[   71.970000] api_signal: id=sig-0478 timestamp=2026-06-08T23:11:11.970 status=TIMEOUT
[   72.072000] api_signal: id=sig-0193 timestamp=2026-06-08T23:11:12.072 status=RESPONSE
[   72.085000] api_signal: id=sig-0004 timestamp=2026-06-08T23:11:12.085 status=REQUEST
[   72.130000] api_signal: id=sig-0109 timestamp=2026-06-08T23:11:12.130 status=REQUEST
[   72.130000] api_signal: id=sig-0332 timestamp=2026-06-08T23:11:12.130 status=RESPONSE
[   72.294000] api_signal: id=sig-0452 timestamp=2026-06-08T23:11:12.294 status=REQUEST
[   72.339000] api_signal: id=sig-0169 timestamp=2026-06-08T23:11:12.339 status=REQUEST
[   72.349000] api_signal: id=sig-0418 timestamp=2026-06-08T23:11:12.349 status=REQUEST
[   72.394000] api_signal: id=sig-0118 timestamp=2026-06-08T23:11:12.394 status=RESPONSE
[   72.644000] api_signal: id=sig-0329 timestamp=2026-06-08T23:11:12.644 status=RESPONSE
[   72.729000] api_signal: id=sig-0235 timestamp=2026-06-08T23:11:12.729 status=REQUEST
[   72.753000] api_signal: id=sig-0413 timestamp=2026-06-08T23:11:12.753 status=REQUEST
[   72.770000] api_signal: id=sig-0440 timestamp=2026-06-08T23:11:12.770 status=REQUEST
[   72.811000] api_signal: id=sig-0313 timestamp=2026-06-08T23:11:12.811 status=REQUEST
[   72.888000] api_signal: id=sig-0235 timestamp=2026-06-08T23:11:12.888 status=RESPONSE
[   72.890000] api_signal: id=sig-0452 timestamp=2026-06-08T23:11:12.890 status=RESPONSE
[   72.916000] api_signal: id=sig-0037 timestamp=2026-06-08T23:11:12.916 status=REQUEST
[   72.975000] api_signal: id=sig-0377 timestamp=2026-06-08T23:11:12.975 status=ERROR
[   72.987000] api_signal: id=sig-0086 timestamp=2026-06-08T23:11:12.987 status=REQUEST
[   73.058000] api_signal: id=sig-0120 timestamp=2026-06-08T23:11:13.058 status=REQUEST
[   73.121000] api_signal: id=sig-0457 timestamp=2026-06-08T23:11:13.121 status=RESPONSE
[   73.169000] api_signal: id=sig-0250 timestamp=2026-06-08T23:11:13.169 status=RESPONSE
[   73.325000] api_signal: id=sig-0336 timestamp=2026-06-08T23:11:13.325 status=RESPONSE
[   73.351000] api_signal: id=sig-0471 timestamp=2026-06-08T23:11:13.351 status=REQUEST
[   73.550000] api_signal: id=sig-0413 timestamp=2026-06-08T23:11:13.550 status=RESPONSE
[   73.562000] api_signal: id=sig-0109 timestamp=2026-06-08T23:11:13.562 status=RESPONSE
[   73.623000] api_signal: id=sig-0137 timestamp=2026-06-08T23:11:13.623 status=REQUEST
[   73.634000] api_signal: id=sig-0227 timestamp=2026-06-08T23:11:13.634 status=REQUEST
[   73.668000] api_signal: id=sig-0004 timestamp=2026-06-08T23:11:13.668 status=RESPONSE
[   73.802000] api_signal: id=sig-0312 timestamp=2026-06-08T23:11:13.802 status=RESPONSE
[   74.085000] api_signal: id=sig-0050 timestamp=2026-06-08T23:11:14.085 status=RESPONSE
[   74.089000] api_signal: id=sig-0144 timestamp=2026-06-08T23:11:14.089 status=REQUEST
[   74.143000] api_signal: id=sig-0306 timestamp=2026-06-08T23:11:14.143 status=REQUEST
[   74.173000] api_signal: id=sig-0418 timestamp=2026-06-08T23:11:14.173 status=RESPONSE
[   74.228000] api_signal: id=sig-0465 timestamp=2026-06-08T23:11:14.228 status=REQUEST
[   74.343000] api_signal: id=sig-0316 timestamp=2026-06-08T23:11:14.343 status=REQUEST
[   74.492000] api_signal: id=sig-0400 timestamp=2026-06-08T23:11:14.492 status=REQUEST
[   74.501000] api_signal: id=sig-0206 timestamp=2026-06-08T23:11:14.501 status=REQUEST
[   74.624000] api_signal: id=sig-0037 timestamp=2026-06-08T23:11:14.624 status=ERROR
[   74.682000] api_signal: id=sig-0361 timestamp=2026-06-08T23:11:14.682 status=RESPONSE
[   74.685000] api_signal: id=sig-0440 timestamp=2026-06-08T23:11:14.685 status=RESPONSE
[   74.720000] api_signal: id=sig-0227 timestamp=2026-06-08T23:11:14.720 status=RESPONSE
[   75.191000] api_signal: id=sig-0400 timestamp=2026-06-08T23:11:15.191 status=RESPONSE
[   75.274000] api_signal: id=sig-0471 timestamp=2026-06-08T23:11:15.274 status=ERROR
[   75.554000] api_signal: id=sig-0169 timestamp=2026-06-08T23:11:15.554 status=RESPONSE
[   75.993000] api_signal: id=sig-0313 timestamp=2026-06-08T23:11:15.993 status=RESPONSE
[   76.110000] api_signal: id=sig-0144 timestamp=2026-06-08T23:11:16.110 status=RESPONSE
[   76.221000] api_signal: id=sig-0206 timestamp=2026-06-08T23:11:16.221 status=RESPONSE
[   76.369000] api_signal: id=sig-0306 timestamp=2026-06-08T23:11:16.369 status=RESPONSE
[   76.533000] api_signal: id=sig-0120 timestamp=2026-06-08T23:11:16.533 status=RESPONSE
[   76.933000] api_signal: id=sig-0137 timestamp=2026-06-08T23:11:16.933 status=RESPONSE
[   77.284000] api_signal: id=sig-0316 timestamp=2026-06-08T23:11:17.284 status=RESPONSE
[   77.504000] api_signal: id=sig-0086 timestamp=2026-06-08T23:11:17.504 status=TIMEOUT
[   77.555000] api_signal: id=sig-0465 timestamp=2026-06-08T23:11:17.555 status=RESPONSE
