[    0.063000] api_signal: id=api-6624 timestamp=2026-06-08T09:00:00.063 status=REQUEST
[    8.263000] api_signal: id=api-6624 timestamp=2026-06-08T09:00:08.263 status=RESPONSE
[  135.768048] api_signal: id=api-7523 timestamp=2026-06-08T09:02:15.768 status=REQUEST
[  137.327673] api_signal: id=api-7523 timestamp=2026-06-08T09:02:17.327 status=RESPONSE
[  143.070946] api_signal: id=api-7895 timestamp=2026-06-08T09:02:23.070 status=REQUEST
[  143.919222] api_signal: id=api-7895 timestamp=2026-06-08T09:02:23.919 status=RESPONSE
[  339.197981] api_signal: id=api-9900 timestamp=2026-06-08T09:05:39.197 status=REQUEST
[  339.669878] api_signal: id=api-9900 timestamp=2026-06-08T09:05:39.669 status=RESPONSE
[  657.546577] api_signal: id=api-3065 timestamp=2026-06-08T09:10:57.546 status=REQUEST
[  657.799281] api_signal: id=api-3065 timestamp=2026-06-08T09:10:57.799 status=RESPONSE
[  850.045960] api_signal: id=api-3009 timestamp=2026-06-08T09:14:10.045 status=REQUEST
[  850.856907] api_signal: id=api-3009 timestamp=2026-06-08T09:14:10.856 status=RESPONSE
[  856.024601] api_signal: id=api-8054 timestamp=2026-06-08T09:14:16.024 status=REQUEST
[  856.185934] api_signal: id=api-8054 timestamp=2026-06-08T09:14:16.185 status=RESPONSE
[  869.499477] api_signal: id=api-9831 timestamp=2026-06-08T09:14:29.499 status=REQUEST
[  869.631048] api_signal: id=api-9831 timestamp=2026-06-08T09:14:29.631 status=RESPONSE
[ 1040.686692] api_signal: id=api-5028 timestamp=2026-06-08T09:17:20.686 status=REQUEST
[ 1042.233581] api_signal: id=api-5028 timestamp=2026-06-08T09:17:22.233 status=RESPONSE
[ 1140.174758] api_signal: id=api-4151 timestamp=2026-06-08T09:19:00.174 status=REQUEST
[ 1141.506863] api_signal: id=api-4151 timestamp=2026-06-08T09:19:01.506 status=RESPONSE
[ 1228.316018] api_signal: id=api-0165 timestamp=2026-06-08T09:20:28.316 status=REQUEST
[ 1228.644888] api_signal: id=api-0165 timestamp=2026-06-08T09:20:28.644 status=RESPONSE
[ 1284.528278] api_signal: id=api-4995 timestamp=2026-06-08T09:21:24.528 status=REQUEST
[ 1286.150697] api_signal: id=api-4995 timestamp=2026-06-08T09:21:26.150 status=RESPONSE
[ 1312.297554] api_signal: id=api-4115 timestamp=2026-06-08T09:21:52.297 status=REQUEST
[ 1312.631995] api_signal: id=api-4115 timestamp=2026-06-08T09:21:52.631 status=RESPONSE
[ 1350.588321] api_signal: id=api-2895 timestamp=2026-06-08T09:22:30.588 status=REQUEST
[ 1351.781952] api_signal: id=api-2895 timestamp=2026-06-08T09:22:31.781 status=RESPONSE
[ 1357.536131] api_signal: id=api-5612 timestamp=2026-06-08T09:22:37.536 status=REQUEST
[ 1357.889672] api_signal: id=api-5612 timestamp=2026-06-08T09:22:37.889 status=RESPONSE
[ 1364.023838] api_signal: id=api-2529 timestamp=2026-06-08T09:22:44.023 status=REQUEST
[ 1364.954691] api_signal: id=api-3657 timestamp=2026-06-08T09:22:44.954 status=REQUEST
[ 1365.931674] api_signal: id=api-2529 timestamp=2026-06-08T09:22:45.931 status=RESPONSE
[ 1365.936195] api_signal: id=api-3657 timestamp=2026-06-08T09:22:45.936 status=RESPONSE
[ 1458.112989] api_signal: id=api-7800 timestamp=2026-06-08T09:24:18.112 status=REQUEST
[ 1459.317444] api_signal: id=api-7800 timestamp=2026-06-08T09:24:19.317 status=RESPONSE
[ 1616.855903] api_signal: id=api-2867 timestamp=2026-06-08T09:26:56.855 status=REQUEST
[ 1616.977360] api_signal: id=api-2867 timestamp=2026-06-08T09:26:56.977 status=RESPONSE
[ 1910.610180] api_signal: id=api-0654 timestamp=2026-06-08T09:31:50.610 status=REQUEST
[ 1912.149032] api_signal: id=api-0654 timestamp=2026-06-08T09:31:52.149 status=RESPONSE
[ 1946.573894] api_signal: id=api-6260 timestamp=2026-06-08T09:32:26.573 status=REQUEST
[ 1946.919278] api_signal: id=api-6260 timestamp=2026-06-08T09:32:26.919 status=RESPONSE
[ 1958.545411] api_signal: id=api-3903 timestamp=2026-06-08T09:32:38.545 status=REQUEST
[ 1959.687275] api_signal: id=api-3903 timestamp=2026-06-08T09:32:39.687 status=RESPONSE
[ 1970.025732] api_signal: id=api-0741 timestamp=2026-06-08T09:32:50.025 status=REQUEST
[ 1971.606148] api_signal: id=api-0741 timestamp=2026-06-08T09:32:51.606 status=RESPONSE
[ 2047.820618] api_signal: id=api-5744 timestamp=2026-06-08T09:34:07.820 status=REQUEST
[ 2049.102710] api_signal: id=api-5744 timestamp=2026-06-08T09:34:09.102 status=RESPONSE
[ 2090.227031] api_signal: id=api-1621 timestamp=2026-06-08T09:34:50.227 status=REQUEST
[ 2091.111155] api_signal: id=api-1621 timestamp=2026-06-08T09:34:51.111 status=RESPONSE
[ 2136.097894] api_signal: id=api-6518 timestamp=2026-06-08T09:35:36.097 status=REQUEST
[ 2136.540506] api_signal: id=api-6518 timestamp=2026-06-08T09:35:36.540 status=RESPONSE
[ 2144.608542] api_signal: id=api-5725 timestamp=2026-06-08T09:35:44.608 status=REQUEST
[ 2145.252496] api_signal: id=api-5725 timestamp=2026-06-08T09:35:45.252 status=RESPONSE
[ 2171.341626] api_signal: id=api-8197 timestamp=2026-06-08T09:36:11.341 status=REQUEST
[ 2173.460296] api_signal: id=api-8197 timestamp=2026-06-08T09:36:13.460 status=RESPONSE
[ 2189.923922] api_signal: id=api-1594 timestamp=2026-06-08T09:36:29.923 status=REQUEST
[ 2191.432586] api_signal: id=api-1594 timestamp=2026-06-08T09:36:31.432 status=RESPONSE
[ 2220.762210] api_signal: id=api-1220 timestamp=2026-06-08T09:37:00.762 status=REQUEST
[ 2220.764673] api_signal: id=api-8325 timestamp=2026-06-08T09:37:00.764 status=REQUEST
[ 2220.816825] api_signal: id=api-1220 timestamp=2026-06-08T09:37:00.816 status=RESPONSE
[ 2222.301458] api_signal: id=api-8325 timestamp=2026-06-08T09:37:02.301 status=RESPONSE
[ 2257.017786] api_signal: id=api-5631 timestamp=2026-06-08T09:37:37.017 status=REQUEST
[ 2257.102568] api_signal: id=api-5631 timestamp=2026-06-08T09:37:37.102 status=RESPONSE
[ 2282.297831] api_signal: id=api-4928 timestamp=2026-06-08T09:38:02.297 status=REQUEST
[ 2282.789902] api_signal: id=api-4928 timestamp=2026-06-08T09:38:02.789 status=RESPONSE
[ 2435.761236] api_signal: id=api-2011 timestamp=2026-06-08T09:40:35.761 status=REQUEST
[ 2436.718866] api_signal: id=api-2011 timestamp=2026-06-08T09:40:36.718 status=RESPONSE
[ 2500.762112] api_signal: id=api-9464 timestamp=2026-06-08T09:41:40.762 status=REQUEST
[ 2501.848511] api_signal: id=api-9464 timestamp=2026-06-08T09:41:41.848 status=RESPONSE
[ 2621.032801] api_signal: id=api-0723 timestamp=2026-06-08T09:43:41.032 status=REQUEST
[ 2622.274810] api_signal: id=api-0723 timestamp=2026-06-08T09:43:42.274 status=RESPONSE
[ 2671.333026] api_signal: id=api-9552 timestamp=2026-06-08T09:44:31.333 status=REQUEST
[ 2673.787069] api_signal: id=api-9552 timestamp=2026-06-08T09:44:33.787 status=RESPONSE
[ 2686.249671] api_signal: id=api-7688 timestamp=2026-06-08T09:44:46.249 status=REQUEST
[ 2687.705648] api_signal: id=api-7688 timestamp=2026-06-08T09:44:47.705 status=RESPONSE
[ 2787.817113] api_signal: id=api-3802 timestamp=2026-06-08T09:46:27.817 status=REQUEST
[ 2789.899628] api_signal: id=api-3802 timestamp=2026-06-08T09:46:29.899 status=RESPONSE
[ 2971.479474] api_signal: id=api-6967 timestamp=2026-06-08T09:49:31.479 status=REQUEST
[ 2972.879599] api_signal: id=api-6967 timestamp=2026-06-08T09:49:32.879 status=RESPONSE
[ 3013.919073] api_signal: id=api-8010 timestamp=2026-06-08T09:50:13.919 status=REQUEST
[ 3015.531459] api_signal: id=api-8010 timestamp=2026-06-08T09:50:15.531 status=RESPONSE
[ 3021.890413] api_signal: id=api-0371 timestamp=2026-06-08T09:50:21.890 status=REQUEST
[ 3022.107732] api_signal: id=api-0371 timestamp=2026-06-08T09:50:22.107 status=RESPONSE
[ 3121.553255] api_signal: id=api-0713 timestamp=2026-06-08T09:52:01.553 status=REQUEST
[ 3122.020605] api_signal: id=api-0713 timestamp=2026-06-08T09:52:02.020 status=RESPONSE
[ 3180.009941] api_signal: id=api-9344 timestamp=2026-06-08T09:53:00.009 status=REQUEST
[ 3180.904397] api_signal: id=api-9344 timestamp=2026-06-08T09:53:00.904 status=RESPONSE
[ 3226.021895] api_signal: id=api-5076 timestamp=2026-06-08T09:53:46.021 status=REQUEST
[ 3226.126820] api_signal: id=api-5076 timestamp=2026-06-08T09:53:46.126 status=RESPONSE
[ 3261.160013] api_signal: id=api-2413 timestamp=2026-06-08T09:54:21.160 status=REQUEST
[ 3262.201174] api_signal: id=api-2413 timestamp=2026-06-08T09:54:22.201 status=RESPONSE
[ 3311.123240] api_signal: id=api-5413 timestamp=2026-06-08T09:55:11.123 status=REQUEST
[ 3311.513410] api_signal: id=api-5413 timestamp=2026-06-08T09:55:11.513 status=RESPONSE
[ 3396.981835] api_signal: id=api-8489 timestamp=2026-06-08T09:56:36.981 status=REQUEST
[ 3397.191899] api_signal: id=api-8489 timestamp=2026-06-08T09:56:37.191 status=RESPONSE
[ 3530.388390] api_signal: id=api-8986 timestamp=2026-06-08T09:58:50.388 status=REQUEST
[ 3530.679195] api_signal: id=api-8986 timestamp=2026-06-08T09:58:50.679 status=RESPONSE
[ 3542.980629] api_signal: id=api-6667 timestamp=2026-06-08T09:59:02.980 status=REQUEST
[ 3545.375920] api_signal: id=api-6667 timestamp=2026-06-08T09:59:05.375 status=RESPONSE
[ 3600.000000] api_signal: id=api-0618 timestamp=2026-06-08T10:00:00.000 status=REQUEST
[ 3610.700000] api_signal: id=api-0618 timestamp=2026-06-08T10:00:10.700 status=RESPONSE
[ 3622.468484] api_signal: id=api-8368 timestamp=2026-06-08T10:00:22.468 status=REQUEST
[ 3623.806129] api_signal: id=api-8368 timestamp=2026-06-08T10:00:23.806 status=RESPONSE
[ 3646.037533] api_signal: id=api-6300 timestamp=2026-06-08T10:00:46.037 status=REQUEST
[ 3646.210588] api_signal: id=api-6300 timestamp=2026-06-08T10:00:46.210 status=RESPONSE
[ 3656.313098] api_signal: id=api-5478 timestamp=2026-06-08T10:00:56.313 status=REQUEST
[ 3657.148979] api_signal: id=api-5478 timestamp=2026-06-08T10:00:57.148 status=RESPONSE
[ 3766.500425] api_signal: id=api-2914 timestamp=2026-06-08T10:02:46.500 status=REQUEST
[ 3767.558263] api_signal: id=api-2914 timestamp=2026-06-08T10:02:47.558 status=RESPONSE
[ 3805.036055] api_signal: id=api-3223 timestamp=2026-06-08T10:03:25.036 status=REQUEST
[ 3805.351052] api_signal: id=api-3223 timestamp=2026-06-08T10:03:25.351 status=RESPONSE
[ 3807.949381] api_signal: id=api-3123 timestamp=2026-06-08T10:03:27.949 status=REQUEST
[ 3808.827294] api_signal: id=api-3123 timestamp=2026-06-08T10:03:28.827 status=RESPONSE
[ 3815.880568] api_signal: id=api-5314 timestamp=2026-06-08T10:03:35.880 status=REQUEST
[ 3817.586617] api_signal: id=api-5314 timestamp=2026-06-08T10:03:37.586 status=RESPONSE
[ 3861.123981] api_signal: id=api-8525 timestamp=2026-06-08T10:04:21.123 status=REQUEST
[ 3861.760636] api_signal: id=api-8525 timestamp=2026-06-08T10:04:21.760 status=RESPONSE
[ 3982.770609] api_signal: id=api-5538 timestamp=2026-06-08T10:06:22.770 status=REQUEST
[ 3983.525048] api_signal: id=api-5538 timestamp=2026-06-08T10:06:23.525 status=RESPONSE
[ 3997.988188] api_signal: id=api-5193 timestamp=2026-06-08T10:06:37.988 status=REQUEST
[ 3998.040221] api_signal: id=api-5193 timestamp=2026-06-08T10:06:38.040 status=RESPONSE
[ 4001.841918] api_signal: id=api-6462 timestamp=2026-06-08T10:06:41.841 status=REQUEST
[ 4003.301226] api_signal: id=api-6462 timestamp=2026-06-08T10:06:43.301 status=RESPONSE
[ 4054.269443] api_signal: id=api-2874 timestamp=2026-06-08T10:07:34.269 status=REQUEST
[ 4054.486983] api_signal: id=api-2874 timestamp=2026-06-08T10:07:34.486 status=RESPONSE
[ 4092.475382] api_signal: id=api-3263 timestamp=2026-06-08T10:08:12.475 status=REQUEST
[ 4092.723766] api_signal: id=api-3263 timestamp=2026-06-08T10:08:12.723 status=RESPONSE
[ 4116.221842] api_signal: id=api-2641 timestamp=2026-06-08T10:08:36.221 status=REQUEST
[ 4116.877317] api_signal: id=api-2641 timestamp=2026-06-08T10:08:36.877 status=RESPONSE
[ 4117.455599] api_signal: id=api-5536 timestamp=2026-06-08T10:08:37.455 status=REQUEST
[ 4117.578452] api_signal: id=api-5536 timestamp=2026-06-08T10:08:37.578 status=RESPONSE
[ 4215.240490] api_signal: id=api-0136 timestamp=2026-06-08T10:10:15.240 status=REQUEST
[ 4216.858779] api_signal: id=api-0136 timestamp=2026-06-08T10:10:16.858 status=RESPONSE
[ 4218.511020] api_signal: id=api-9236 timestamp=2026-06-08T10:10:18.511 status=REQUEST
[ 4219.832797] api_signal: id=api-9236 timestamp=2026-06-08T10:10:19.832 status=RESPONSE
[ 4274.452487] api_signal: id=api-4500 timestamp=2026-06-08T10:11:14.452 status=REQUEST
[ 4274.808145] api_signal: id=api-4500 timestamp=2026-06-08T10:11:14.808 status=RESPONSE
[ 4311.552785] api_signal: id=api-0490 timestamp=2026-06-08T10:11:51.552 status=REQUEST
[ 4312.262223] api_signal: id=api-0490 timestamp=2026-06-08T10:11:52.262 status=RESPONSE
[ 4357.296122] api_signal: id=api-1222 timestamp=2026-06-08T10:12:37.296 status=REQUEST
[ 4357.765670] api_signal: id=api-1222 timestamp=2026-06-08T10:12:37.765 status=RESPONSE
[ 4376.949021] api_signal: id=api-0424 timestamp=2026-06-08T10:12:56.949 status=REQUEST
[ 4377.245542] api_signal: id=api-0424 timestamp=2026-06-08T10:12:57.245 status=RESPONSE
[ 4611.716641] api_signal: id=api-5866 timestamp=2026-06-08T10:16:51.716 status=REQUEST
[ 4613.645085] api_signal: id=api-5866 timestamp=2026-06-08T10:16:53.645 status=RESPONSE
[ 4716.829873] api_signal: id=api-8134 timestamp=2026-06-08T10:18:36.829 status=REQUEST
[ 4717.479734] api_signal: id=api-8134 timestamp=2026-06-08T10:18:37.479 status=RESPONSE
[ 4784.347505] api_signal: id=api-5281 timestamp=2026-06-08T10:19:44.347 status=REQUEST
[ 4784.971369] api_signal: id=api-5281 timestamp=2026-06-08T10:19:44.971 status=RESPONSE
[ 4911.816470] api_signal: id=api-5846 timestamp=2026-06-08T10:21:51.816 status=REQUEST
[ 4912.866221] api_signal: id=api-5846 timestamp=2026-06-08T10:21:52.866 status=RESPONSE
[ 4983.599093] api_signal: id=api-9302 timestamp=2026-06-08T10:23:03.599 status=REQUEST
[ 4983.881926] api_signal: id=api-9302 timestamp=2026-06-08T10:23:03.881 status=RESPONSE
[ 5031.434904] api_signal: id=api-3397 timestamp=2026-06-08T10:23:51.434 status=REQUEST
[ 5031.836732] api_signal: id=api-3397 timestamp=2026-06-08T10:23:51.836 status=RESPONSE
[ 5033.433840] api_signal: id=api-4009 timestamp=2026-06-08T10:23:53.433 status=REQUEST
[ 5033.645895] api_signal: id=api-4009 timestamp=2026-06-08T10:23:53.645 status=RESPONSE
[ 5034.966566] api_signal: id=api-0615 timestamp=2026-06-08T10:23:54.966 status=REQUEST
[ 5035.098956] api_signal: id=api-0615 timestamp=2026-06-08T10:23:55.098 status=RESPONSE
[ 5081.387296] api_signal: id=api-4599 timestamp=2026-06-08T10:24:41.387 status=REQUEST
[ 5083.173632] api_signal: id=api-4599 timestamp=2026-06-08T10:24:43.173 status=RESPONSE
[ 5097.059839] api_signal: id=api-1685 timestamp=2026-06-08T10:24:57.059 status=REQUEST
[ 5098.679925] api_signal: id=api-1685 timestamp=2026-06-08T10:24:58.679 status=RESPONSE
[ 5107.835517] api_signal: id=api-6660 timestamp=2026-06-08T10:25:07.835 status=REQUEST
[ 5108.125229] api_signal: id=api-6660 timestamp=2026-06-08T10:25:08.125 status=RESPONSE
[ 5242.384003] api_signal: id=api-2055 timestamp=2026-06-08T10:27:22.384 status=REQUEST
[ 5243.788703] api_signal: id=api-2055 timestamp=2026-06-08T10:27:23.788 status=RESPONSE
[ 5269.711485] api_signal: id=api-3405 timestamp=2026-06-08T10:27:49.711 status=REQUEST
[ 5271.432709] api_signal: id=api-3405 timestamp=2026-06-08T10:27:51.432 status=RESPONSE
[ 5320.893675] api_signal: id=api-0976 timestamp=2026-06-08T10:28:40.893 status=REQUEST
[ 5321.760499] api_signal: id=api-0976 timestamp=2026-06-08T10:28:41.760 status=RESPONSE
[ 5386.686479] api_signal: id=api-4609 timestamp=2026-06-08T10:29:46.686 status=REQUEST
[ 5387.496808] api_signal: id=api-4609 timestamp=2026-06-08T10:29:47.496 status=RESPONSE
[ 5553.730475] api_signal: id=api-9361 timestamp=2026-06-08T10:32:33.730 status=REQUEST
[ 5555.208124] api_signal: id=api-9361 timestamp=2026-06-08T10:32:35.208 status=RESPONSE
[ 5635.288236] api_signal: id=api-0876 timestamp=2026-06-08T10:33:55.288 status=REQUEST
[ 5635.394192] api_signal: id=api-0876 timestamp=2026-06-08T10:33:55.394 status=RESPONSE
[ 5646.228070] api_signal: id=api-9679 timestamp=2026-06-08T10:34:06.228 status=REQUEST
[ 5646.442686] api_signal: id=api-9679 timestamp=2026-06-08T10:34:06.442 status=RESPONSE
[ 5739.582734] api_signal: id=api-4302 timestamp=2026-06-08T10:35:39.582 status=REQUEST
[ 5739.858979] api_signal: id=api-4302 timestamp=2026-06-08T10:35:39.858 status=RESPONSE
[ 5741.862682] api_signal: id=api-5472 timestamp=2026-06-08T10:35:41.862 status=REQUEST
[ 5742.589535] api_signal: id=api-5472 timestamp=2026-06-08T10:35:42.589 status=RESPONSE
[ 5761.126380] api_signal: id=api-2360 timestamp=2026-06-08T10:36:01.126 status=REQUEST
[ 5762.567980] api_signal: id=api-2360 timestamp=2026-06-08T10:36:02.567 status=RESPONSE
[ 5856.348624] api_signal: id=api-1274 timestamp=2026-06-08T10:37:36.348 status=REQUEST
[ 5856.669480] api_signal: id=api-1274 timestamp=2026-06-08T10:37:36.669 status=RESPONSE
[ 5925.041148] api_signal: id=api-6679 timestamp=2026-06-08T10:38:45.041 status=REQUEST
[ 5925.646454] api_signal: id=api-6679 timestamp=2026-06-08T10:38:45.646 status=RESPONSE
[ 5928.610856] api_signal: id=api-7141 timestamp=2026-06-08T10:38:48.610 status=REQUEST
[ 5930.396121] api_signal: id=api-7141 timestamp=2026-06-08T10:38:50.396 status=RESPONSE
[ 5982.091327] api_signal: id=api-5637 timestamp=2026-06-08T10:39:42.091 status=REQUEST
[ 5984.380615] api_signal: id=api-5637 timestamp=2026-06-08T10:39:44.380 status=RESPONSE
[ 6010.757728] api_signal: id=api-9387 timestamp=2026-06-08T10:40:10.757 status=REQUEST
[ 6012.026563] api_signal: id=api-9387 timestamp=2026-06-08T10:40:12.026 status=RESPONSE
[ 6091.570320] api_signal: id=api-0280 timestamp=2026-06-08T10:41:31.570 status=REQUEST
[ 6093.023252] api_signal: id=api-0280 timestamp=2026-06-08T10:41:33.023 status=RESPONSE
[ 6105.670109] api_signal: id=api-5166 timestamp=2026-06-08T10:41:45.670 status=REQUEST
[ 6105.839806] api_signal: id=api-5166 timestamp=2026-06-08T10:41:45.839 status=RESPONSE
[ 6136.433578] api_signal: id=api-0081 timestamp=2026-06-08T10:42:16.433 status=REQUEST
[ 6137.253593] api_signal: id=api-0081 timestamp=2026-06-08T10:42:17.253 status=RESPONSE
[ 6137.400440] api_signal: id=api-3953 timestamp=2026-06-08T10:42:17.400 status=REQUEST
[ 6138.278236] api_signal: id=api-3953 timestamp=2026-06-08T10:42:18.278 status=RESPONSE
[ 6146.730988] api_signal: id=api-0753 timestamp=2026-06-08T10:42:26.730 status=REQUEST
[ 6146.808523] api_signal: id=api-0753 timestamp=2026-06-08T10:42:26.808 status=RESPONSE
[ 6193.481672] api_signal: id=api-9469 timestamp=2026-06-08T10:43:13.481 status=REQUEST
[ 6195.243527] api_signal: id=api-9469 timestamp=2026-06-08T10:43:15.243 status=RESPONSE
[ 6210.789849] api_signal: id=api-0028 timestamp=2026-06-08T10:43:30.789 status=REQUEST
[ 6211.459500] api_signal: id=api-0028 timestamp=2026-06-08T10:43:31.459 status=RESPONSE
[ 6346.303815] api_signal: id=api-8114 timestamp=2026-06-08T10:45:46.303 status=REQUEST
[ 6346.815286] api_signal: id=api-8114 timestamp=2026-06-08T10:45:46.815 status=RESPONSE
[ 6391.705148] api_signal: id=api-7047 timestamp=2026-06-08T10:46:31.705 status=REQUEST
[ 6393.020243] api_signal: id=api-7047 timestamp=2026-06-08T10:46:33.020 status=RESPONSE
[ 6394.670602] api_signal: id=api-0557 timestamp=2026-06-08T10:46:34.670 status=REQUEST
[ 6396.409935] api_signal: id=api-0557 timestamp=2026-06-08T10:46:36.409 status=RESPONSE
[ 6426.535251] api_signal: id=api-8572 timestamp=2026-06-08T10:47:06.535 status=REQUEST
[ 6427.304282] api_signal: id=api-8572 timestamp=2026-06-08T10:47:07.304 status=RESPONSE
[ 6492.019125] api_signal: id=api-8023 timestamp=2026-06-08T10:48:12.019 status=REQUEST
[ 6494.215258] api_signal: id=api-8023 timestamp=2026-06-08T10:48:14.215 status=RESPONSE
[ 6517.225062] api_signal: id=api-8533 timestamp=2026-06-08T10:48:37.225 status=REQUEST
[ 6518.095641] api_signal: id=api-8533 timestamp=2026-06-08T10:48:38.095 status=RESPONSE
[ 6589.610874] api_signal: id=api-5426 timestamp=2026-06-08T10:49:49.610 status=REQUEST
[ 6590.389424] api_signal: id=api-5426 timestamp=2026-06-08T10:49:50.389 status=RESPONSE
[ 6846.341461] api_signal: id=api-1175 timestamp=2026-06-08T10:54:06.341 status=REQUEST
[ 6846.401653] api_signal: id=api-1175 timestamp=2026-06-08T10:54:06.401 status=RESPONSE
[ 6896.179507] api_signal: id=api-3486 timestamp=2026-06-08T10:54:56.179 status=REQUEST
[ 6896.926256] api_signal: id=api-3486 timestamp=2026-06-08T10:54:56.926 status=RESPONSE
[ 6983.317295] api_signal: id=api-4573 timestamp=2026-06-08T10:56:23.317 status=REQUEST
[ 6983.619779] api_signal: id=api-4573 timestamp=2026-06-08T10:56:23.619 status=RESPONSE
[ 7160.114522] api_signal: id=api-7719 timestamp=2026-06-08T10:59:20.114 status=REQUEST
[ 7160.683502] api_signal: id=api-7719 timestamp=2026-06-08T10:59:20.683 status=RESPONSE
[ 7200.027000] api_signal: id=api-7427 timestamp=2026-06-08T11:00:00.027 status=REQUEST
[ 7200.671475] api_signal: id=api-1499 timestamp=2026-06-08T11:00:00.671 status=REQUEST
[ 7202.381198] api_signal: id=api-1499 timestamp=2026-06-08T11:00:02.381 status=RESPONSE
[ 7208.227000] api_signal: id=api-7427 timestamp=2026-06-08T11:00:08.227 status=RESPONSE
[ 7303.270475] api_signal: id=api-6256 timestamp=2026-06-08T11:01:43.270 status=REQUEST
[ 7304.150494] api_signal: id=api-6256 timestamp=2026-06-08T11:01:44.150 status=RESPONSE
[ 7440.005630] api_signal: id=api-3262 timestamp=2026-06-08T11:04:00.005 status=REQUEST
[ 7440.805790] api_signal: id=api-3262 timestamp=2026-06-08T11:04:00.805 status=RESPONSE
[ 7525.987081] api_signal: id=api-4171 timestamp=2026-06-08T11:05:25.987 status=REQUEST
[ 7526.101291] api_signal: id=api-4171 timestamp=2026-06-08T11:05:26.101 status=RESPONSE
[ 7622.176864] api_signal: id=api-9303 timestamp=2026-06-08T11:07:02.176 status=REQUEST
[ 7622.297043] api_signal: id=api-9303 timestamp=2026-06-08T11:07:02.297 status=RESPONSE
[ 7658.279169] api_signal: id=api-8364 timestamp=2026-06-08T11:07:38.279 status=REQUEST
[ 7658.500801] api_signal: id=api-8364 timestamp=2026-06-08T11:07:38.500 status=RESPONSE
[ 7670.193014] api_signal: id=api-3213 timestamp=2026-06-08T11:07:50.193 status=REQUEST
[ 7670.370917] api_signal: id=api-3213 timestamp=2026-06-08T11:07:50.370 status=RESPONSE
[ 7751.740413] api_signal: id=api-8146 timestamp=2026-06-08T11:09:11.740 status=REQUEST
[ 7752.110701] api_signal: id=api-8146 timestamp=2026-06-08T11:09:12.110 status=RESPONSE
[ 7918.542811] api_signal: id=api-5564 timestamp=2026-06-08T11:11:58.542 status=REQUEST
[ 7920.724033] api_signal: id=api-5564 timestamp=2026-06-08T11:12:00.724 status=RESPONSE
[ 7940.761447] api_signal: id=api-3946 timestamp=2026-06-08T11:12:20.761 status=REQUEST
[ 7942.149433] api_signal: id=api-3946 timestamp=2026-06-08T11:12:22.149 status=RESPONSE
[ 8184.262983] api_signal: id=api-9946 timestamp=2026-06-08T11:16:24.262 status=REQUEST
[ 8185.508727] api_signal: id=api-9946 timestamp=2026-06-08T11:16:25.508 status=RESPONSE
[ 8194.876161] api_signal: id=api-8546 timestamp=2026-06-08T11:16:34.876 status=REQUEST
[ 8196.384567] api_signal: id=api-8546 timestamp=2026-06-08T11:16:36.384 status=RESPONSE
[ 8355.358769] api_signal: id=api-0036 timestamp=2026-06-08T11:19:15.358 status=REQUEST
[ 8356.061636] api_signal: id=api-0036 timestamp=2026-06-08T11:19:16.061 status=RESPONSE
[ 8469.276887] api_signal: id=api-0889 timestamp=2026-06-08T11:21:09.276 status=REQUEST
[ 8469.353473] api_signal: id=api-0889 timestamp=2026-06-08T11:21:09.353 status=RESPONSE
[ 8562.781140] api_signal: id=api-9653 timestamp=2026-06-08T11:22:42.781 status=REQUEST
[ 8564.557927] api_signal: id=api-9653 timestamp=2026-06-08T11:22:44.557 status=RESPONSE
[ 8619.737783] api_signal: id=api-6540 timestamp=2026-06-08T11:23:39.737 status=REQUEST
[ 8620.001385] api_signal: id=api-6540 timestamp=2026-06-08T11:23:40.001 status=RESPONSE
[ 8629.243376] api_signal: id=api-5019 timestamp=2026-06-08T11:23:49.243 status=REQUEST
[ 8630.950958] api_signal: id=api-5019 timestamp=2026-06-08T11:23:50.950 status=RESPONSE
[ 8642.603509] api_signal: id=api-4929 timestamp=2026-06-08T11:24:02.603 status=REQUEST
[ 8643.385188] api_signal: id=api-4929 timestamp=2026-06-08T11:24:03.385 status=RESPONSE
[ 8679.940830] api_signal: id=api-7387 timestamp=2026-06-08T11:24:39.940 status=REQUEST
[ 8681.756036] api_signal: id=api-7387 timestamp=2026-06-08T11:24:41.756 status=RESPONSE
[ 8794.284391] api_signal: id=api-8584 timestamp=2026-06-08T11:26:34.284 status=REQUEST
[ 8795.593243] api_signal: id=api-8365 timestamp=2026-06-08T11:26:35.593 status=REQUEST
[ 8796.241242] api_signal: id=api-8365 timestamp=2026-06-08T11:26:36.241 status=RESPONSE
[ 8796.524056] api_signal: id=api-8584 timestamp=2026-06-08T11:26:36.524 status=RESPONSE
[ 8855.736412] api_signal: id=api-2534 timestamp=2026-06-08T11:27:35.736 status=REQUEST
[ 8856.114605] api_signal: id=api-2534 timestamp=2026-06-08T11:27:36.114 status=RESPONSE
[ 8861.381781] api_signal: id=api-3142 timestamp=2026-06-08T11:27:41.381 status=REQUEST
[ 8862.090199] api_signal: id=api-3142 timestamp=2026-06-08T11:27:42.090 status=RESPONSE
[ 8900.307862] api_signal: id=api-9330 timestamp=2026-06-08T11:28:20.307 status=REQUEST
[ 8901.001523] api_signal: id=api-9330 timestamp=2026-06-08T11:28:21.001 status=RESPONSE
[ 9447.187136] api_signal: id=api-7592 timestamp=2026-06-08T11:37:27.187 status=REQUEST
[ 9448.499887] api_signal: id=api-7592 timestamp=2026-06-08T11:37:28.499 status=RESPONSE
[ 9553.092554] api_signal: id=api-7299 timestamp=2026-06-08T11:39:13.092 status=REQUEST
[ 9555.306832] api_signal: id=api-7299 timestamp=2026-06-08T11:39:15.306 status=RESPONSE
[ 9577.871298] api_signal: id=api-1583 timestamp=2026-06-08T11:39:37.871 status=REQUEST
[ 9578.736204] api_signal: id=api-1583 timestamp=2026-06-08T11:39:38.736 status=RESPONSE
[ 9587.599177] api_signal: id=api-0491 timestamp=2026-06-08T11:39:47.599 status=REQUEST
[ 9589.040435] api_signal: id=api-0491 timestamp=2026-06-08T11:39:49.040 status=RESPONSE
[ 9613.022692] api_signal: id=api-5503 timestamp=2026-06-08T11:40:13.022 status=REQUEST
[ 9613.305298] api_signal: id=api-5503 timestamp=2026-06-08T11:40:13.305 status=RESPONSE
[ 9627.315765] api_signal: id=api-4248 timestamp=2026-06-08T11:40:27.315 status=REQUEST
[ 9629.499760] api_signal: id=api-4248 timestamp=2026-06-08T11:40:29.499 status=RESPONSE
[ 9692.272357] api_signal: id=api-3118 timestamp=2026-06-08T11:41:32.272 status=REQUEST
[ 9692.831492] api_signal: id=api-3118 timestamp=2026-06-08T11:41:32.831 status=RESPONSE
[ 9854.265015] api_signal: id=api-4956 timestamp=2026-06-08T11:44:14.265 status=REQUEST
[ 9854.711886] api_signal: id=api-4956 timestamp=2026-06-08T11:44:14.711 status=RESPONSE
[ 9994.153412] api_signal: id=api-4819 timestamp=2026-06-08T11:46:34.153 status=REQUEST
[ 9995.883667] api_signal: id=api-4819 timestamp=2026-06-08T11:46:35.883 status=RESPONSE
[10002.768003] api_signal: id=api-1670 timestamp=2026-06-08T11:46:42.768 status=REQUEST
[10003.381307] api_signal: id=api-1670 timestamp=2026-06-08T11:46:43.381 status=RESPONSE
[10079.627133] api_signal: id=api-2673 timestamp=2026-06-08T11:47:59.627 status=REQUEST
[10080.937183] api_signal: id=api-2673 timestamp=2026-06-08T11:48:00.937 status=RESPONSE
[10081.852403] api_signal: id=api-0205 timestamp=2026-06-08T11:48:01.852 status=REQUEST
[10083.893095] api_signal: id=api-0205 timestamp=2026-06-08T11:48:03.893 status=RESPONSE
[10091.979318] api_signal: id=api-9875 timestamp=2026-06-08T11:48:11.979 status=REQUEST
[10092.803072] api_signal: id=api-9875 timestamp=2026-06-08T11:48:12.803 status=RESPONSE
[10184.196142] api_signal: id=api-2982 timestamp=2026-06-08T11:49:44.196 status=REQUEST
[10184.721912] api_signal: id=api-2982 timestamp=2026-06-08T11:49:44.721 status=RESPONSE
[10193.876541] api_signal: id=api-5323 timestamp=2026-06-08T11:49:53.876 status=REQUEST
[10194.390882] api_signal: id=api-5323 timestamp=2026-06-08T11:49:54.390 status=RESPONSE
[10259.317853] api_signal: id=api-0351 timestamp=2026-06-08T11:50:59.317 status=REQUEST
[10259.954615] api_signal: id=api-0351 timestamp=2026-06-08T11:50:59.954 status=RESPONSE
[10435.849362] api_signal: id=api-1503 timestamp=2026-06-08T11:53:55.849 status=REQUEST
[10436.508307] api_signal: id=api-1503 timestamp=2026-06-08T11:53:56.508 status=RESPONSE
[10513.159731] api_signal: id=api-0629 timestamp=2026-06-08T11:55:13.159 status=REQUEST
[10513.459575] api_signal: id=api-0629 timestamp=2026-06-08T11:55:13.459 status=RESPONSE
[10580.454017] api_signal: id=api-4707 timestamp=2026-06-08T11:56:20.454 status=REQUEST
[10581.596056] api_signal: id=api-4707 timestamp=2026-06-08T11:56:21.596 status=RESPONSE
[10656.407359] api_signal: id=api-2042 timestamp=2026-06-08T11:57:36.407 status=REQUEST
[10656.773659] api_signal: id=api-2042 timestamp=2026-06-08T11:57:36.773 status=RESPONSE
[10771.576212] api_signal: id=api-2769 timestamp=2026-06-08T11:59:31.576 status=REQUEST
[10773.265415] api_signal: id=api-2769 timestamp=2026-06-08T11:59:33.265 status=RESPONSE
[10800.063000] api_signal: id=api-4973 timestamp=2026-06-08T12:00:00.063 status=REQUEST
[10802.650515] api_signal: id=api-4259 timestamp=2026-06-08T12:00:02.650 status=REQUEST
[10802.987029] api_signal: id=api-4259 timestamp=2026-06-08T12:00:02.987 status=RESPONSE
[10815.863000] api_signal: id=api-4973 timestamp=2026-06-08T12:00:15.863 status=RESPONSE
[10894.035938] api_signal: id=api-8680 timestamp=2026-06-08T12:01:34.035 status=REQUEST
[10895.407260] api_signal: id=api-8680 timestamp=2026-06-08T12:01:35.407 status=RESPONSE
[10978.001805] api_signal: id=api-0579 timestamp=2026-06-08T12:02:58.001 status=REQUEST
[10978.343857] api_signal: id=api-0579 timestamp=2026-06-08T12:02:58.343 status=RESPONSE
[11161.775860] api_signal: id=api-3494 timestamp=2026-06-08T12:06:01.775 status=REQUEST
[11161.833945] api_signal: id=api-3494 timestamp=2026-06-08T12:06:01.833 status=RESPONSE
[11190.685789] api_signal: id=api-1308 timestamp=2026-06-08T12:06:30.685 status=REQUEST
[11192.782886] api_signal: id=api-1308 timestamp=2026-06-08T12:06:32.782 status=RESPONSE
[11257.690104] api_signal: id=api-7164 timestamp=2026-06-08T12:07:37.690 status=REQUEST
[11257.775036] api_signal: id=api-7164 timestamp=2026-06-08T12:07:37.775 status=RESPONSE
[11286.553409] api_signal: id=api-7629 timestamp=2026-06-08T12:08:06.553 status=REQUEST
[11287.755246] api_signal: id=api-7629 timestamp=2026-06-08T12:08:07.755 status=RESPONSE
[11297.805261] api_signal: id=api-2116 timestamp=2026-06-08T12:08:17.805 status=REQUEST
[11299.803044] api_signal: id=api-2116 timestamp=2026-06-08T12:08:19.803 status=RESPONSE
[11311.274790] api_signal: id=api-1744 timestamp=2026-06-08T12:08:31.274 status=REQUEST
[11312.208849] api_signal: id=api-1744 timestamp=2026-06-08T12:08:32.208 status=RESPONSE
[11339.019557] api_signal: id=api-0024 timestamp=2026-06-08T12:08:59.019 status=REQUEST
[11340.195888] api_signal: id=api-0024 timestamp=2026-06-08T12:09:00.195 status=RESPONSE
[11391.975832] api_signal: id=api-7144 timestamp=2026-06-08T12:09:51.975 status=REQUEST
[11392.267995] api_signal: id=api-7144 timestamp=2026-06-08T12:09:52.267 status=RESPONSE
[11429.845107] api_signal: id=api-6825 timestamp=2026-06-08T12:10:29.845 status=REQUEST
[11430.192143] api_signal: id=api-6825 timestamp=2026-06-08T12:10:30.192 status=RESPONSE
[11513.194093] api_signal: id=api-9159 timestamp=2026-06-08T12:11:53.194 status=REQUEST
[11513.991622] api_signal: id=api-9159 timestamp=2026-06-08T12:11:53.991 status=RESPONSE
[11522.558695] api_signal: id=api-6060 timestamp=2026-06-08T12:12:02.558 status=REQUEST
[11524.186680] api_signal: id=api-6060 timestamp=2026-06-08T12:12:04.186 status=RESPONSE
[11701.084237] api_signal: id=api-3713 timestamp=2026-06-08T12:15:01.084 status=REQUEST
[11702.128193] api_signal: id=api-3713 timestamp=2026-06-08T12:15:02.128 status=RESPONSE
[11733.052349] api_signal: id=api-2058 timestamp=2026-06-08T12:15:33.052 status=REQUEST
[11733.674900] api_signal: id=api-2058 timestamp=2026-06-08T12:15:33.674 status=RESPONSE
[12048.801180] api_signal: id=api-7695 timestamp=2026-06-08T12:20:48.801 status=REQUEST
[12050.381079] api_signal: id=api-7695 timestamp=2026-06-08T12:20:50.381 status=RESPONSE
[12122.103525] api_signal: id=api-2125 timestamp=2026-06-08T12:22:02.103 status=REQUEST
[12122.428689] api_signal: id=api-2125 timestamp=2026-06-08T12:22:02.428 status=RESPONSE
[12254.852760] api_signal: id=api-1821 timestamp=2026-06-08T12:24:14.852 status=REQUEST
[12254.908507] api_signal: id=api-1821 timestamp=2026-06-08T12:24:14.908 status=RESPONSE
[12281.291407] api_signal: id=api-7150 timestamp=2026-06-08T12:24:41.291 status=REQUEST
[12282.022743] api_signal: id=api-7150 timestamp=2026-06-08T12:24:42.022 status=RESPONSE
[12286.143167] api_signal: id=api-2614 timestamp=2026-06-08T12:24:46.143 status=REQUEST
[12287.720024] api_signal: id=api-2614 timestamp=2026-06-08T12:24:47.720 status=RESPONSE
[12294.933829] api_signal: id=api-2448 timestamp=2026-06-08T12:24:54.933 status=REQUEST
[12297.022918] api_signal: id=api-2448 timestamp=2026-06-08T12:24:57.022 status=RESPONSE
[12508.918276] api_signal: id=api-2427 timestamp=2026-06-08T12:28:28.918 status=REQUEST
[12510.225725] api_signal: id=api-2427 timestamp=2026-06-08T12:28:30.225 status=RESPONSE
[12556.870076] api_signal: id=api-9316 timestamp=2026-06-08T12:29:16.870 status=REQUEST
[12557.223947] api_signal: id=api-9316 timestamp=2026-06-08T12:29:17.223 status=RESPONSE
[12652.660360] api_signal: id=api-2642 timestamp=2026-06-08T12:30:52.660 status=REQUEST
[12653.036654] api_signal: id=api-2642 timestamp=2026-06-08T12:30:53.036 status=RESPONSE
[12670.192750] api_signal: id=api-8886 timestamp=2026-06-08T12:31:10.192 status=REQUEST
[12670.924468] api_signal: id=api-8886 timestamp=2026-06-08T12:31:10.924 status=RESPONSE
[12684.641872] api_signal: id=api-0649 timestamp=2026-06-08T12:31:24.641 status=REQUEST
[12685.424483] api_signal: id=api-0649 timestamp=2026-06-08T12:31:25.424 status=RESPONSE
[12761.030251] api_signal: id=api-7587 timestamp=2026-06-08T12:32:41.030 status=REQUEST
[12762.452150] api_signal: id=api-7587 timestamp=2026-06-08T12:32:42.452 status=RESPONSE
[12899.100937] api_signal: id=api-3340 timestamp=2026-06-08T12:34:59.100 status=REQUEST
[12900.863550] api_signal: id=api-3340 timestamp=2026-06-08T12:35:00.863 status=RESPONSE
[12916.015674] api_signal: id=api-5454 timestamp=2026-06-08T12:35:16.015 status=REQUEST
[12916.251817] api_signal: id=api-5454 timestamp=2026-06-08T12:35:16.251 status=RESPONSE
[12933.429369] api_signal: id=api-6972 timestamp=2026-06-08T12:35:33.429 status=REQUEST
[12934.897439] api_signal: id=api-6972 timestamp=2026-06-08T12:35:34.897 status=RESPONSE
[12998.646213] api_signal: id=api-3345 timestamp=2026-06-08T12:36:38.646 status=REQUEST
[12999.145657] api_signal: id=api-3345 timestamp=2026-06-08T12:36:39.145 status=RESPONSE
[13134.014424] api_signal: id=api-0241 timestamp=2026-06-08T12:38:54.014 status=REQUEST
[13135.384972] api_signal: id=api-0241 timestamp=2026-06-08T12:38:55.384 status=RESPONSE
[13229.198284] api_signal: id=api-6706 timestamp=2026-06-08T12:40:29.198 status=REQUEST
[13229.469356] api_signal: id=api-6706 timestamp=2026-06-08T12:40:29.469 status=RESPONSE
[13433.416509] api_signal: id=api-4779 timestamp=2026-06-08T12:43:53.416 status=REQUEST
[13435.273594] api_signal: id=api-4779 timestamp=2026-06-08T12:43:55.273 status=RESPONSE
[13488.890520] api_signal: id=api-4456 timestamp=2026-06-08T12:44:48.890 status=REQUEST
[13489.173558] api_signal: id=api-4456 timestamp=2026-06-08T12:44:49.173 status=RESPONSE
[13503.918065] api_signal: id=api-0984 timestamp=2026-06-08T12:45:03.918 status=REQUEST
[13506.243977] api_signal: id=api-0984 timestamp=2026-06-08T12:45:06.243 status=RESPONSE
[13507.389368] api_signal: id=api-9156 timestamp=2026-06-08T12:45:07.389 status=REQUEST
[13508.128014] api_signal: id=api-9156 timestamp=2026-06-08T12:45:08.128 status=RESPONSE
[13584.129286] api_signal: id=api-2083 timestamp=2026-06-08T12:46:24.129 status=REQUEST
[13585.917417] api_signal: id=api-2083 timestamp=2026-06-08T12:46:25.917 status=RESPONSE
[13607.314360] api_signal: id=api-8830 timestamp=2026-06-08T12:46:47.314 status=REQUEST
[13607.887448] api_signal: id=api-8830 timestamp=2026-06-08T12:46:47.887 status=RESPONSE
[13646.127303] api_signal: id=api-3535 timestamp=2026-06-08T12:47:26.127 status=REQUEST
[13647.470083] api_signal: id=api-3535 timestamp=2026-06-08T12:47:27.470 status=RESPONSE
[13657.050807] api_signal: id=api-1339 timestamp=2026-06-08T12:47:37.050 status=REQUEST
[13657.175995] api_signal: id=api-1339 timestamp=2026-06-08T12:47:37.175 status=RESPONSE
[13730.745131] api_signal: id=api-5432 timestamp=2026-06-08T12:48:50.745 status=REQUEST
[13731.135086] api_signal: id=api-5432 timestamp=2026-06-08T12:48:51.135 status=RESPONSE
[13768.425751] api_signal: id=api-6192 timestamp=2026-06-08T12:49:28.425 status=REQUEST
[13770.116089] api_signal: id=api-6192 timestamp=2026-06-08T12:49:30.116 status=RESPONSE
[13788.556770] api_signal: id=api-8788 timestamp=2026-06-08T12:49:48.556 status=REQUEST
[13789.450894] api_signal: id=api-8788 timestamp=2026-06-08T12:49:49.450 status=RESPONSE
[13828.842978] api_signal: id=api-8351 timestamp=2026-06-08T12:50:28.842 status=REQUEST
[13829.154856] api_signal: id=api-8351 timestamp=2026-06-08T12:50:29.154 status=RESPONSE
[13867.286571] api_signal: id=api-4181 timestamp=2026-06-08T12:51:07.286 status=REQUEST
[13868.535360] api_signal: id=api-4181 timestamp=2026-06-08T12:51:08.535 status=RESPONSE
[13939.658038] api_signal: id=api-3360 timestamp=2026-06-08T12:52:19.658 status=REQUEST
[13940.080172] api_signal: id=api-3360 timestamp=2026-06-08T12:52:20.080 status=RESPONSE
[14000.139052] api_signal: id=api-6924 timestamp=2026-06-08T12:53:20.139 status=REQUEST
[14000.694343] api_signal: id=api-6924 timestamp=2026-06-08T12:53:20.694 status=RESPONSE
[14006.425460] api_signal: id=api-6097 timestamp=2026-06-08T12:53:26.425 status=REQUEST
[14008.593711] api_signal: id=api-6097 timestamp=2026-06-08T12:53:28.593 status=RESPONSE
[14162.479085] api_signal: id=api-0983 timestamp=2026-06-08T12:56:02.479 status=REQUEST
[14162.826591] api_signal: id=api-0983 timestamp=2026-06-08T12:56:02.826 status=RESPONSE
[14249.746203] api_signal: id=api-9733 timestamp=2026-06-08T12:57:29.746 status=REQUEST
[14251.521768] api_signal: id=api-9733 timestamp=2026-06-08T12:57:31.521 status=RESPONSE
[14257.123616] api_signal: id=api-1119 timestamp=2026-06-08T12:57:37.123 status=REQUEST
[14257.681636] api_signal: id=api-1119 timestamp=2026-06-08T12:57:37.681 status=RESPONSE
[14400.027000] api_signal: id=api-8549 timestamp=2026-06-08T13:00:00.027 status=REQUEST
[14421.327000] api_signal: id=api-8549 timestamp=2026-06-08T13:00:21.327 status=RESPONSE
[14492.159393] api_signal: id=api-9857 timestamp=2026-06-08T13:01:32.159 status=REQUEST
[14492.376561] api_signal: id=api-9857 timestamp=2026-06-08T13:01:32.376 status=RESPONSE
[14507.352901] api_signal: id=api-6842 timestamp=2026-06-08T13:01:47.352 status=REQUEST
[14507.687926] api_signal: id=api-6842 timestamp=2026-06-08T13:01:47.687 status=RESPONSE
[14749.092832] api_signal: id=api-5818 timestamp=2026-06-08T13:05:49.092 status=REQUEST
[14749.510859] api_signal: id=api-5818 timestamp=2026-06-08T13:05:49.510 status=RESPONSE
[14778.387886] api_signal: id=api-3836 timestamp=2026-06-08T13:06:18.387 status=REQUEST
[14778.700669] api_signal: id=api-3836 timestamp=2026-06-08T13:06:18.700 status=RESPONSE
[14852.437125] api_signal: id=api-3795 timestamp=2026-06-08T13:07:32.437 status=REQUEST
[14853.644730] api_signal: id=api-3795 timestamp=2026-06-08T13:07:33.644 status=RESPONSE
[15028.819694] api_signal: id=api-4767 timestamp=2026-06-08T13:10:28.819 status=REQUEST
[15029.490977] api_signal: id=api-4767 timestamp=2026-06-08T13:10:29.490 status=RESPONSE
[15054.939570] api_signal: id=api-2136 timestamp=2026-06-08T13:10:54.939 status=REQUEST
[15055.211862] api_signal: id=api-2136 timestamp=2026-06-08T13:10:55.211 status=RESPONSE
[15213.889085] api_signal: id=api-3999 timestamp=2026-06-08T13:13:33.889 status=REQUEST
[15214.110574] api_signal: id=api-3999 timestamp=2026-06-08T13:13:34.110 status=RESPONSE
[15231.750341] api_signal: id=api-9022 timestamp=2026-06-08T13:13:51.750 status=REQUEST
[15232.201399] api_signal: id=api-9022 timestamp=2026-06-08T13:13:52.201 status=RESPONSE
[15287.052687] api_signal: id=api-0813 timestamp=2026-06-08T13:14:47.052 status=REQUEST
[15288.026924] api_signal: id=api-0813 timestamp=2026-06-08T13:14:48.026 status=RESPONSE
[15432.206161] api_signal: id=api-9716 timestamp=2026-06-08T13:17:12.206 status=REQUEST
[15432.448137] api_signal: id=api-9716 timestamp=2026-06-08T13:17:12.448 status=RESPONSE
[15567.500651] api_signal: id=api-7931 timestamp=2026-06-08T13:19:27.500 status=REQUEST
[15567.684487] api_signal: id=api-7931 timestamp=2026-06-08T13:19:27.684 status=RESPONSE
[15592.531307] api_signal: id=api-6187 timestamp=2026-06-08T13:19:52.531 status=REQUEST
[15593.897284] api_signal: id=api-6187 timestamp=2026-06-08T13:19:53.897 status=RESPONSE
[15623.793294] api_signal: id=api-9730 timestamp=2026-06-08T13:20:23.793 status=REQUEST
[15624.837053] api_signal: id=api-9730 timestamp=2026-06-08T13:20:24.837 status=RESPONSE
[15715.832408] api_signal: id=api-7623 timestamp=2026-06-08T13:21:55.832 status=REQUEST
[15715.980619] api_signal: id=api-7623 timestamp=2026-06-08T13:21:55.980 status=RESPONSE
[15736.409057] api_signal: id=api-5834 timestamp=2026-06-08T13:22:16.409 status=REQUEST
[15738.402271] api_signal: id=api-5834 timestamp=2026-06-08T13:22:18.402 status=RESPONSE
[15740.105675] api_signal: id=api-1657 timestamp=2026-06-08T13:22:20.105 status=REQUEST
[15742.515427] api_signal: id=api-1657 timestamp=2026-06-08T13:22:22.515 status=RESPONSE
[16152.660358] api_signal: id=api-6523 timestamp=2026-06-08T13:29:12.660 status=REQUEST
[16153.410869] api_signal: id=api-6523 timestamp=2026-06-08T13:29:13.410 status=RESPONSE
[16252.595428] api_signal: id=api-7351 timestamp=2026-06-08T13:30:52.595 status=REQUEST
[16252.902543] api_signal: id=api-7351 timestamp=2026-06-08T13:30:52.902 status=RESPONSE
[16462.657926] api_signal: id=api-8563 timestamp=2026-06-08T13:34:22.657 status=REQUEST
[16463.147514] api_signal: id=api-8563 timestamp=2026-06-08T13:34:23.147 status=RESPONSE
[16593.962491] api_signal: id=api-9436 timestamp=2026-06-08T13:36:33.962 status=REQUEST
[16595.644004] api_signal: id=api-9436 timestamp=2026-06-08T13:36:35.644 status=RESPONSE
[16637.315874] api_signal: id=api-5286 timestamp=2026-06-08T13:37:17.315 status=REQUEST
[16637.700961] api_signal: id=api-5286 timestamp=2026-06-08T13:37:17.700 status=RESPONSE
[16783.110254] api_signal: id=api-1067 timestamp=2026-06-08T13:39:43.110 status=REQUEST
[16784.014507] api_signal: id=api-1067 timestamp=2026-06-08T13:39:44.014 status=RESPONSE
[16822.681437] api_signal: id=api-3904 timestamp=2026-06-08T13:40:22.681 status=REQUEST
[16825.180941] api_signal: id=api-3904 timestamp=2026-06-08T13:40:25.180 status=RESPONSE
[16846.046206] api_signal: id=api-7287 timestamp=2026-06-08T13:40:46.046 status=REQUEST
[16846.122231] api_signal: id=api-7287 timestamp=2026-06-08T13:40:46.122 status=RESPONSE
[16876.499747] api_signal: id=api-6119 timestamp=2026-06-08T13:41:16.499 status=REQUEST
[16876.697319] api_signal: id=api-6119 timestamp=2026-06-08T13:41:16.697 status=RESPONSE
[17070.492672] api_signal: id=api-6609 timestamp=2026-06-08T13:44:30.492 status=REQUEST
[17071.361981] api_signal: id=api-6609 timestamp=2026-06-08T13:44:31.361 status=RESPONSE
[17176.353917] api_signal: id=api-9002 timestamp=2026-06-08T13:46:16.353 status=REQUEST
[17177.237769] api_signal: id=api-9002 timestamp=2026-06-08T13:46:17.237 status=RESPONSE
[17386.650744] api_signal: id=api-7251 timestamp=2026-06-08T13:49:46.650 status=REQUEST
[17388.117121] api_signal: id=api-7251 timestamp=2026-06-08T13:49:48.117 status=RESPONSE
[17393.390141] api_signal: id=api-1101 timestamp=2026-06-08T13:49:53.390 status=REQUEST
[17395.366803] api_signal: id=api-1101 timestamp=2026-06-08T13:49:55.366 status=RESPONSE
[17415.986526] api_signal: id=api-4494 timestamp=2026-06-08T13:50:15.986 status=REQUEST
[17416.366747] api_signal: id=api-4494 timestamp=2026-06-08T13:50:16.366 status=RESPONSE
[17583.251491] api_signal: id=api-5901 timestamp=2026-06-08T13:53:03.251 status=REQUEST
[17584.067958] api_signal: id=api-5901 timestamp=2026-06-08T13:53:04.067 status=RESPONSE
[17603.393621] api_signal: id=api-4603 timestamp=2026-06-08T13:53:23.393 status=REQUEST
[17605.371009] api_signal: id=api-4603 timestamp=2026-06-08T13:53:25.371 status=RESPONSE
[17694.630010] api_signal: id=api-8185 timestamp=2026-06-08T13:54:54.630 status=REQUEST
[17694.778855] api_signal: id=api-8185 timestamp=2026-06-08T13:54:54.778 status=RESPONSE
[17787.531778] api_signal: id=api-3234 timestamp=2026-06-08T13:56:27.531 status=REQUEST
[17787.889667] api_signal: id=api-3234 timestamp=2026-06-08T13:56:27.889 status=RESPONSE
[17791.133984] api_signal: id=api-7242 timestamp=2026-06-08T13:56:31.133 status=REQUEST
[17791.190780] api_signal: id=api-7242 timestamp=2026-06-08T13:56:31.190 status=RESPONSE
[17999.663821] api_signal: id=api-5009 timestamp=2026-06-08T13:59:59.663 status=REQUEST
[18000.018000] api_signal: id=api-4745 timestamp=2026-06-08T14:00:00.018 status=REQUEST
[18000.069866] api_signal: id=api-5009 timestamp=2026-06-08T14:00:00.069 status=RESPONSE
[18018.618000] api_signal: id=api-4745 timestamp=2026-06-08T14:00:18.618 status=RESPONSE
[18139.735700] api_signal: id=api-1143 timestamp=2026-06-08T14:02:19.735 status=REQUEST
[18139.856039] api_signal: id=api-1143 timestamp=2026-06-08T14:02:19.856 status=RESPONSE
[18334.021220] api_signal: id=api-8592 timestamp=2026-06-08T14:05:34.021 status=REQUEST
[18335.909156] api_signal: id=api-8592 timestamp=2026-06-08T14:05:35.909 status=RESPONSE
[18398.746971] api_signal: id=api-0131 timestamp=2026-06-08T14:06:38.746 status=REQUEST
[18399.113951] api_signal: id=api-0131 timestamp=2026-06-08T14:06:39.113 status=RESPONSE
[18404.486903] api_signal: id=api-9202 timestamp=2026-06-08T14:06:44.486 status=REQUEST
[18404.745658] api_signal: id=api-9202 timestamp=2026-06-08T14:06:44.745 status=RESPONSE
[18509.993424] api_signal: id=api-2099 timestamp=2026-06-08T14:08:29.993 status=REQUEST
[18510.866701] api_signal: id=api-2099 timestamp=2026-06-08T14:08:30.866 status=RESPONSE
[18528.221829] api_signal: id=api-7117 timestamp=2026-06-08T14:08:48.221 status=REQUEST
[18529.286550] api_signal: id=api-7117 timestamp=2026-06-08T14:08:49.286 status=RESPONSE
[18601.355734] api_signal: id=api-7714 timestamp=2026-06-08T14:10:01.355 status=REQUEST
[18603.147088] api_signal: id=api-7714 timestamp=2026-06-08T14:10:03.147 status=RESPONSE
[18652.457915] api_signal: id=api-5271 timestamp=2026-06-08T14:10:52.457 status=REQUEST
[18654.480491] api_signal: id=api-5271 timestamp=2026-06-08T14:10:54.480 status=RESPONSE
[18667.248309] api_signal: id=api-8102 timestamp=2026-06-08T14:11:07.248 status=REQUEST
[18668.609241] api_signal: id=api-8102 timestamp=2026-06-08T14:11:08.609 status=RESPONSE
[18695.815134] api_signal: id=api-3089 timestamp=2026-06-08T14:11:35.815 status=REQUEST
[18696.122650] api_signal: id=api-3089 timestamp=2026-06-08T14:11:36.122 status=RESPONSE
[18707.768422] api_signal: id=api-8235 timestamp=2026-06-08T14:11:47.768 status=REQUEST
[18708.498234] api_signal: id=api-8235 timestamp=2026-06-08T14:11:48.498 status=RESPONSE
[18973.026073] api_signal: id=api-9652 timestamp=2026-06-08T14:16:13.026 status=REQUEST
[18974.691409] api_signal: id=api-9652 timestamp=2026-06-08T14:16:14.691 status=RESPONSE
[18977.980159] api_signal: id=api-0223 timestamp=2026-06-08T14:16:17.980 status=REQUEST
[18978.375714] api_signal: id=api-0223 timestamp=2026-06-08T14:16:18.375 status=RESPONSE
[18982.171037] api_signal: id=api-0874 timestamp=2026-06-08T14:16:22.171 status=REQUEST
[18983.651809] api_signal: id=api-0874 timestamp=2026-06-08T14:16:23.651 status=RESPONSE
[19005.964654] api_signal: id=api-5553 timestamp=2026-06-08T14:16:45.964 status=REQUEST
[19006.832741] api_signal: id=api-5553 timestamp=2026-06-08T14:16:46.832 status=RESPONSE
[19015.453508] api_signal: id=api-1620 timestamp=2026-06-08T14:16:55.453 status=REQUEST
[19016.843189] api_signal: id=api-1620 timestamp=2026-06-08T14:16:56.843 status=RESPONSE
[19069.884240] api_signal: id=api-2007 timestamp=2026-06-08T14:17:49.884 status=REQUEST
[19071.973709] api_signal: id=api-2007 timestamp=2026-06-08T14:17:51.973 status=RESPONSE
[19110.238365] api_signal: id=api-3268 timestamp=2026-06-08T14:18:30.238 status=REQUEST
[19110.627931] api_signal: id=api-3268 timestamp=2026-06-08T14:18:30.627 status=RESPONSE
[19234.423917] api_signal: id=api-0987 timestamp=2026-06-08T14:20:34.423 status=REQUEST
[19235.059801] api_signal: id=api-0987 timestamp=2026-06-08T14:20:35.059 status=RESPONSE
[19248.256224] api_signal: id=api-0918 timestamp=2026-06-08T14:20:48.256 status=REQUEST
[19248.507116] api_signal: id=api-0918 timestamp=2026-06-08T14:20:48.507 status=RESPONSE
[19276.051367] api_signal: id=api-4075 timestamp=2026-06-08T14:21:16.051 status=REQUEST
[19277.258986] api_signal: id=api-4075 timestamp=2026-06-08T14:21:17.258 status=RESPONSE
[19494.160521] api_signal: id=api-4103 timestamp=2026-06-08T14:24:54.160 status=REQUEST
[19494.686752] api_signal: id=api-4103 timestamp=2026-06-08T14:24:54.686 status=RESPONSE
[19512.014051] api_signal: id=api-6823 timestamp=2026-06-08T14:25:12.014 status=REQUEST
[19513.363984] api_signal: id=api-6823 timestamp=2026-06-08T14:25:13.363 status=RESPONSE
[19624.138565] api_signal: id=api-8576 timestamp=2026-06-08T14:27:04.138 status=REQUEST
[19626.446547] api_signal: id=api-8576 timestamp=2026-06-08T14:27:06.446 status=RESPONSE
[19719.164653] api_signal: id=api-9519 timestamp=2026-06-08T14:28:39.164 status=REQUEST
[19721.178831] api_signal: id=api-9519 timestamp=2026-06-08T14:28:41.178 status=RESPONSE
[19860.483951] api_signal: id=api-3736 timestamp=2026-06-08T14:31:00.483 status=REQUEST
[19861.233756] api_signal: id=api-3736 timestamp=2026-06-08T14:31:01.233 status=RESPONSE
[19870.220071] api_signal: id=api-2092 timestamp=2026-06-08T14:31:10.220 status=REQUEST
[19870.348795] api_signal: id=api-2092 timestamp=2026-06-08T14:31:10.348 status=RESPONSE
[19967.221852] api_signal: id=api-4223 timestamp=2026-06-08T14:32:47.221 status=REQUEST
[19968.756195] api_signal: id=api-4223 timestamp=2026-06-08T14:32:48.756 status=RESPONSE
[19987.530552] api_signal: id=api-9711 timestamp=2026-06-08T14:33:07.530 status=REQUEST
[19987.916980] api_signal: id=api-9711 timestamp=2026-06-08T14:33:07.916 status=RESPONSE
[20100.895188] api_signal: id=api-6821 timestamp=2026-06-08T14:35:00.895 status=REQUEST
[20101.199502] api_signal: id=api-6821 timestamp=2026-06-08T14:35:01.199 status=RESPONSE
[20136.537518] api_signal: id=api-7927 timestamp=2026-06-08T14:35:36.537 status=REQUEST
[20137.103482] api_signal: id=api-7927 timestamp=2026-06-08T14:35:37.103 status=RESPONSE
[20148.078862] api_signal: id=api-4724 timestamp=2026-06-08T14:35:48.078 status=REQUEST
[20148.877537] api_signal: id=api-4724 timestamp=2026-06-08T14:35:48.877 status=RESPONSE
[20198.402973] api_signal: id=api-4310 timestamp=2026-06-08T14:36:38.402 status=REQUEST
[20198.644533] api_signal: id=api-4310 timestamp=2026-06-08T14:36:38.644 status=RESPONSE
[20236.149278] api_signal: id=api-8230 timestamp=2026-06-08T14:37:16.149 status=REQUEST
[20237.340403] api_signal: id=api-8230 timestamp=2026-06-08T14:37:17.340 status=RESPONSE
[20307.378417] api_signal: id=api-5447 timestamp=2026-06-08T14:38:27.378 status=REQUEST
[20308.041505] api_signal: id=api-7369 timestamp=2026-06-08T14:38:28.041 status=REQUEST
[20308.427088] api_signal: id=api-5447 timestamp=2026-06-08T14:38:28.427 status=RESPONSE
[20310.537861] api_signal: id=api-7369 timestamp=2026-06-08T14:38:30.537 status=RESPONSE
[20337.879239] api_signal: id=api-6907 timestamp=2026-06-08T14:38:57.879 status=REQUEST
[20339.788821] api_signal: id=api-6907 timestamp=2026-06-08T14:38:59.788 status=RESPONSE
[20412.581086] api_signal: id=api-9966 timestamp=2026-06-08T14:40:12.581 status=REQUEST
[20412.784954] api_signal: id=api-9966 timestamp=2026-06-08T14:40:12.784 status=RESPONSE
[20577.988312] api_signal: id=api-7564 timestamp=2026-06-08T14:42:57.988 status=REQUEST
[20578.297056] api_signal: id=api-7564 timestamp=2026-06-08T14:42:58.297 status=RESPONSE
[20607.548900] api_signal: id=api-2460 timestamp=2026-06-08T14:43:27.548 status=REQUEST
[20607.807237] api_signal: id=api-2460 timestamp=2026-06-08T14:43:27.807 status=RESPONSE
[20624.854174] api_signal: id=api-8220 timestamp=2026-06-08T14:43:44.854 status=REQUEST
[20625.241206] api_signal: id=api-8220 timestamp=2026-06-08T14:43:45.241 status=RESPONSE
[20635.490403] api_signal: id=api-9588 timestamp=2026-06-08T14:43:55.490 status=REQUEST
[20637.902286] api_signal: id=api-9588 timestamp=2026-06-08T14:43:57.902 status=RESPONSE
[20646.226699] api_signal: id=api-7531 timestamp=2026-06-08T14:44:06.226 status=REQUEST
[20646.466111] api_signal: id=api-7531 timestamp=2026-06-08T14:44:06.466 status=RESPONSE
[20650.675407] api_signal: id=api-1509 timestamp=2026-06-08T14:44:10.675 status=REQUEST
[20652.417209] api_signal: id=api-1509 timestamp=2026-06-08T14:44:12.417 status=RESPONSE
[20705.047920] api_signal: id=api-0344 timestamp=2026-06-08T14:45:05.047 status=REQUEST
[20705.936989] api_signal: id=api-0344 timestamp=2026-06-08T14:45:05.936 status=RESPONSE
[20807.805027] api_signal: id=api-3608 timestamp=2026-06-08T14:46:47.805 status=REQUEST
[20808.053879] api_signal: id=api-3608 timestamp=2026-06-08T14:46:48.053 status=RESPONSE
[20824.706846] api_signal: id=api-8021 timestamp=2026-06-08T14:47:04.706 status=REQUEST
[20826.313830] api_signal: id=api-8021 timestamp=2026-06-08T14:47:06.313 status=RESPONSE
[20849.727399] api_signal: id=api-7295 timestamp=2026-06-08T14:47:29.727 status=REQUEST
[20849.800462] api_signal: id=api-7295 timestamp=2026-06-08T14:47:29.800 status=RESPONSE
[20969.382913] api_signal: id=api-6103 timestamp=2026-06-08T14:49:29.382 status=REQUEST
[20969.625392] api_signal: id=api-6103 timestamp=2026-06-08T14:49:29.625 status=RESPONSE
[21028.953005] api_signal: id=api-1680 timestamp=2026-06-08T14:50:28.953 status=REQUEST
[21030.767444] api_signal: id=api-1680 timestamp=2026-06-08T14:50:30.767 status=RESPONSE
[21106.070094] api_signal: id=api-1203 timestamp=2026-06-08T14:51:46.070 status=REQUEST
[21107.149807] api_signal: id=api-1203 timestamp=2026-06-08T14:51:47.149 status=RESPONSE
[21222.558942] api_signal: id=api-3881 timestamp=2026-06-08T14:53:42.558 status=REQUEST
[21222.792238] api_signal: id=api-3881 timestamp=2026-06-08T14:53:42.792 status=RESPONSE
[21272.944363] api_signal: id=api-2402 timestamp=2026-06-08T14:54:32.944 status=REQUEST
[21274.939657] api_signal: id=api-2402 timestamp=2026-06-08T14:54:34.939 status=RESPONSE
[21287.544296] api_signal: id=api-1031 timestamp=2026-06-08T14:54:47.544 status=REQUEST
[21289.095195] api_signal: id=api-1031 timestamp=2026-06-08T14:54:49.095 status=RESPONSE
[21315.857974] api_signal: id=api-0551 timestamp=2026-06-08T14:55:15.857 status=REQUEST
[21316.082194] api_signal: id=api-0551 timestamp=2026-06-08T14:55:16.082 status=RESPONSE
[21389.706149] api_signal: id=api-4149 timestamp=2026-06-08T14:56:29.706 status=REQUEST
[21390.379617] api_signal: id=api-4149 timestamp=2026-06-08T14:56:30.379 status=RESPONSE
[21426.771061] api_signal: id=api-3306 timestamp=2026-06-08T14:57:06.771 status=REQUEST
[21427.990160] api_signal: id=api-3306 timestamp=2026-06-08T14:57:07.990 status=RESPONSE
[21438.577157] api_signal: id=api-2450 timestamp=2026-06-08T14:57:18.577 status=REQUEST
[21439.434586] api_signal: id=api-2450 timestamp=2026-06-08T14:57:19.434 status=RESPONSE
[21460.853002] api_signal: id=api-2488 timestamp=2026-06-08T14:57:40.853 status=REQUEST
[21461.124650] api_signal: id=api-2488 timestamp=2026-06-08T14:57:41.124 status=RESPONSE
[21600.000000] api_signal: id=api-2345 timestamp=2026-06-08T15:00:00.000 status=REQUEST
[21610.700000] api_signal: id=api-2345 timestamp=2026-06-08T15:00:10.700 status=RESPONSE
[21631.114476] api_signal: id=api-2266 timestamp=2026-06-08T15:00:31.114 status=REQUEST
[21633.549810] api_signal: id=api-2266 timestamp=2026-06-08T15:00:33.549 status=RESPONSE
[21740.620077] api_signal: id=api-5269 timestamp=2026-06-08T15:02:20.620 status=REQUEST
[21741.082336] api_signal: id=api-5269 timestamp=2026-06-08T15:02:21.082 status=RESPONSE
[21741.568602] api_signal: id=api-5811 timestamp=2026-06-08T15:02:21.568 status=REQUEST
[21742.536790] api_signal: id=api-5811 timestamp=2026-06-08T15:02:22.536 status=RESPONSE
[21764.764771] api_signal: id=api-8012 timestamp=2026-06-08T15:02:44.764 status=REQUEST
[21765.079068] api_signal: id=api-8012 timestamp=2026-06-08T15:02:45.079 status=RESPONSE
[22003.228054] api_signal: id=api-1388 timestamp=2026-06-08T15:06:43.228 status=REQUEST
[22004.252741] api_signal: id=api-1388 timestamp=2026-06-08T15:06:44.252 status=RESPONSE
[22065.375254] api_signal: id=api-9485 timestamp=2026-06-08T15:07:45.375 status=REQUEST
[22065.472001] api_signal: id=api-9485 timestamp=2026-06-08T15:07:45.472 status=RESPONSE
[22107.322012] api_signal: id=api-7820 timestamp=2026-06-08T15:08:27.322 status=REQUEST
[22107.796550] api_signal: id=api-7820 timestamp=2026-06-08T15:08:27.796 status=RESPONSE
[22141.615568] api_signal: id=api-2761 timestamp=2026-06-08T15:09:01.615 status=REQUEST
[22143.923285] api_signal: id=api-2761 timestamp=2026-06-08T15:09:03.923 status=RESPONSE
[22336.954354] api_signal: id=api-1897 timestamp=2026-06-08T15:12:16.954 status=REQUEST
[22338.077538] api_signal: id=api-1897 timestamp=2026-06-08T15:12:18.077 status=RESPONSE
[22463.931872] api_signal: id=api-4588 timestamp=2026-06-08T15:14:23.931 status=REQUEST
[22465.335722] api_signal: id=api-4588 timestamp=2026-06-08T15:14:25.335 status=RESPONSE
[22489.914391] api_signal: id=api-6105 timestamp=2026-06-08T15:14:49.914 status=REQUEST
[22491.320230] api_signal: id=api-6105 timestamp=2026-06-08T15:14:51.320 status=RESPONSE
[22526.966738] api_signal: id=api-2294 timestamp=2026-06-08T15:15:26.966 status=REQUEST
[22527.714611] api_signal: id=api-2294 timestamp=2026-06-08T15:15:27.714 status=RESPONSE
[22532.891042] api_signal: id=api-1197 timestamp=2026-06-08T15:15:32.891 status=REQUEST
[22533.132026] api_signal: id=api-1197 timestamp=2026-06-08T15:15:33.132 status=RESPONSE
[22622.524619] api_signal: id=api-8930 timestamp=2026-06-08T15:17:02.524 status=REQUEST
[22623.196882] api_signal: id=api-8930 timestamp=2026-06-08T15:17:03.196 status=RESPONSE
[22644.892316] api_signal: id=api-1879 timestamp=2026-06-08T15:17:24.892 status=REQUEST
[22645.165919] api_signal: id=api-1879 timestamp=2026-06-08T15:17:25.165 status=RESPONSE
[22657.431338] api_signal: id=api-4352 timestamp=2026-06-08T15:17:37.431 status=REQUEST
[22657.999783] api_signal: id=api-4352 timestamp=2026-06-08T15:17:37.999 status=RESPONSE
[22744.491984] api_signal: id=api-9229 timestamp=2026-06-08T15:19:04.491 status=REQUEST
[22744.877351] api_signal: id=api-9229 timestamp=2026-06-08T15:19:04.877 status=RESPONSE
[22754.182613] api_signal: id=api-3518 timestamp=2026-06-08T15:19:14.182 status=REQUEST
[22754.456903] api_signal: id=api-3518 timestamp=2026-06-08T15:19:14.456 status=RESPONSE
[22951.981119] api_signal: id=api-5647 timestamp=2026-06-08T15:22:31.981 status=REQUEST
[22953.564363] api_signal: id=api-5647 timestamp=2026-06-08T15:22:33.564 status=RESPONSE
[23025.372381] api_signal: id=api-6935 timestamp=2026-06-08T15:23:45.372 status=REQUEST
[23025.481046] api_signal: id=api-6935 timestamp=2026-06-08T15:23:45.481 status=RESPONSE
[23059.895026] api_signal: id=api-5042 timestamp=2026-06-08T15:24:19.895 status=REQUEST
[23060.448031] api_signal: id=api-5042 timestamp=2026-06-08T15:24:20.448 status=RESPONSE
[23115.599917] api_signal: id=api-5127 timestamp=2026-06-08T15:25:15.599 status=REQUEST
[23117.446744] api_signal: id=api-5127 timestamp=2026-06-08T15:25:17.446 status=RESPONSE
[23172.035826] api_signal: id=api-5078 timestamp=2026-06-08T15:26:12.035 status=REQUEST
[23173.719676] api_signal: id=api-5078 timestamp=2026-06-08T15:26:13.719 status=RESPONSE
[23292.831527] api_signal: id=api-4045 timestamp=2026-06-08T15:28:12.831 status=REQUEST
[23295.057525] api_signal: id=api-4045 timestamp=2026-06-08T15:28:15.057 status=RESPONSE
[23471.014264] api_signal: id=api-0486 timestamp=2026-06-08T15:31:11.014 status=REQUEST
[23472.633246] api_signal: id=api-0486 timestamp=2026-06-08T15:31:12.633 status=RESPONSE
[23487.319271] api_signal: id=api-3971 timestamp=2026-06-08T15:31:27.319 status=REQUEST
[23487.709004] api_signal: id=api-3971 timestamp=2026-06-08T15:31:27.709 status=RESPONSE
[23636.192905] api_signal: id=api-1452 timestamp=2026-06-08T15:33:56.192 status=REQUEST
[23637.278365] api_signal: id=api-1452 timestamp=2026-06-08T15:33:57.278 status=RESPONSE
[23663.487113] api_signal: id=api-2095 timestamp=2026-06-08T15:34:23.487 status=REQUEST
[23664.296202] api_signal: id=api-2095 timestamp=2026-06-08T15:34:24.296 status=RESPONSE
[23752.560265] api_signal: id=api-1000 timestamp=2026-06-08T15:35:52.560 status=REQUEST
[23753.071338] api_signal: id=api-1000 timestamp=2026-06-08T15:35:53.071 status=RESPONSE
[23763.977246] api_signal: id=api-4449 timestamp=2026-06-08T15:36:03.977 status=REQUEST
[23764.831881] api_signal: id=api-4449 timestamp=2026-06-08T15:36:04.831 status=RESPONSE
[23786.147947] api_signal: id=api-2493 timestamp=2026-06-08T15:36:26.147 status=REQUEST
[23787.503068] api_signal: id=api-2493 timestamp=2026-06-08T15:36:27.503 status=RESPONSE
[23849.166196] api_signal: id=api-6865 timestamp=2026-06-08T15:37:29.166 status=REQUEST
[23850.254008] api_signal: id=api-6865 timestamp=2026-06-08T15:37:30.254 status=RESPONSE
[23960.725917] api_signal: id=api-4461 timestamp=2026-06-08T15:39:20.725 status=REQUEST
[23961.233047] api_signal: id=api-4461 timestamp=2026-06-08T15:39:21.233 status=RESPONSE
[24067.278860] api_signal: id=api-6981 timestamp=2026-06-08T15:41:07.278 status=REQUEST
[24068.182788] api_signal: id=api-6981 timestamp=2026-06-08T15:41:08.182 status=RESPONSE
[24081.189309] api_signal: id=api-2813 timestamp=2026-06-08T15:41:21.189 status=REQUEST
[24082.074279] api_signal: id=api-2813 timestamp=2026-06-08T15:41:22.074 status=RESPONSE
[24225.497494] api_signal: id=api-6053 timestamp=2026-06-08T15:43:45.497 status=REQUEST
[24227.044216] api_signal: id=api-6053 timestamp=2026-06-08T15:43:47.044 status=RESPONSE
[24291.700033] api_signal: id=api-7170 timestamp=2026-06-08T15:44:51.700 status=REQUEST
[24292.459114] api_signal: id=api-7170 timestamp=2026-06-08T15:44:52.459 status=RESPONSE
[24322.800818] api_signal: id=api-9607 timestamp=2026-06-08T15:45:22.800 status=REQUEST
[24323.835937] api_signal: id=api-9607 timestamp=2026-06-08T15:45:23.835 status=RESPONSE
[24327.176791] api_signal: id=api-0106 timestamp=2026-06-08T15:45:27.176 status=REQUEST
[24327.248071] api_signal: id=api-0106 timestamp=2026-06-08T15:45:27.248 status=RESPONSE
[24353.068469] api_signal: id=api-1252 timestamp=2026-06-08T15:45:53.068 status=REQUEST
[24353.234329] api_signal: id=api-1252 timestamp=2026-06-08T15:45:53.234 status=RESPONSE
[24416.433884] api_signal: id=api-9746 timestamp=2026-06-08T15:46:56.433 status=REQUEST
[24417.698293] api_signal: id=api-9746 timestamp=2026-06-08T15:46:57.698 status=RESPONSE
[24464.971975] api_signal: id=api-1536 timestamp=2026-06-08T15:47:44.971 status=REQUEST
[24465.359582] api_signal: id=api-1536 timestamp=2026-06-08T15:47:45.359 status=RESPONSE
[24581.874877] api_signal: id=api-9226 timestamp=2026-06-08T15:49:41.874 status=REQUEST
[24582.362935] api_signal: id=api-9226 timestamp=2026-06-08T15:49:42.362 status=RESPONSE
[24649.575899] api_signal: id=api-6864 timestamp=2026-06-08T15:50:49.575 status=REQUEST
[24649.703483] api_signal: id=api-6864 timestamp=2026-06-08T15:50:49.703 status=RESPONSE
[24740.971526] api_signal: id=api-6538 timestamp=2026-06-08T15:52:20.971 status=REQUEST
[24742.478184] api_signal: id=api-6538 timestamp=2026-06-08T15:52:22.478 status=RESPONSE
[24815.549665] api_signal: id=api-6438 timestamp=2026-06-08T15:53:35.549 status=REQUEST
[24815.606373] api_signal: id=api-6438 timestamp=2026-06-08T15:53:35.606 status=RESPONSE
[24828.810133] api_signal: id=api-3859 timestamp=2026-06-08T15:53:48.810 status=REQUEST
[24830.227830] api_signal: id=api-3859 timestamp=2026-06-08T15:53:50.227 status=RESPONSE
[24903.086082] api_signal: id=api-3781 timestamp=2026-06-08T15:55:03.086 status=REQUEST
[24903.431981] api_signal: id=api-3781 timestamp=2026-06-08T15:55:03.431 status=RESPONSE
[25048.267987] api_signal: id=api-9047 timestamp=2026-06-08T15:57:28.267 status=REQUEST
[25048.385901] api_signal: id=api-9047 timestamp=2026-06-08T15:57:28.385 status=RESPONSE
[25066.832627] api_signal: id=api-3049 timestamp=2026-06-08T15:57:46.832 status=REQUEST
[25067.796732] api_signal: id=api-3049 timestamp=2026-06-08T15:57:47.796 status=RESPONSE
[25089.944283] api_signal: id=api-1357 timestamp=2026-06-08T15:58:09.944 status=REQUEST
[25091.305597] api_signal: id=api-1357 timestamp=2026-06-08T15:58:11.305 status=RESPONSE
[25124.081979] api_signal: id=api-2226 timestamp=2026-06-08T15:58:44.081 status=REQUEST
[25125.681729] api_signal: id=api-2226 timestamp=2026-06-08T15:58:45.681 status=RESPONSE
[25200.018000] api_signal: id=api-0600 timestamp=2026-06-08T16:00:00.018 status=REQUEST
[25210.718000] api_signal: id=api-0600 timestamp=2026-06-08T16:00:10.718 status=RESPONSE
[25265.723886] api_signal: id=api-0809 timestamp=2026-06-08T16:01:05.723 status=REQUEST
[25265.792295] api_signal: id=api-0809 timestamp=2026-06-08T16:01:05.792 status=RESPONSE
[25307.665759] api_signal: id=api-3707 timestamp=2026-06-08T16:01:47.665 status=REQUEST
[25307.966318] api_signal: id=api-3707 timestamp=2026-06-08T16:01:47.966 status=RESPONSE
[25552.665957] api_signal: id=api-1318 timestamp=2026-06-08T16:05:52.665 status=REQUEST
[25553.013299] api_signal: id=api-1318 timestamp=2026-06-08T16:05:53.013 status=RESPONSE
[25766.770593] api_signal: id=api-3860 timestamp=2026-06-08T16:09:26.770 status=REQUEST
[25767.105407] api_signal: id=api-3860 timestamp=2026-06-08T16:09:27.105 status=RESPONSE
[25812.632767] api_signal: id=api-1710 timestamp=2026-06-08T16:10:12.632 status=REQUEST
[25812.732905] api_signal: id=api-1710 timestamp=2026-06-08T16:10:12.732 status=RESPONSE
[25816.083676] api_signal: id=api-7428 timestamp=2026-06-08T16:10:16.083 status=REQUEST
[25816.679737] api_signal: id=api-7428 timestamp=2026-06-08T16:10:16.679 status=RESPONSE
[25925.172071] api_signal: id=api-5288 timestamp=2026-06-08T16:12:05.172 status=REQUEST
[25925.318011] api_signal: id=api-5288 timestamp=2026-06-08T16:12:05.318 status=RESPONSE
[25935.297491] api_signal: id=api-7535 timestamp=2026-06-08T16:12:15.297 status=REQUEST
[25936.444489] api_signal: id=api-7535 timestamp=2026-06-08T16:12:16.444 status=RESPONSE
[26060.804122] api_signal: id=api-8313 timestamp=2026-06-08T16:14:20.804 status=REQUEST
[26061.729282] api_signal: id=api-8313 timestamp=2026-06-08T16:14:21.729 status=RESPONSE
[26094.822116] api_signal: id=api-1922 timestamp=2026-06-08T16:14:54.822 status=REQUEST
[26096.575739] api_signal: id=api-1922 timestamp=2026-06-08T16:14:56.575 status=RESPONSE
[26210.920477] api_signal: id=api-5420 timestamp=2026-06-08T16:16:50.920 status=REQUEST
[26211.108736] api_signal: id=api-5420 timestamp=2026-06-08T16:16:51.108 status=RESPONSE
[26225.291891] api_signal: id=api-2230 timestamp=2026-06-08T16:17:05.291 status=REQUEST
[26226.232248] api_signal: id=api-2230 timestamp=2026-06-08T16:17:06.232 status=RESPONSE
[26237.121785] api_signal: id=api-0373 timestamp=2026-06-08T16:17:17.121 status=REQUEST
[26237.356188] api_signal: id=api-0373 timestamp=2026-06-08T16:17:17.356 status=RESPONSE
[26367.123721] api_signal: id=api-6174 timestamp=2026-06-08T16:19:27.123 status=REQUEST
[26367.210685] api_signal: id=api-6174 timestamp=2026-06-08T16:19:27.210 status=RESPONSE
[26382.069863] api_signal: id=api-2517 timestamp=2026-06-08T16:19:42.069 status=REQUEST
[26382.132300] api_signal: id=api-2517 timestamp=2026-06-08T16:19:42.132 status=RESPONSE
[26441.497022] api_signal: id=api-6502 timestamp=2026-06-08T16:20:41.497 status=REQUEST
[26442.791864] api_signal: id=api-6502 timestamp=2026-06-08T16:20:42.791 status=RESPONSE
[26504.459725] api_signal: id=api-0635 timestamp=2026-06-08T16:21:44.459 status=REQUEST
[26504.619939] api_signal: id=api-0635 timestamp=2026-06-08T16:21:44.619 status=RESPONSE
[26531.554217] api_signal: id=api-3619 timestamp=2026-06-08T16:22:11.554 status=REQUEST
[26531.677648] api_signal: id=api-3619 timestamp=2026-06-08T16:22:11.677 status=RESPONSE
[26592.982393] api_signal: id=api-4189 timestamp=2026-06-08T16:23:12.982 status=REQUEST
[26595.002947] api_signal: id=api-4189 timestamp=2026-06-08T16:23:15.002 status=RESPONSE
[26607.259353] api_signal: id=api-4872 timestamp=2026-06-08T16:23:27.259 status=REQUEST
[26607.658305] api_signal: id=api-4872 timestamp=2026-06-08T16:23:27.658 status=RESPONSE
[26740.778494] api_signal: id=api-3439 timestamp=2026-06-08T16:25:40.778 status=REQUEST
[26741.810275] api_signal: id=api-3439 timestamp=2026-06-08T16:25:41.810 status=RESPONSE
[26792.076075] api_signal: id=api-4856 timestamp=2026-06-08T16:26:32.076 status=REQUEST
[26792.298818] api_signal: id=api-4856 timestamp=2026-06-08T16:26:32.298 status=RESPONSE
[26815.439141] api_signal: id=api-5801 timestamp=2026-06-08T16:26:55.439 status=REQUEST
[26815.577996] api_signal: id=api-5801 timestamp=2026-06-08T16:26:55.577 status=RESPONSE
[26872.914625] api_signal: id=api-8686 timestamp=2026-06-08T16:27:52.914 status=REQUEST
[26873.340396] api_signal: id=api-8686 timestamp=2026-06-08T16:27:53.340 status=RESPONSE
[26907.111919] api_signal: id=api-9365 timestamp=2026-06-08T16:28:27.111 status=REQUEST
[26909.564518] api_signal: id=api-9365 timestamp=2026-06-08T16:28:29.564 status=RESPONSE
[27045.181796] api_signal: id=api-9822 timestamp=2026-06-08T16:30:45.181 status=REQUEST
[27046.248662] api_signal: id=api-9822 timestamp=2026-06-08T16:30:46.248 status=RESPONSE
[27086.386826] api_signal: id=api-7014 timestamp=2026-06-08T16:31:26.386 status=REQUEST
[27086.764087] api_signal: id=api-7014 timestamp=2026-06-08T16:31:26.764 status=RESPONSE
[27126.396206] api_signal: id=api-5461 timestamp=2026-06-08T16:32:06.396 status=REQUEST
[27126.652344] api_signal: id=api-5461 timestamp=2026-06-08T16:32:06.652 status=RESPONSE
[27169.877570] api_signal: id=api-1145 timestamp=2026-06-08T16:32:49.877 status=REQUEST
[27171.411601] api_signal: id=api-1145 timestamp=2026-06-08T16:32:51.411 status=RESPONSE
[27387.487966] api_signal: id=api-3073 timestamp=2026-06-08T16:36:27.487 status=REQUEST
[27388.212011] api_signal: id=api-3073 timestamp=2026-06-08T16:36:28.212 status=RESPONSE
[27520.609512] api_signal: id=api-3534 timestamp=2026-06-08T16:38:40.609 status=REQUEST
[27522.333107] api_signal: id=api-3534 timestamp=2026-06-08T16:38:42.333 status=RESPONSE
[27523.848306] api_signal: id=api-1055 timestamp=2026-06-08T16:38:43.848 status=REQUEST
[27523.924461] api_signal: id=api-1055 timestamp=2026-06-08T16:38:43.924 status=RESPONSE
[27721.943588] api_signal: id=api-4268 timestamp=2026-06-08T16:42:01.943 status=REQUEST
[27722.645705] api_signal: id=api-4268 timestamp=2026-06-08T16:42:02.645 status=RESPONSE
[27819.402672] api_signal: id=api-0624 timestamp=2026-06-08T16:43:39.402 status=REQUEST
[27820.397865] api_signal: id=api-4490 timestamp=2026-06-08T16:43:40.397 status=REQUEST
[27820.511294] api_signal: id=api-0624 timestamp=2026-06-08T16:43:40.511 status=RESPONSE
[27822.805183] api_signal: id=api-4490 timestamp=2026-06-08T16:43:42.805 status=RESPONSE
[28230.625720] api_signal: id=api-0820 timestamp=2026-06-08T16:50:30.625 status=REQUEST
[28231.489610] api_signal: id=api-0820 timestamp=2026-06-08T16:50:31.489 status=RESPONSE
[28302.050577] api_signal: id=api-6356 timestamp=2026-06-08T16:51:42.050 status=REQUEST
[28303.177408] api_signal: id=api-6356 timestamp=2026-06-08T16:51:43.177 status=RESPONSE
[28346.347374] api_signal: id=api-2788 timestamp=2026-06-08T16:52:26.347 status=REQUEST
[28347.925697] api_signal: id=api-2788 timestamp=2026-06-08T16:52:27.925 status=RESPONSE
[28394.150531] api_signal: id=api-5795 timestamp=2026-06-08T16:53:14.150 status=REQUEST
[28395.768376] api_signal: id=api-5795 timestamp=2026-06-08T16:53:15.768 status=RESPONSE
[28526.998155] api_signal: id=api-9862 timestamp=2026-06-08T16:55:26.998 status=REQUEST
[28527.099022] api_signal: id=api-9862 timestamp=2026-06-08T16:55:27.099 status=RESPONSE
[28538.248867] api_signal: id=api-2001 timestamp=2026-06-08T16:55:38.248 status=REQUEST
[28540.171538] api_signal: id=api-2001 timestamp=2026-06-08T16:55:40.171 status=RESPONSE
[28800.000000] api_signal: id=api-8380 timestamp=2026-06-08T17:00:00.000 status=REQUEST
[28812.400000] api_signal: id=api-8380 timestamp=2026-06-08T17:00:12.400 status=RESPONSE
[28822.176374] api_signal: id=api-6318 timestamp=2026-06-08T17:00:22.176 status=REQUEST
[28822.638865] api_signal: id=api-6318 timestamp=2026-06-08T17:00:22.638 status=RESPONSE
[28849.440360] api_signal: id=api-9250 timestamp=2026-06-08T17:00:49.440 status=REQUEST
[28849.822111] api_signal: id=api-9250 timestamp=2026-06-08T17:00:49.822 status=RESPONSE
[28906.042890] api_signal: id=api-9452 timestamp=2026-06-08T17:01:46.042 status=REQUEST
[28906.714933] api_signal: id=api-9452 timestamp=2026-06-08T17:01:46.714 status=RESPONSE
[29091.607936] api_signal: id=api-5667 timestamp=2026-06-08T17:04:51.607 status=REQUEST
[29092.321256] api_signal: id=api-5667 timestamp=2026-06-08T17:04:52.321 status=RESPONSE
[29106.807142] api_signal: id=api-4185 timestamp=2026-06-08T17:05:06.807 status=REQUEST
[29106.964413] api_signal: id=api-4185 timestamp=2026-06-08T17:05:06.964 status=RESPONSE
[29111.179293] api_signal: id=api-4341 timestamp=2026-06-08T17:05:11.179 status=REQUEST
[29113.449987] api_signal: id=api-4341 timestamp=2026-06-08T17:05:13.449 status=RESPONSE
[29330.376402] api_signal: id=api-2701 timestamp=2026-06-08T17:08:50.376 status=REQUEST
[29331.838868] api_signal: id=api-2701 timestamp=2026-06-08T17:08:51.838 status=RESPONSE
[29354.188188] api_signal: id=api-7772 timestamp=2026-06-08T17:09:14.188 status=REQUEST
[29355.871905] api_signal: id=api-7772 timestamp=2026-06-08T17:09:15.871 status=RESPONSE
[29568.144369] api_signal: id=api-4177 timestamp=2026-06-08T17:12:48.144 status=REQUEST
[29568.499590] api_signal: id=api-4177 timestamp=2026-06-08T17:12:48.499 status=RESPONSE
[30033.892623] api_signal: id=api-5838 timestamp=2026-06-08T17:20:33.892 status=REQUEST
[30034.051310] api_signal: id=api-5838 timestamp=2026-06-08T17:20:34.051 status=RESPONSE
[30045.001409] api_signal: id=api-7143 timestamp=2026-06-08T17:20:45.001 status=REQUEST
[30046.079931] api_signal: id=api-7143 timestamp=2026-06-08T17:20:46.079 status=RESPONSE
[30072.330324] api_signal: id=api-4400 timestamp=2026-06-08T17:21:12.330 status=REQUEST
[30072.655185] api_signal: id=api-4400 timestamp=2026-06-08T17:21:12.655 status=RESPONSE
[30145.603472] api_signal: id=api-3949 timestamp=2026-06-08T17:22:25.603 status=REQUEST
[30147.157052] api_signal: id=api-3949 timestamp=2026-06-08T17:22:27.157 status=RESPONSE
[30153.819502] api_signal: id=api-3379 timestamp=2026-06-08T17:22:33.819 status=REQUEST
[30155.091268] api_signal: id=api-3379 timestamp=2026-06-08T17:22:35.091 status=RESPONSE
[30194.506836] api_signal: id=api-8766 timestamp=2026-06-08T17:23:14.506 status=REQUEST
[30194.768790] api_signal: id=api-8766 timestamp=2026-06-08T17:23:14.768 status=RESPONSE
[30267.044269] api_signal: id=api-5160 timestamp=2026-06-08T17:24:27.044 status=REQUEST
[30267.293949] api_signal: id=api-5160 timestamp=2026-06-08T17:24:27.293 status=RESPONSE
[30295.920987] api_signal: id=api-0583 timestamp=2026-06-08T17:24:55.920 status=REQUEST
[30297.576164] api_signal: id=api-0583 timestamp=2026-06-08T17:24:57.576 status=RESPONSE
[30310.266845] api_signal: id=api-4833 timestamp=2026-06-08T17:25:10.266 status=REQUEST
[30311.074694] api_signal: id=api-4833 timestamp=2026-06-08T17:25:11.074 status=RESPONSE
[30334.358984] api_signal: id=api-7720 timestamp=2026-06-08T17:25:34.358 status=REQUEST
[30335.354350] api_signal: id=api-7720 timestamp=2026-06-08T17:25:35.354 status=RESPONSE
[30352.608264] api_signal: id=api-8104 timestamp=2026-06-08T17:25:52.608 status=REQUEST
[30352.916960] api_signal: id=api-8104 timestamp=2026-06-08T17:25:52.916 status=RESPONSE
[30381.841022] api_signal: id=api-4205 timestamp=2026-06-08T17:26:21.841 status=REQUEST
[30382.593704] api_signal: id=api-4205 timestamp=2026-06-08T17:26:22.593 status=RESPONSE
[30434.641310] api_signal: id=api-0216 timestamp=2026-06-08T17:27:14.641 status=REQUEST
[30434.971424] api_signal: id=api-0216 timestamp=2026-06-08T17:27:14.971 status=RESPONSE
[30511.245208] api_signal: id=api-0082 timestamp=2026-06-08T17:28:31.245 status=REQUEST
[30511.413356] api_signal: id=api-0082 timestamp=2026-06-08T17:28:31.413 status=RESPONSE
[30553.390725] api_signal: id=api-0319 timestamp=2026-06-08T17:29:13.390 status=REQUEST
[30553.450482] api_signal: id=api-0319 timestamp=2026-06-08T17:29:13.450 status=RESPONSE
[30583.548846] api_signal: id=api-4361 timestamp=2026-06-08T17:29:43.548 status=REQUEST
[30583.924336] api_signal: id=api-4361 timestamp=2026-06-08T17:29:43.924 status=RESPONSE
[30585.446294] api_signal: id=api-6724 timestamp=2026-06-08T17:29:45.446 status=REQUEST
[30586.654214] api_signal: id=api-6724 timestamp=2026-06-08T17:29:46.654 status=RESPONSE
[30596.555417] api_signal: id=api-0184 timestamp=2026-06-08T17:29:56.555 status=REQUEST
[30596.630839] api_signal: id=api-0184 timestamp=2026-06-08T17:29:56.630 status=RESPONSE
[30705.184863] api_signal: id=api-9964 timestamp=2026-06-08T17:31:45.184 status=REQUEST
[30705.407285] api_signal: id=api-9964 timestamp=2026-06-08T17:31:45.407 status=RESPONSE
[30797.326883] api_signal: id=api-0767 timestamp=2026-06-08T17:33:17.326 status=REQUEST
[30797.535882] api_signal: id=api-0767 timestamp=2026-06-08T17:33:17.535 status=RESPONSE
[30889.522873] api_signal: id=api-2422 timestamp=2026-06-08T17:34:49.522 status=REQUEST
[30889.892019] api_signal: id=api-2422 timestamp=2026-06-08T17:34:49.892 status=RESPONSE
[30892.725325] api_signal: id=api-5395 timestamp=2026-06-08T17:34:52.725 status=REQUEST
[30894.418322] api_signal: id=api-5395 timestamp=2026-06-08T17:34:54.418 status=RESPONSE
[30901.339726] api_signal: id=api-8934 timestamp=2026-06-08T17:35:01.339 status=REQUEST
[30903.247561] api_signal: id=api-8934 timestamp=2026-06-08T17:35:03.247 status=RESPONSE
[30973.533515] api_signal: id=api-9699 timestamp=2026-06-08T17:36:13.533 status=REQUEST
[30975.943287] api_signal: id=api-9699 timestamp=2026-06-08T17:36:15.943 status=RESPONSE
[31000.910595] api_signal: id=api-6671 timestamp=2026-06-08T17:36:40.910 status=REQUEST
[31001.126881] api_signal: id=api-6671 timestamp=2026-06-08T17:36:41.126 status=RESPONSE
[31128.478366] api_signal: id=api-5266 timestamp=2026-06-08T17:38:48.478 status=REQUEST
[31128.852203] api_signal: id=api-5266 timestamp=2026-06-08T17:38:48.852 status=RESPONSE
[31288.769977] api_signal: id=api-6998 timestamp=2026-06-08T17:41:28.769 status=REQUEST
[31290.504078] api_signal: id=api-6998 timestamp=2026-06-08T17:41:30.504 status=RESPONSE
[31644.802782] api_signal: id=api-1517 timestamp=2026-06-08T17:47:24.802 status=REQUEST
[31645.291601] api_signal: id=api-1517 timestamp=2026-06-08T17:47:25.291 status=RESPONSE
[31726.344812] api_signal: id=api-9291 timestamp=2026-06-08T17:48:46.344 status=REQUEST
[31726.418978] api_signal: id=api-9291 timestamp=2026-06-08T17:48:46.418 status=RESPONSE
[31865.770908] api_signal: id=api-3310 timestamp=2026-06-08T17:51:05.770 status=REQUEST
[31866.576829] api_signal: id=api-3310 timestamp=2026-06-08T17:51:06.576 status=RESPONSE
[31888.046428] api_signal: id=api-0993 timestamp=2026-06-08T17:51:28.046 status=REQUEST
[31888.822850] api_signal: id=api-0993 timestamp=2026-06-08T17:51:28.822 status=RESPONSE
[31926.942268] api_signal: id=api-9083 timestamp=2026-06-08T17:52:06.942 status=REQUEST
[31927.291414] api_signal: id=api-9083 timestamp=2026-06-08T17:52:07.291 status=RESPONSE
[32056.252836] api_signal: id=api-6489 timestamp=2026-06-08T17:54:16.252 status=REQUEST
[32056.840843] api_signal: id=api-6489 timestamp=2026-06-08T17:54:16.840 status=RESPONSE
[32084.892147] api_signal: id=api-4023 timestamp=2026-06-08T17:54:44.892 status=REQUEST
[32085.021482] api_signal: id=api-4023 timestamp=2026-06-08T17:54:45.021 status=RESPONSE
[32158.891167] api_signal: id=api-5988 timestamp=2026-06-08T17:55:58.891 status=REQUEST
[32159.600128] api_signal: id=api-5988 timestamp=2026-06-08T17:55:59.600 status=RESPONSE
[32161.705283] api_signal: id=api-6744 timestamp=2026-06-08T17:56:01.705 status=REQUEST
[32163.474651] api_signal: id=api-6744 timestamp=2026-06-08T17:56:03.474 status=RESPONSE
[32218.801905] api_signal: id=api-6225 timestamp=2026-06-08T17:56:58.801 status=REQUEST
[32220.029675] api_signal: id=api-6225 timestamp=2026-06-08T17:57:00.029 status=RESPONSE
[32239.490349] api_signal: id=api-9320 timestamp=2026-06-08T17:57:19.490 status=REQUEST
[32241.446159] api_signal: id=api-9320 timestamp=2026-06-08T17:57:21.446 status=RESPONSE
[32259.281666] api_signal: id=api-7521 timestamp=2026-06-08T17:57:39.281 status=REQUEST
[32261.042925] api_signal: id=api-7521 timestamp=2026-06-08T17:57:41.042 status=RESPONSE
[32361.761290] api_signal: id=api-3406 timestamp=2026-06-08T17:59:21.761 status=REQUEST
[32362.890280] api_signal: id=api-3406 timestamp=2026-06-08T17:59:22.890 status=RESPONSE
[32383.397112] api_signal: id=api-3087 timestamp=2026-06-08T17:59:43.397 status=REQUEST
[32384.232059] api_signal: id=api-3087 timestamp=2026-06-08T17:59:44.232 status=RESPONSE
[32400.027000] api_signal: id=api-9595 timestamp=2026-06-08T18:00:00.027 status=REQUEST
[32421.327000] api_signal: id=api-9595 timestamp=2026-06-08T18:00:21.327 status=RESPONSE
[32474.957398] api_signal: id=api-7492 timestamp=2026-06-08T18:01:14.957 status=REQUEST
[32475.948742] api_signal: id=api-7492 timestamp=2026-06-08T18:01:15.948 status=RESPONSE
[32570.680187] api_signal: id=api-2031 timestamp=2026-06-08T18:02:50.680 status=REQUEST
[32570.830334] api_signal: id=api-2031 timestamp=2026-06-08T18:02:50.830 status=RESPONSE
[32579.704816] api_signal: id=api-9475 timestamp=2026-06-08T18:02:59.704 status=REQUEST
[32580.208787] api_signal: id=api-9475 timestamp=2026-06-08T18:03:00.208 status=RESPONSE
[32652.525070] api_signal: id=api-0059 timestamp=2026-06-08T18:04:12.525 status=REQUEST
[32652.980860] api_signal: id=api-0059 timestamp=2026-06-08T18:04:12.980 status=RESPONSE
[32750.678236] api_signal: id=api-1780 timestamp=2026-06-08T18:05:50.678 status=REQUEST
[32751.119063] api_signal: id=api-1780 timestamp=2026-06-08T18:05:51.119 status=RESPONSE
[32879.715514] api_signal: id=api-1091 timestamp=2026-06-08T18:07:59.715 status=REQUEST
[32880.499928] api_signal: id=api-1091 timestamp=2026-06-08T18:08:00.499 status=RESPONSE
[32932.111705] api_signal: id=api-7597 timestamp=2026-06-08T18:08:52.111 status=REQUEST
[32932.335411] api_signal: id=api-7597 timestamp=2026-06-08T18:08:52.335 status=RESPONSE
[32935.451447] api_signal: id=api-8582 timestamp=2026-06-08T18:08:55.451 status=REQUEST
[32936.987450] api_signal: id=api-8582 timestamp=2026-06-08T18:08:56.987 status=RESPONSE
[33071.599714] api_signal: id=api-8229 timestamp=2026-06-08T18:11:11.599 status=REQUEST
[33071.894560] api_signal: id=api-8229 timestamp=2026-06-08T18:11:11.894 status=RESPONSE
[33102.351634] api_signal: id=api-8836 timestamp=2026-06-08T18:11:42.351 status=REQUEST
[33103.324005] api_signal: id=api-8836 timestamp=2026-06-08T18:11:43.324 status=RESPONSE
[33148.406622] api_signal: id=api-1576 timestamp=2026-06-08T18:12:28.406 status=REQUEST
[33148.947403] api_signal: id=api-1576 timestamp=2026-06-08T18:12:28.947 status=RESPONSE
[33195.176871] api_signal: id=api-3909 timestamp=2026-06-08T18:13:15.176 status=REQUEST
[33195.313987] api_signal: id=api-3909 timestamp=2026-06-08T18:13:15.313 status=RESPONSE
[33401.417586] api_signal: id=api-7467 timestamp=2026-06-08T18:16:41.417 status=REQUEST
[33401.754763] api_signal: id=api-7467 timestamp=2026-06-08T18:16:41.754 status=RESPONSE
[33477.327414] api_signal: id=api-7831 timestamp=2026-06-08T18:17:57.327 status=REQUEST
[33478.834228] api_signal: id=api-7831 timestamp=2026-06-08T18:17:58.834 status=RESPONSE
[33492.519833] api_signal: id=api-6818 timestamp=2026-06-08T18:18:12.519 status=REQUEST
[33492.910736] api_signal: id=api-6818 timestamp=2026-06-08T18:18:12.910 status=RESPONSE
[33542.146314] api_signal: id=api-5585 timestamp=2026-06-08T18:19:02.146 status=REQUEST
[33542.890251] api_signal: id=api-5585 timestamp=2026-06-08T18:19:02.890 status=RESPONSE
[33678.384346] api_signal: id=api-3968 timestamp=2026-06-08T18:21:18.384 status=REQUEST
[33678.779035] api_signal: id=api-2269 timestamp=2026-06-08T18:21:18.779 status=REQUEST
[33679.051976] api_signal: id=api-3968 timestamp=2026-06-08T18:21:19.051 status=RESPONSE
[33679.342018] api_signal: id=api-2269 timestamp=2026-06-08T18:21:19.342 status=RESPONSE
[34075.582130] api_signal: id=api-3490 timestamp=2026-06-08T18:27:55.582 status=REQUEST
[34077.362685] api_signal: id=api-3490 timestamp=2026-06-08T18:27:57.362 status=RESPONSE
[34112.001268] api_signal: id=api-7888 timestamp=2026-06-08T18:28:32.001 status=REQUEST
[34113.422212] api_signal: id=api-7888 timestamp=2026-06-08T18:28:33.422 status=RESPONSE
[34375.713368] api_signal: id=api-5907 timestamp=2026-06-08T18:32:55.713 status=REQUEST
[34377.165949] api_signal: id=api-5907 timestamp=2026-06-08T18:32:57.165 status=RESPONSE
[34379.257962] api_signal: id=api-8799 timestamp=2026-06-08T18:32:59.257 status=REQUEST
[34380.554291] api_signal: id=api-8799 timestamp=2026-06-08T18:33:00.554 status=RESPONSE
[34387.620985] api_signal: id=api-0544 timestamp=2026-06-08T18:33:07.620 status=REQUEST
[34388.674935] api_signal: id=api-0544 timestamp=2026-06-08T18:33:08.674 status=RESPONSE
[34681.319964] api_signal: id=api-4879 timestamp=2026-06-08T18:38:01.319 status=REQUEST
[34681.999251] api_signal: id=api-4879 timestamp=2026-06-08T18:38:01.999 status=RESPONSE
[34777.140147] api_signal: id=api-5463 timestamp=2026-06-08T18:39:37.140 status=REQUEST
[34778.637876] api_signal: id=api-5463 timestamp=2026-06-08T18:39:38.637 status=RESPONSE
[34814.941327] api_signal: id=api-9289 timestamp=2026-06-08T18:40:14.941 status=REQUEST
[34815.271318] api_signal: id=api-9289 timestamp=2026-06-08T18:40:15.271 status=RESPONSE
[34836.286583] api_signal: id=api-7576 timestamp=2026-06-08T18:40:36.286 status=REQUEST
[34837.729593] api_signal: id=api-7576 timestamp=2026-06-08T18:40:37.729 status=RESPONSE
[34885.607843] api_signal: id=api-7614 timestamp=2026-06-08T18:41:25.607 status=REQUEST
[34885.687206] api_signal: id=api-7614 timestamp=2026-06-08T18:41:25.687 status=RESPONSE
[35160.084213] api_signal: id=api-7455 timestamp=2026-06-08T18:46:00.084 status=REQUEST
[35160.240400] api_signal: id=api-7455 timestamp=2026-06-08T18:46:00.240 status=RESPONSE
[35322.301541] api_signal: id=api-3918 timestamp=2026-06-08T18:48:42.301 status=REQUEST
[35322.632023] api_signal: id=api-3918 timestamp=2026-06-08T18:48:42.632 status=RESPONSE
[35345.793318] api_signal: id=api-6239 timestamp=2026-06-08T18:49:05.793 status=REQUEST
[35346.878609] api_signal: id=api-6239 timestamp=2026-06-08T18:49:06.878 status=RESPONSE
[35453.825669] api_signal: id=api-2143 timestamp=2026-06-08T18:50:53.825 status=REQUEST
[35454.470051] api_signal: id=api-2143 timestamp=2026-06-08T18:50:54.470 status=RESPONSE
[35495.536706] api_signal: id=api-1122 timestamp=2026-06-08T18:51:35.536 status=REQUEST
[35495.615699] api_signal: id=api-1122 timestamp=2026-06-08T18:51:35.615 status=RESPONSE
[35535.165188] api_signal: id=api-1681 timestamp=2026-06-08T18:52:15.165 status=REQUEST
[35535.415188] api_signal: id=api-1681 timestamp=2026-06-08T18:52:15.415 status=RESPONSE
[35803.900924] api_signal: id=api-7261 timestamp=2026-06-08T18:56:43.900 status=REQUEST
[35805.021283] api_signal: id=api-7261 timestamp=2026-06-08T18:56:45.021 status=RESPONSE
[35814.678011] api_signal: id=api-6467 timestamp=2026-06-08T18:56:54.678 status=REQUEST
[35816.194619] api_signal: id=api-6467 timestamp=2026-06-08T18:56:56.194 status=RESPONSE
[35825.940878] api_signal: id=api-0389 timestamp=2026-06-08T18:57:05.940 status=REQUEST
[35826.010999] api_signal: id=api-0389 timestamp=2026-06-08T18:57:06.010 status=RESPONSE
[35828.965879] api_signal: id=api-4111 timestamp=2026-06-08T18:57:08.965 status=REQUEST
[35829.686318] api_signal: id=api-4111 timestamp=2026-06-08T18:57:09.686 status=RESPONSE
[35977.339569] api_signal: id=api-0548 timestamp=2026-06-08T18:59:37.339 status=REQUEST
[35979.377756] api_signal: id=api-0548 timestamp=2026-06-08T18:59:39.377 status=RESPONSE
