[    0.037000] api_signal: id=api-0092 timestamp=2026-06-08T22:40:00.037 status=REQUEST
[    0.110000] api_signal: id=api-0270 timestamp=2026-06-08T22:40:00.110 status=REQUEST
[    0.141000] api_signal: id=api-0156 timestamp=2026-06-08T22:40:00.141 status=REQUEST
[    0.386000] api_signal: id=api-0351 timestamp=2026-06-08T22:40:00.386 status=REQUEST
[    0.471000] api_signal: id=api-0118 timestamp=2026-06-08T22:40:00.471 status=REQUEST
[    0.512000] api_signal: id=api-0201 timestamp=2026-06-08T22:40:00.512 status=REQUEST
[    0.610000] api_signal: id=api-0188 timestamp=2026-06-08T22:40:00.610 status=REQUEST
[    0.829000] api_signal: id=api-0409 timestamp=2026-06-08T22:40:00.829 status=REQUEST
[    1.102000] api_signal: id=api-0118 timestamp=2026-06-08T22:40:01.102 status=RESPONSE
[    1.276000] api_signal: id=api-0094 timestamp=2026-06-08T22:40:01.276 status=REQUEST
[    1.378000] api_signal: id=api-0115 timestamp=2026-06-08T22:40:01.378 status=REQUEST
[    1.624000] api_signal: id=api-0239 timestamp=2026-06-08T22:40:01.624 status=REQUEST
[    1.639000] api_signal: id=api-0002 timestamp=2026-06-08T22:40:01.639 status=REQUEST
[    1.739000] api_signal: id=api-0011 timestamp=2026-06-08T22:40:01.739 status=REQUEST
[    1.767000] api_signal: id=api-0365 timestamp=2026-06-08T22:40:01.767 status=REQUEST
[    1.952000] api_signal: id=api-0008 timestamp=2026-06-08T22:40:01.952 status=REQUEST
[    2.242000] api_signal: id=api-0094 timestamp=2026-06-08T22:40:02.242 status=RESPONSE
[    2.769000] api_signal: id=api-0008 timestamp=2026-06-08T22:40:02.769 status=RESPONSE
[    2.889000] api_signal: id=api-0215 timestamp=2026-06-08T22:40:02.889 status=REQUEST
[    2.908000] api_signal: id=api-0269 timestamp=2026-06-08T22:40:02.908 status=REQUEST
[    2.968000] api_signal: id=api-0215 timestamp=2026-06-08T22:40:02.968 status=RESPONSE
[    2.982000] api_signal: id=api-0471 timestamp=2026-06-08T22:40:02.982 status=REQUEST
[    3.003000] api_signal: id=api-0033 timestamp=2026-06-08T22:40:03.003 status=REQUEST
[    3.028000] api_signal: id=api-0304 timestamp=2026-06-08T22:40:03.028 status=REQUEST
[    3.143000] api_signal: id=api-0239 timestamp=2026-06-08T22:40:03.143 status=RESPONSE
[    3.317000] api_signal: id=api-0351 timestamp=2026-06-08T22:40:03.317 status=RESPONSE
[    3.389000] api_signal: id=api-0156 timestamp=2026-06-08T22:40:03.389 status=RESPONSE
[    3.413000] api_signal: id=api-0379 timestamp=2026-06-08T22:40:03.413 status=REQUEST
[    3.478000] api_signal: id=api-0471 timestamp=2026-06-08T22:40:03.478 status=RESPONSE
[    3.746000] api_signal: id=api-0166 timestamp=2026-06-08T22:40:03.746 status=REQUEST
[    3.832000] api_signal: id=api-0163 timestamp=2026-06-08T22:40:03.832 status=REQUEST
[    3.942000] api_signal: id=api-0002 timestamp=2026-06-08T22:40:03.942 status=RESPONSE
[    3.972000] api_signal: id=api-0137 timestamp=2026-06-08T22:40:03.972 status=REQUEST
[    3.994000] api_signal: id=api-0165 timestamp=2026-06-08T22:40:03.994 status=REQUEST
[    4.196000] api_signal: id=api-0114 timestamp=2026-06-08T22:40:04.196 status=REQUEST
[    4.206000] api_signal: id=api-0166 timestamp=2026-06-08T22:40:04.206 status=RESPONSE
[    4.209000] api_signal: id=api-0342 timestamp=2026-06-08T22:40:04.209 status=REQUEST
[    4.320000] api_signal: id=api-0409 timestamp=2026-06-08T22:40:04.320 status=RESPONSE
[    4.337000] api_signal: id=api-0053 timestamp=2026-06-08T22:40:04.337 status=REQUEST
[    4.414000] api_signal: id=api-0188 timestamp=2026-06-08T22:40:04.414 status=RESPONSE
[    4.419000] api_signal: id=api-0270 timestamp=2026-06-08T22:40:04.419 status=RESPONSE
[    4.453000] api_signal: id=api-0173 timestamp=2026-06-08T22:40:04.453 status=REQUEST
[    4.490000] api_signal: id=api-0172 timestamp=2026-06-08T22:40:04.490 status=REQUEST
[    4.519000] api_signal: id=api-0407 timestamp=2026-06-08T22:40:04.519 status=REQUEST
[    4.585000] api_signal: id=api-0274 timestamp=2026-06-08T22:40:04.585 status=REQUEST
[    4.643000] api_signal: id=api-0123 timestamp=2026-06-08T22:40:04.643 status=REQUEST
[    4.855000] api_signal: id=api-0483 timestamp=2026-06-08T22:40:04.855 status=REQUEST
[    4.919000] api_signal: id=api-0033 timestamp=2026-06-08T22:40:04.919 status=RESPONSE
[    4.980000] api_signal: id=api-0398 timestamp=2026-06-08T22:40:04.980 status=REQUEST
[    4.993000] api_signal: id=api-0092 timestamp=2026-06-08T22:40:04.993 status=RESPONSE
[    5.044000] api_signal: id=api-0365 timestamp=2026-06-08T22:40:05.044 status=RESPONSE
[    5.077000] api_signal: id=api-0334 timestamp=2026-06-08T22:40:05.077 status=REQUEST
[    5.083000] api_signal: id=api-0304 timestamp=2026-06-08T22:40:05.083 status=RESPONSE
[    5.105000] api_signal: id=api-0201 timestamp=2026-06-08T22:40:05.105 status=RESPONSE
[    5.161000] api_signal: id=api-0098 timestamp=2026-06-08T22:40:05.161 status=REQUEST
[    5.229000] api_signal: id=api-0035 timestamp=2026-06-08T22:40:05.229 status=REQUEST
[    5.280000] api_signal: id=api-0338 timestamp=2026-06-08T22:40:05.280 status=REQUEST
[    5.501000] api_signal: id=api-0368 timestamp=2026-06-08T22:40:05.501 status=REQUEST
[    5.610000] api_signal: id=api-0437 timestamp=2026-06-08T22:40:05.610 status=REQUEST
[    5.697000] api_signal: id=api-0006 timestamp=2026-06-08T22:40:05.697 status=REQUEST
[    5.912000] api_signal: id=api-0098 timestamp=2026-06-08T22:40:05.912 status=RESPONSE
[    5.957000] api_signal: id=api-0067 timestamp=2026-06-08T22:40:05.957 status=REQUEST
[    6.048000] api_signal: id=api-0213 timestamp=2026-06-08T22:40:06.048 status=REQUEST
[    6.098000] api_signal: id=api-0444 timestamp=2026-06-08T22:40:06.098 status=REQUEST
[    6.112000] api_signal: id=api-0150 timestamp=2026-06-08T22:40:06.112 status=REQUEST
[    6.115000] api_signal: id=api-0053 timestamp=2026-06-08T22:40:06.115 status=RESPONSE
[    6.120000] api_signal: id=api-0300 timestamp=2026-06-08T22:40:06.120 status=REQUEST
[    6.247000] api_signal: id=api-0115 timestamp=2026-06-08T22:40:06.247 status=RESPONSE
[    6.329000] api_signal: id=api-0379 timestamp=2026-06-08T22:40:06.329 status=RESPONSE
[    6.352000] api_signal: id=api-0132 timestamp=2026-06-08T22:40:06.352 status=REQUEST
[    6.386000] api_signal: id=api-0011 timestamp=2026-06-08T22:40:06.386 status=RESPONSE
[    6.392000] api_signal: id=api-0067 timestamp=2026-06-08T22:40:06.392 status=RESPONSE
[    6.416000] api_signal: id=api-0147 timestamp=2026-06-08T22:40:06.416 status=REQUEST
[    6.429000] api_signal: id=api-0173 timestamp=2026-06-08T22:40:06.429 status=RESPONSE
[    6.463000] api_signal: id=api-0338 timestamp=2026-06-08T22:40:06.463 status=RESPONSE
[    6.530000] api_signal: id=api-0269 timestamp=2026-06-08T22:40:06.530 status=RESPONSE
[    6.552000] api_signal: id=api-0190 timestamp=2026-06-08T22:40:06.552 status=REQUEST
[    6.588000] api_signal: id=api-0465 timestamp=2026-06-08T22:40:06.588 status=REQUEST
[    6.613000] api_signal: id=api-0165 timestamp=2026-06-08T22:40:06.613 status=RESPONSE
[    6.678000] api_signal: id=api-0400 timestamp=2026-06-08T22:40:06.678 status=REQUEST
[    6.698000] api_signal: id=api-0021 timestamp=2026-06-08T22:40:06.698 status=REQUEST
[    6.723000] api_signal: id=api-0475 timestamp=2026-06-08T22:40:06.723 status=REQUEST
[    6.873000] api_signal: id=api-0475 timestamp=2026-06-08T22:40:06.873 status=RESPONSE
[    6.880000] api_signal: id=api-0147 timestamp=2026-06-08T22:40:06.880 status=RESPONSE
[    6.916000] api_signal: id=api-0411 timestamp=2026-06-08T22:40:06.916 status=REQUEST
[    7.015000] api_signal: id=api-0114 timestamp=2026-06-08T22:40:07.015 status=RESPONSE
[    7.104000] api_signal: id=api-0262 timestamp=2026-06-08T22:40:07.104 status=REQUEST
[    7.186000] api_signal: id=api-0035 timestamp=2026-06-08T22:40:07.186 status=RESPONSE
[    7.202000] api_signal: id=api-0190 timestamp=2026-06-08T22:40:07.202 status=RESPONSE
[    7.310000] api_signal: id=api-0080 timestamp=2026-06-08T22:40:07.310 status=REQUEST
[    7.320000] api_signal: id=api-0137 timestamp=2026-06-08T22:40:07.320 status=RESPONSE
[    7.331000] api_signal: id=api-0221 timestamp=2026-06-08T22:40:07.331 status=REQUEST
[    7.339000] api_signal: id=api-0274 timestamp=2026-06-08T22:40:07.339 status=RESPONSE
[    7.467000] api_signal: id=api-0334 timestamp=2026-06-08T22:40:07.467 status=RESPONSE
[    7.476000] api_signal: id=api-0481 timestamp=2026-06-08T22:40:07.476 status=REQUEST
[    7.507000] api_signal: id=api-0021 timestamp=2026-06-08T22:40:07.507 status=RESPONSE
[    7.559000] api_signal: id=api-0259 timestamp=2026-06-08T22:40:07.559 status=REQUEST
[    7.578000] api_signal: id=api-0266 timestamp=2026-06-08T22:40:07.578 status=REQUEST
[    7.637000] api_signal: id=api-0437 timestamp=2026-06-08T22:40:07.637 status=RESPONSE
[    7.657000] api_signal: id=api-0342 timestamp=2026-06-08T22:40:07.657 status=RESPONSE
[    7.907000] api_signal: id=api-0456 timestamp=2026-06-08T22:40:07.907 status=REQUEST
[    7.997000] api_signal: id=api-0221 timestamp=2026-06-08T22:40:07.997 status=RESPONSE
[    8.061000] api_signal: id=api-0481 timestamp=2026-06-08T22:40:08.061 status=RESPONSE
[    8.094000] api_signal: id=api-0300 timestamp=2026-06-08T22:40:08.094 status=RESPONSE
[    8.098000] api_signal: id=api-0150 timestamp=2026-06-08T22:40:08.098 status=RESPONSE
[    8.228000] api_signal: id=api-0465 timestamp=2026-06-08T22:40:08.228 status=RESPONSE
[    8.295000] api_signal: id=api-0470 timestamp=2026-06-08T22:40:08.295 status=REQUEST
[    8.352000] api_signal: id=api-0227 timestamp=2026-06-08T22:40:08.352 status=REQUEST
[    8.364000] api_signal: id=api-0364 timestamp=2026-06-08T22:40:08.364 status=REQUEST
[    8.414000] api_signal: id=api-0103 timestamp=2026-06-08T22:40:08.414 status=REQUEST
[    8.558000] api_signal: id=api-0444 timestamp=2026-06-08T22:40:08.558 status=RESPONSE
[    8.626000] api_signal: id=api-0163 timestamp=2026-06-08T22:40:08.626 status=RESPONSE
[    8.671000] api_signal: id=api-0127 timestamp=2026-06-08T22:40:08.671 status=REQUEST
[    8.680000] api_signal: id=api-0193 timestamp=2026-06-08T22:40:08.680 status=REQUEST
[    8.713000] api_signal: id=api-0407 timestamp=2026-06-08T22:40:08.713 status=RESPONSE
[    8.744000] api_signal: id=api-0227 timestamp=2026-06-08T22:40:08.744 status=RESPONSE
[    8.893000] api_signal: id=api-0369 timestamp=2026-06-08T22:40:08.893 status=REQUEST
[    8.904000] api_signal: id=api-0123 timestamp=2026-06-08T22:40:08.904 status=RESPONSE
[    9.062000] api_signal: id=api-0368 timestamp=2026-06-08T22:40:09.062 status=RESPONSE
[    9.144000] api_signal: id=api-0004 timestamp=2026-06-08T22:40:09.144 status=REQUEST
[    9.150000] api_signal: id=api-0059 timestamp=2026-06-08T22:40:09.150 status=REQUEST
[    9.198000] api_signal: id=api-0400 timestamp=2026-06-08T22:40:09.198 status=RESPONSE
[    9.363000] api_signal: id=api-0058 timestamp=2026-06-08T22:40:09.363 status=REQUEST
[    9.414000] api_signal: id=api-0172 timestamp=2026-06-08T22:40:09.414 status=RESPONSE
[    9.534000] api_signal: id=api-0456 timestamp=2026-06-08T22:40:09.534 status=RESPONSE
[    9.567000] api_signal: id=api-0213 timestamp=2026-06-08T22:40:09.567 status=RESPONSE
[    9.631000] api_signal: id=api-0483 timestamp=2026-06-08T22:40:09.631 status=RESPONSE
[    9.656000] api_signal: id=api-0303 timestamp=2026-06-08T22:40:09.656 status=REQUEST
[    9.705000] api_signal: id=api-0226 timestamp=2026-06-08T22:40:09.705 status=REQUEST
[    9.748000] api_signal: id=api-0259 timestamp=2026-06-08T22:40:09.748 status=RESPONSE
[    9.764000] api_signal: id=api-0080 timestamp=2026-06-08T22:40:09.764 status=RESPONSE
[    9.880000] api_signal: id=api-0398 timestamp=2026-06-08T22:40:09.880 status=RESPONSE
[    9.884000] api_signal: id=api-0339 timestamp=2026-06-08T22:40:09.884 status=REQUEST
[    9.906000] api_signal: id=api-0303 timestamp=2026-06-08T22:40:09.906 status=RESPONSE
[    9.933000] api_signal: id=api-0132 timestamp=2026-06-08T22:40:09.933 status=RESPONSE
[    9.943000] api_signal: id=api-0485 timestamp=2026-06-08T22:40:09.943 status=REQUEST
[   10.016000] api_signal: id=api-0069 timestamp=2026-06-08T22:40:10.016 status=REQUEST
[   10.016000] api_signal: id=api-0089 timestamp=2026-06-08T22:40:10.016 status=REQUEST
[   10.033000] api_signal: id=api-0004 timestamp=2026-06-08T22:40:10.033 status=RESPONSE
[   10.144000] api_signal: id=api-0161 timestamp=2026-06-08T22:40:10.144 status=REQUEST
[   10.187000] api_signal: id=api-0207 timestamp=2026-06-08T22:40:10.187 status=REQUEST
[   10.189000] api_signal: id=api-0019 timestamp=2026-06-08T22:40:10.189 status=REQUEST
[   10.317000] api_signal: id=api-0169 timestamp=2026-06-08T22:40:10.317 status=REQUEST
[   10.338000] api_signal: id=api-0197 timestamp=2026-06-08T22:40:10.338 status=REQUEST
[   10.517000] api_signal: id=api-0411 timestamp=2026-06-08T22:40:10.517 status=RESPONSE
[   10.584000] api_signal: id=api-0006 timestamp=2026-06-08T22:40:10.584 status=RESPONSE
[   10.589000] api_signal: id=api-0218 timestamp=2026-06-08T22:40:10.589 status=REQUEST
[   10.592000] api_signal: id=api-0470 timestamp=2026-06-08T22:40:10.592 status=RESPONSE
[   10.659000] api_signal: id=api-0039 timestamp=2026-06-08T22:40:10.659 status=REQUEST
[   10.708000] api_signal: id=api-0045 timestamp=2026-06-08T22:40:10.708 status=REQUEST
[   10.783000] api_signal: id=api-0266 timestamp=2026-06-08T22:40:10.783 status=RESPONSE
[   10.789000] api_signal: id=api-0155 timestamp=2026-06-08T22:40:10.789 status=REQUEST
[   10.832000] api_signal: id=api-0169 timestamp=2026-06-08T22:40:10.832 status=RESPONSE
[   10.899000] api_signal: id=api-0151 timestamp=2026-06-08T22:40:10.899 status=REQUEST
[   10.996000] api_signal: id=api-0391 timestamp=2026-06-08T22:40:10.996 status=REQUEST
[   11.215000] api_signal: id=api-0485 timestamp=2026-06-08T22:40:11.215 status=RESPONSE
[   11.220000] api_signal: id=api-0059 timestamp=2026-06-08T22:40:11.220 status=RESPONSE
[   11.376000] api_signal: id=api-0069 timestamp=2026-06-08T22:40:11.376 status=RESPONSE
[   11.582000] api_signal: id=api-0058 timestamp=2026-06-08T22:40:11.582 status=RESPONSE
[   11.589000] api_signal: id=api-0193 timestamp=2026-06-08T22:40:11.589 status=RESPONSE
[   11.702000] api_signal: id=api-0260 timestamp=2026-06-08T22:40:11.702 status=REQUEST
[   11.749000] api_signal: id=api-0161 timestamp=2026-06-08T22:40:11.749 status=RESPONSE
[   11.828000] api_signal: id=api-0339 timestamp=2026-06-08T22:40:11.828 status=RESPONSE
[   11.909000] api_signal: id=api-0370 timestamp=2026-06-08T22:40:11.909 status=REQUEST
[   11.917000] api_signal: id=api-0429 timestamp=2026-06-08T22:40:11.917 status=REQUEST
[   11.984000] api_signal: id=api-0391 timestamp=2026-06-08T22:40:11.984 status=RESPONSE
[   12.002000] api_signal: id=api-0019 timestamp=2026-06-08T22:40:12.002 status=RESPONSE
[   12.041000] api_signal: id=api-0262 timestamp=2026-06-08T22:40:12.041 status=RESPONSE
[   12.082000] api_signal: id=api-0479 timestamp=2026-06-08T22:40:12.082 status=REQUEST
[   12.357000] api_signal: id=api-0103 timestamp=2026-06-08T22:40:12.357 status=RESPONSE
[   12.370000] api_signal: id=api-0370 timestamp=2026-06-08T22:40:12.370 status=RESPONSE
[   12.457000] api_signal: id=api-0268 timestamp=2026-06-08T22:40:12.457 status=REQUEST
[   12.465000] api_signal: id=api-0141 timestamp=2026-06-08T22:40:12.465 status=REQUEST
[   12.468000] api_signal: id=api-0207 timestamp=2026-06-08T22:40:12.468 status=RESPONSE
[   12.478000] api_signal: id=api-0131 timestamp=2026-06-08T22:40:12.478 status=REQUEST
[   12.552000] api_signal: id=api-0460 timestamp=2026-06-08T22:40:12.552 status=REQUEST
[   12.552000] api_signal: id=api-0479 timestamp=2026-06-08T22:40:12.552 status=RESPONSE
[   12.572000] api_signal: id=api-0283 timestamp=2026-06-08T22:40:12.572 status=REQUEST
[   12.725000] api_signal: id=api-0369 timestamp=2026-06-08T22:40:12.725 status=RESPONSE
[   12.742000] api_signal: id=api-0308 timestamp=2026-06-08T22:40:12.742 status=REQUEST
[   12.789000] api_signal: id=api-0364 timestamp=2026-06-08T22:40:12.789 status=RESPONSE
[   13.031000] api_signal: id=api-0012 timestamp=2026-06-08T22:40:13.031 status=REQUEST
[   13.129000] api_signal: id=api-0089 timestamp=2026-06-08T22:40:13.129 status=RESPONSE
[   13.275000] api_signal: id=api-0226 timestamp=2026-06-08T22:40:13.275 status=RESPONSE
[   13.300000] api_signal: id=api-0131 timestamp=2026-06-08T22:40:13.300 status=RESPONSE
[   13.342000] api_signal: id=api-0210 timestamp=2026-06-08T22:40:13.342 status=REQUEST
[   13.386000] api_signal: id=api-0182 timestamp=2026-06-08T22:40:13.386 status=REQUEST
[   13.398000] api_signal: id=api-0127 timestamp=2026-06-08T22:40:13.398 status=RESPONSE
[   13.555000] api_signal: id=api-0346 timestamp=2026-06-08T22:40:13.555 status=REQUEST
[   13.741000] api_signal: id=api-0039 timestamp=2026-06-08T22:40:13.741 status=RESPONSE
[   13.767000] api_signal: id=api-0231 timestamp=2026-06-08T22:40:13.767 status=REQUEST
[   13.774000] api_signal: id=api-0290 timestamp=2026-06-08T22:40:13.774 status=REQUEST
[   13.880000] api_signal: id=api-0107 timestamp=2026-06-08T22:40:13.880 status=REQUEST
[   13.901000] api_signal: id=api-0430 timestamp=2026-06-08T22:40:13.901 status=REQUEST
[   13.934000] api_signal: id=api-0056 timestamp=2026-06-08T22:40:13.934 status=REQUEST
[   13.943000] api_signal: id=api-0155 timestamp=2026-06-08T22:40:13.943 status=RESPONSE
[   13.977000] api_signal: id=api-0197 timestamp=2026-06-08T22:40:13.977 status=RESPONSE
[   14.008000] api_signal: id=api-0153 timestamp=2026-06-08T22:40:14.008 status=REQUEST
[   14.040000] api_signal: id=api-0126 timestamp=2026-06-08T22:40:14.040 status=REQUEST
[   14.258000] api_signal: id=api-0218 timestamp=2026-06-08T22:40:14.258 status=RESPONSE
[   14.278000] api_signal: id=api-0151 timestamp=2026-06-08T22:40:14.278 status=RESPONSE
[   14.328000] api_signal: id=api-0009 timestamp=2026-06-08T22:40:14.328 status=REQUEST
[   14.341000] api_signal: id=api-0314 timestamp=2026-06-08T22:40:14.341 status=REQUEST
[   14.373000] api_signal: id=api-0065 timestamp=2026-06-08T22:40:14.373 status=REQUEST
[   14.374000] api_signal: id=api-0460 timestamp=2026-06-08T22:40:14.374 status=RESPONSE
[   14.392000] api_signal: id=api-0048 timestamp=2026-06-08T22:40:14.392 status=REQUEST
[   14.522000] api_signal: id=api-0445 timestamp=2026-06-08T22:40:14.522 status=REQUEST
[   14.544000] api_signal: id=api-0045 timestamp=2026-06-08T22:40:14.544 status=RESPONSE
[   14.577000] api_signal: id=api-0247 timestamp=2026-06-08T22:40:14.577 status=REQUEST
[   14.593000] api_signal: id=api-0268 timestamp=2026-06-08T22:40:14.593 status=RESPONSE
[   14.609000] api_signal: id=api-0251 timestamp=2026-06-08T22:40:14.609 status=REQUEST
[   14.694000] api_signal: id=api-0380 timestamp=2026-06-08T22:40:14.694 status=REQUEST
[   14.722000] api_signal: id=api-0302 timestamp=2026-06-08T22:40:14.722 status=REQUEST
[   14.852000] api_signal: id=api-0251 timestamp=2026-06-08T22:40:14.852 status=RESPONSE
[   15.003000] api_signal: id=api-0120 timestamp=2026-06-08T22:40:15.003 status=REQUEST
[   15.010000] api_signal: id=api-0050 timestamp=2026-06-08T22:40:15.010 status=REQUEST
[   15.306000] api_signal: id=api-0380 timestamp=2026-06-08T22:40:15.306 status=RESPONSE
[   15.322000] api_signal: id=api-0050 timestamp=2026-06-08T22:40:15.322 status=RESPONSE
[   15.367000] api_signal: id=api-0335 timestamp=2026-06-08T22:40:15.367 status=REQUEST
[   15.514000] api_signal: id=api-0236 timestamp=2026-06-08T22:40:15.514 status=REQUEST
[   15.554000] api_signal: id=api-0210 timestamp=2026-06-08T22:40:15.554 status=RESPONSE
[   15.556000] api_signal: id=api-0065 timestamp=2026-06-08T22:40:15.556 status=RESPONSE
[   15.597000] api_signal: id=api-0124 timestamp=2026-06-08T22:40:15.597 status=REQUEST
[   15.605000] api_signal: id=api-0120 timestamp=2026-06-08T22:40:15.605 status=RESPONSE
[   15.633000] api_signal: id=api-0386 timestamp=2026-06-08T22:40:15.633 status=REQUEST
[   15.642000] api_signal: id=api-0183 timestamp=2026-06-08T22:40:15.642 status=REQUEST
[   15.692000] api_signal: id=api-0096 timestamp=2026-06-08T22:40:15.692 status=REQUEST
[   15.785000] api_signal: id=api-0097 timestamp=2026-06-08T22:40:15.785 status=REQUEST
[   15.831000] api_signal: id=api-0314 timestamp=2026-06-08T22:40:15.831 status=RESPONSE
[   15.861000] api_signal: id=api-0231 timestamp=2026-06-08T22:40:15.861 status=RESPONSE
[   15.925000] api_signal: id=api-0129 timestamp=2026-06-08T22:40:15.925 status=REQUEST
[   15.937000] api_signal: id=api-0308 timestamp=2026-06-08T22:40:15.937 status=RESPONSE
[   15.961000] api_signal: id=api-0429 timestamp=2026-06-08T22:40:15.961 status=RESPONSE
[   15.981000] api_signal: id=api-0425 timestamp=2026-06-08T22:40:15.981 status=REQUEST
[   15.989000] api_signal: id=api-0310 timestamp=2026-06-08T22:40:15.989 status=REQUEST
[   16.009000] api_signal: id=api-0182 timestamp=2026-06-08T22:40:16.009 status=RESPONSE
[   16.049000] api_signal: id=api-0003 timestamp=2026-06-08T22:40:16.049 status=REQUEST
[   16.066000] api_signal: id=api-0283 timestamp=2026-06-08T22:40:16.066 status=RESPONSE
[   16.135000] api_signal: id=api-0176 timestamp=2026-06-08T22:40:16.135 status=REQUEST
[   16.205000] api_signal: id=api-0383 timestamp=2026-06-08T22:40:16.205 status=REQUEST
[   16.216000] api_signal: id=api-0096 timestamp=2026-06-08T22:40:16.216 status=RESPONSE
[   16.246000] api_signal: id=api-0113 timestamp=2026-06-08T22:40:16.246 status=REQUEST
[   16.261000] api_signal: id=api-0247 timestamp=2026-06-08T22:40:16.261 status=RESPONSE
[   16.265000] api_signal: id=api-0488 timestamp=2026-06-08T22:40:16.265 status=REQUEST
[   16.283000] api_signal: id=api-0009 timestamp=2026-06-08T22:40:16.283 status=RESPONSE
[   16.295000] api_signal: id=api-0140 timestamp=2026-06-08T22:40:16.295 status=REQUEST
[   16.371000] api_signal: id=api-0145 timestamp=2026-06-08T22:40:16.371 status=REQUEST
[   16.403000] api_signal: id=api-0302 timestamp=2026-06-08T22:40:16.403 status=RESPONSE
[   16.457000] api_signal: id=api-0212 timestamp=2026-06-08T22:40:16.457 status=REQUEST
[   16.475000] api_signal: id=api-0455 timestamp=2026-06-08T22:40:16.475 status=REQUEST
[   16.508000] api_signal: id=api-0260 timestamp=2026-06-08T22:40:16.508 status=RESPONSE
[   16.532000] api_signal: id=api-0376 timestamp=2026-06-08T22:40:16.532 status=REQUEST
[   16.546000] api_signal: id=api-0480 timestamp=2026-06-08T22:40:16.546 status=REQUEST
[   16.717000] api_signal: id=api-0386 timestamp=2026-06-08T22:40:16.717 status=RESPONSE
[   16.857000] api_signal: id=api-0430 timestamp=2026-06-08T22:40:16.857 status=RESPONSE
[   16.895000] api_signal: id=api-0236 timestamp=2026-06-08T22:40:16.895 status=RESPONSE
[   16.908000] api_signal: id=api-0141 timestamp=2026-06-08T22:40:16.908 status=RESPONSE
[   16.923000] api_signal: id=api-0212 timestamp=2026-06-08T22:40:16.923 status=RESPONSE
[   17.038000] api_signal: id=api-0145 timestamp=2026-06-08T22:40:17.038 status=RESPONSE
[   17.046000] api_signal: id=api-0346 timestamp=2026-06-08T22:40:17.046 status=RESPONSE
[   17.049000] api_signal: id=api-0371 timestamp=2026-06-08T22:40:17.049 status=REQUEST
[   17.098000] api_signal: id=api-0048 timestamp=2026-06-08T22:40:17.098 status=RESPONSE
[   17.247000] api_signal: id=api-0310 timestamp=2026-06-08T22:40:17.247 status=RESPONSE
[   17.252000] api_signal: id=api-0376 timestamp=2026-06-08T22:40:17.252 status=RESPONSE
[   17.285000] api_signal: id=api-0488 timestamp=2026-06-08T22:40:17.285 status=RESPONSE
[   17.332000] api_signal: id=api-0204 timestamp=2026-06-08T22:40:17.332 status=REQUEST
[   17.343000] api_signal: id=api-0153 timestamp=2026-06-08T22:40:17.343 status=RESPONSE
[   17.345000] api_signal: id=api-0290 timestamp=2026-06-08T22:40:17.345 status=RESPONSE
[   17.370000] api_signal: id=api-0105 timestamp=2026-06-08T22:40:17.370 status=REQUEST
[   17.380000] api_signal: id=api-0157 timestamp=2026-06-08T22:40:17.380 status=REQUEST
[   17.397000] api_signal: id=api-0261 timestamp=2026-06-08T22:40:17.397 status=REQUEST
[   17.485000] api_signal: id=api-0243 timestamp=2026-06-08T22:40:17.485 status=REQUEST
[   17.545000] api_signal: id=api-0012 timestamp=2026-06-08T22:40:17.545 status=RESPONSE
[   17.589000] api_signal: id=api-0421 timestamp=2026-06-08T22:40:17.589 status=REQUEST
[   17.642000] api_signal: id=api-0335 timestamp=2026-06-08T22:40:17.642 status=RESPONSE
[   17.754000] api_signal: id=api-0454 timestamp=2026-06-08T22:40:17.754 status=REQUEST
[   17.760000] api_signal: id=api-0261 timestamp=2026-06-08T22:40:17.760 status=RESPONSE
[   17.867000] api_signal: id=api-0183 timestamp=2026-06-08T22:40:17.867 status=RESPONSE
[   17.884000] api_signal: id=api-0445 timestamp=2026-06-08T22:40:17.884 status=RESPONSE
[   17.887000] api_signal: id=api-0358 timestamp=2026-06-08T22:40:17.887 status=REQUEST
[   17.888000] api_signal: id=api-0383 timestamp=2026-06-08T22:40:17.888 status=RESPONSE
[   17.914000] api_signal: id=api-0140 timestamp=2026-06-08T22:40:17.914 status=RESPONSE
[   17.927000] api_signal: id=api-0003 timestamp=2026-06-08T22:40:17.927 status=RESPONSE
[   17.928000] api_signal: id=api-0124 timestamp=2026-06-08T22:40:17.928 status=RESPONSE
[   17.996000] api_signal: id=api-0333 timestamp=2026-06-08T22:40:17.996 status=REQUEST
[   18.073000] api_signal: id=api-0056 timestamp=2026-06-08T22:40:18.073 status=RESPONSE
[   18.120000] api_signal: id=api-0462 timestamp=2026-06-08T22:40:18.120 status=REQUEST
[   18.136000] api_signal: id=api-0113 timestamp=2026-06-08T22:40:18.136 status=RESPONSE
[   18.231000] api_signal: id=api-0015 timestamp=2026-06-08T22:40:18.231 status=REQUEST
[   18.235000] api_signal: id=api-0375 timestamp=2026-06-08T22:40:18.235 status=REQUEST
[   18.254000] api_signal: id=api-0144 timestamp=2026-06-08T22:40:18.254 status=REQUEST
[   18.258000] api_signal: id=api-0254 timestamp=2026-06-08T22:40:18.258 status=REQUEST
[   18.279000] api_signal: id=api-0424 timestamp=2026-06-08T22:40:18.279 status=REQUEST
[   18.327000] api_signal: id=api-0204 timestamp=2026-06-08T22:40:18.327 status=RESPONSE
[   18.334000] api_signal: id=api-0015 timestamp=2026-06-08T22:40:18.334 status=RESPONSE
[   18.347000] api_signal: id=api-0107 timestamp=2026-06-08T22:40:18.347 status=RESPONSE
[   18.413000] api_signal: id=api-0455 timestamp=2026-06-08T22:40:18.413 status=RESPONSE
[   18.465000] api_signal: id=api-0208 timestamp=2026-06-08T22:40:18.465 status=REQUEST
[   18.507000] api_signal: id=api-0126 timestamp=2026-06-08T22:40:18.507 status=RESPONSE
[   18.598000] api_signal: id=api-0298 timestamp=2026-06-08T22:40:18.598 status=REQUEST
[   18.694000] api_signal: id=api-0158 timestamp=2026-06-08T22:40:18.694 status=REQUEST
[   18.839000] api_signal: id=api-0243 timestamp=2026-06-08T22:40:18.839 status=RESPONSE
[   18.876000] api_signal: id=api-0254 timestamp=2026-06-08T22:40:18.876 status=RESPONSE
[   19.414000] api_signal: id=api-0466 timestamp=2026-06-08T22:40:19.414 status=REQUEST
[   19.445000] api_signal: id=api-0162 timestamp=2026-06-08T22:40:19.445 status=REQUEST
[   19.487000] api_signal: id=api-0495 timestamp=2026-06-08T22:40:19.487 status=REQUEST
[   19.569000] api_signal: id=api-0352 timestamp=2026-06-08T22:40:19.569 status=REQUEST
[   19.620000] api_signal: id=api-0202 timestamp=2026-06-08T22:40:19.620 status=REQUEST
[   19.723000] api_signal: id=api-0287 timestamp=2026-06-08T22:40:19.723 status=REQUEST
[   19.809000] api_signal: id=api-0468 timestamp=2026-06-08T22:40:19.809 status=REQUEST
[   19.837000] api_signal: id=api-0425 timestamp=2026-06-08T22:40:19.837 status=RESPONSE
[   19.849000] api_signal: id=api-0129 timestamp=2026-06-08T22:40:19.849 status=RESPONSE
[   19.912000] api_signal: id=api-0487 timestamp=2026-06-08T22:40:19.912 status=REQUEST
[   19.914000] api_signal: id=api-0289 timestamp=2026-06-08T22:40:19.914 status=REQUEST
[   19.974000] api_signal: id=api-0468 timestamp=2026-06-08T22:40:19.974 status=RESPONSE
[   20.067000] api_signal: id=api-0447 timestamp=2026-06-08T22:40:20.067 status=REQUEST
[   20.202000] api_signal: id=api-0228 timestamp=2026-06-08T22:40:20.202 status=REQUEST
[   20.204000] api_signal: id=api-0371 timestamp=2026-06-08T22:40:20.204 status=RESPONSE
[   20.240000] api_signal: id=api-0208 timestamp=2026-06-08T22:40:20.240 status=RESPONSE
[   20.279000] api_signal: id=api-0421 timestamp=2026-06-08T22:40:20.279 status=RESPONSE
[   20.315000] api_signal: id=api-0454 timestamp=2026-06-08T22:40:20.315 status=RESPONSE
[   20.384000] api_signal: id=api-0393 timestamp=2026-06-08T22:40:20.384 status=REQUEST
[   20.444000] api_signal: id=api-0395 timestamp=2026-06-08T22:40:20.444 status=REQUEST
[   20.482000] api_signal: id=api-0097 timestamp=2026-06-08T22:40:20.482 status=RESPONSE
[   20.509000] api_signal: id=api-0480 timestamp=2026-06-08T22:40:20.509 status=RESPONSE
[   20.518000] api_signal: id=api-0202 timestamp=2026-06-08T22:40:20.518 status=RESPONSE
[   20.659000] api_signal: id=api-0487 timestamp=2026-06-08T22:40:20.659 status=RESPONSE
[   20.679000] api_signal: id=api-0457 timestamp=2026-06-08T22:40:20.679 status=REQUEST
[   20.733000] api_signal: id=api-0181 timestamp=2026-06-08T22:40:20.733 status=REQUEST
[   20.794000] api_signal: id=api-0323 timestamp=2026-06-08T22:40:20.794 status=REQUEST
[   20.927000] api_signal: id=api-0176 timestamp=2026-06-08T22:40:20.927 status=RESPONSE
[   21.157000] api_signal: id=api-0157 timestamp=2026-06-08T22:40:21.157 status=RESPONSE
[   21.243000] api_signal: id=api-0093 timestamp=2026-06-08T22:40:21.243 status=REQUEST
[   21.278000] api_signal: id=api-0162 timestamp=2026-06-08T22:40:21.278 status=RESPONSE
[   21.319000] api_signal: id=api-0393 timestamp=2026-06-08T22:40:21.319 status=RESPONSE
[   21.327000] api_signal: id=api-0466 timestamp=2026-06-08T22:40:21.327 status=RESPONSE
[   21.376000] api_signal: id=api-0280 timestamp=2026-06-08T22:40:21.376 status=REQUEST
[   21.453000] api_signal: id=api-0372 timestamp=2026-06-08T22:40:21.453 status=REQUEST
[   21.507000] api_signal: id=api-0358 timestamp=2026-06-08T22:40:21.507 status=RESPONSE
[   21.649000] api_signal: id=api-0333 timestamp=2026-06-08T22:40:21.649 status=RESPONSE
[   21.678000] api_signal: id=api-0452 timestamp=2026-06-08T22:40:21.678 status=REQUEST
[   21.702000] api_signal: id=api-0258 timestamp=2026-06-08T22:40:21.702 status=REQUEST
[   21.708000] api_signal: id=api-0457 timestamp=2026-06-08T22:40:21.708 status=RESPONSE
[   21.738000] api_signal: id=api-0375 timestamp=2026-06-08T22:40:21.738 status=RESPONSE
[   21.742000] api_signal: id=api-0105 timestamp=2026-06-08T22:40:21.742 status=RESPONSE
[   21.859000] api_signal: id=api-0216 timestamp=2026-06-08T22:40:21.859 status=REQUEST
[   21.978000] api_signal: id=api-0258 timestamp=2026-06-08T22:40:21.978 status=RESPONSE
[   22.010000] api_signal: id=api-0336 timestamp=2026-06-08T22:40:22.010 status=REQUEST
[   22.021000] api_signal: id=api-0424 timestamp=2026-06-08T22:40:22.021 status=RESPONSE
[   22.046000] api_signal: id=api-0427 timestamp=2026-06-08T22:40:22.046 status=REQUEST
[   22.093000] api_signal: id=api-0144 timestamp=2026-06-08T22:40:22.093 status=RESPONSE
[   22.118000] api_signal: id=api-0374 timestamp=2026-06-08T22:40:22.118 status=REQUEST
[   22.209000] api_signal: id=api-0158 timestamp=2026-06-08T22:40:22.209 status=RESPONSE
[   22.298000] api_signal: id=api-0018 timestamp=2026-06-08T22:40:22.298 status=REQUEST
[   22.304000] api_signal: id=api-0432 timestamp=2026-06-08T22:40:22.304 status=REQUEST
[   22.314000] api_signal: id=api-0289 timestamp=2026-06-08T22:40:22.314 status=RESPONSE
[   22.331000] api_signal: id=api-0427 timestamp=2026-06-08T22:40:22.331 status=RESPONSE
[   22.528000] api_signal: id=api-0450 timestamp=2026-06-08T22:40:22.528 status=REQUEST
[   22.754000] api_signal: id=api-0405 timestamp=2026-06-08T22:40:22.754 status=REQUEST
[   22.813000] api_signal: id=api-0352 timestamp=2026-06-08T22:40:22.813 status=RESPONSE
[   22.870000] api_signal: id=api-0298 timestamp=2026-06-08T22:40:22.870 status=RESPONSE
[   22.915000] api_signal: id=api-0249 timestamp=2026-06-08T22:40:22.915 status=REQUEST
[   22.919000] api_signal: id=api-0181 timestamp=2026-06-08T22:40:22.919 status=RESPONSE
[   22.980000] api_signal: id=api-0216 timestamp=2026-06-08T22:40:22.980 status=RESPONSE
[   22.999000] api_signal: id=api-0462 timestamp=2026-06-08T22:40:22.999 status=RESPONSE
[   23.012000] api_signal: id=api-0256 timestamp=2026-06-08T22:40:23.012 status=REQUEST
[   23.099000] api_signal: id=api-0287 timestamp=2026-06-08T22:40:23.099 status=RESPONSE
[   23.178000] api_signal: id=api-0233 timestamp=2026-06-08T22:40:23.178 status=REQUEST
[   23.219000] api_signal: id=api-0133 timestamp=2026-06-08T22:40:23.219 status=REQUEST
[   23.236000] api_signal: id=api-0372 timestamp=2026-06-08T22:40:23.236 status=RESPONSE
[   23.239000] api_signal: id=api-0228 timestamp=2026-06-08T22:40:23.239 status=RESPONSE
[   23.283000] api_signal: id=api-0040 timestamp=2026-06-08T22:40:23.283 status=REQUEST
[   23.526000] api_signal: id=api-0023 timestamp=2026-06-08T22:40:23.526 status=REQUEST
[   23.650000] api_signal: id=api-0467 timestamp=2026-06-08T22:40:23.650 status=REQUEST
[   23.736000] api_signal: id=api-0412 timestamp=2026-06-08T22:40:23.736 status=REQUEST
[   23.788000] api_signal: id=api-0095 timestamp=2026-06-08T22:40:23.788 status=REQUEST
[   23.869000] api_signal: id=api-0273 timestamp=2026-06-08T22:40:23.869 status=REQUEST
[   24.184000] api_signal: id=api-0448 timestamp=2026-06-08T22:40:24.184 status=REQUEST
[   24.217000] api_signal: id=api-0196 timestamp=2026-06-08T22:40:24.217 status=REQUEST
[   24.358000] api_signal: id=api-0495 timestamp=2026-06-08T22:40:24.358 status=RESPONSE
[   24.469000] api_signal: id=api-0323 timestamp=2026-06-08T22:40:24.469 status=RESPONSE
[   24.610000] api_signal: id=api-0452 timestamp=2026-06-08T22:40:24.610 status=RESPONSE
[   24.624000] api_signal: id=api-0018 timestamp=2026-06-08T22:40:24.624 status=RESPONSE
[   24.644000] api_signal: id=api-0432 timestamp=2026-06-08T22:40:24.644 status=RESPONSE
[   24.679000] api_signal: id=api-0336 timestamp=2026-06-08T22:40:24.679 status=RESPONSE
[   24.722000] api_signal: id=api-0280 timestamp=2026-06-08T22:40:24.722 status=RESPONSE
[   24.807000] api_signal: id=api-0028 timestamp=2026-06-08T22:40:24.807 status=REQUEST
[   24.867000] api_signal: id=api-0046 timestamp=2026-06-08T22:40:24.867 status=REQUEST
[   24.881000] api_signal: id=api-0447 timestamp=2026-06-08T22:40:24.881 status=RESPONSE
[   24.898000] api_signal: id=api-0022 timestamp=2026-06-08T22:40:24.898 status=REQUEST
[   24.911000] api_signal: id=api-0037 timestamp=2026-06-08T22:40:24.911 status=REQUEST
[   24.928000] api_signal: id=api-0350 timestamp=2026-06-08T22:40:24.928 status=REQUEST
[   24.928000] api_signal: id=api-0493 timestamp=2026-06-08T22:40:24.928 status=REQUEST
[   25.049000] api_signal: id=api-0040 timestamp=2026-06-08T22:40:25.049 status=RESPONSE
[   25.070000] api_signal: id=api-0245 timestamp=2026-06-08T22:40:25.070 status=REQUEST
[   25.102000] api_signal: id=api-0340 timestamp=2026-06-08T22:40:25.102 status=REQUEST
[   25.169000] api_signal: id=api-0467 timestamp=2026-06-08T22:40:25.169 status=RESPONSE
[   25.210000] api_signal: id=api-0395 timestamp=2026-06-08T22:40:25.210 status=RESPONSE
[   25.216000] api_signal: id=api-0072 timestamp=2026-06-08T22:40:25.216 status=REQUEST
[   25.273000] api_signal: id=api-0374 timestamp=2026-06-08T22:40:25.273 status=RESPONSE
[   25.295000] api_signal: id=api-0093 timestamp=2026-06-08T22:40:25.295 status=RESPONSE
[   25.437000] api_signal: id=api-0245 timestamp=2026-06-08T22:40:25.437 status=RESPONSE
[   25.465000] api_signal: id=api-0249 timestamp=2026-06-08T22:40:25.465 status=RESPONSE
[   25.484000] api_signal: id=api-0360 timestamp=2026-06-08T22:40:25.484 status=REQUEST
[   25.502000] api_signal: id=api-0028 timestamp=2026-06-08T22:40:25.502 status=RESPONSE
[   25.524000] api_signal: id=api-0347 timestamp=2026-06-08T22:40:25.524 status=REQUEST
[   25.740000] api_signal: id=api-0022 timestamp=2026-06-08T22:40:25.740 status=RESPONSE
[   25.928000] api_signal: id=api-0057 timestamp=2026-06-08T22:40:25.928 status=REQUEST
[   25.938000] api_signal: id=api-0184 timestamp=2026-06-08T22:40:25.938 status=REQUEST
[   25.995000] api_signal: id=api-0397 timestamp=2026-06-08T22:40:25.995 status=REQUEST
[   26.063000] api_signal: id=api-0450 timestamp=2026-06-08T22:40:26.063 status=RESPONSE
[   26.113000] api_signal: id=api-0253 timestamp=2026-06-08T22:40:26.113 status=REQUEST
[   26.148000] api_signal: id=api-0110 timestamp=2026-06-08T22:40:26.148 status=REQUEST
[   26.175000] api_signal: id=api-0064 timestamp=2026-06-08T22:40:26.175 status=REQUEST
[   26.193000] api_signal: id=api-0257 timestamp=2026-06-08T22:40:26.193 status=REQUEST
[   26.260000] api_signal: id=api-0482 timestamp=2026-06-08T22:40:26.260 status=REQUEST
[   26.290000] api_signal: id=api-0052 timestamp=2026-06-08T22:40:26.290 status=REQUEST
[   26.357000] api_signal: id=api-0095 timestamp=2026-06-08T22:40:26.357 status=RESPONSE
[   26.393000] api_signal: id=api-0023 timestamp=2026-06-08T22:40:26.393 status=RESPONSE
[   26.403000] api_signal: id=api-0340 timestamp=2026-06-08T22:40:26.403 status=RESPONSE
[   26.461000] api_signal: id=api-0174 timestamp=2026-06-08T22:40:26.461 status=REQUEST
[   26.601000] api_signal: id=api-0196 timestamp=2026-06-08T22:40:26.601 status=RESPONSE
[   26.712000] api_signal: id=api-0343 timestamp=2026-06-08T22:40:26.712 status=REQUEST
[   26.738000] api_signal: id=api-0133 timestamp=2026-06-08T22:40:26.738 status=RESPONSE
[   26.941000] api_signal: id=api-0134 timestamp=2026-06-08T22:40:26.941 status=REQUEST
[   27.060000] api_signal: id=api-0184 timestamp=2026-06-08T22:40:27.060 status=RESPONSE
[   27.128000] api_signal: id=api-0046 timestamp=2026-06-08T22:40:27.128 status=RESPONSE
[   27.168000] api_signal: id=api-0405 timestamp=2026-06-08T22:40:27.168 status=RESPONSE
[   27.235000] api_signal: id=api-0256 timestamp=2026-06-08T22:40:27.235 status=RESPONSE
[   27.238000] api_signal: id=api-0037 timestamp=2026-06-08T22:40:27.238 status=RESPONSE
[   27.248000] api_signal: id=api-0345 timestamp=2026-06-08T22:40:27.248 status=REQUEST
[   27.452000] api_signal: id=api-0273 timestamp=2026-06-08T22:40:27.452 status=RESPONSE
[   27.474000] api_signal: id=api-0179 timestamp=2026-06-08T22:40:27.474 status=REQUEST
[   27.493000] api_signal: id=api-0013 timestamp=2026-06-08T22:40:27.493 status=REQUEST
[   27.493000] api_signal: id=api-0174 timestamp=2026-06-08T22:40:27.493 status=RESPONSE
[   27.552000] api_signal: id=api-0412 timestamp=2026-06-08T22:40:27.552 status=RESPONSE
[   27.648000] api_signal: id=api-0143 timestamp=2026-06-08T22:40:27.648 status=REQUEST
[   27.651000] api_signal: id=api-0007 timestamp=2026-06-08T22:40:27.651 status=REQUEST
[   27.669000] api_signal: id=api-0397 timestamp=2026-06-08T22:40:27.669 status=RESPONSE
[   27.808000] api_signal: id=api-0345 timestamp=2026-06-08T22:40:27.808 status=RESPONSE
[   27.814000] api_signal: id=api-0233 timestamp=2026-06-08T22:40:27.814 status=RESPONSE
[   27.961000] api_signal: id=api-0007 timestamp=2026-06-08T22:40:27.961 status=RESPONSE
[   27.966000] api_signal: id=api-0325 timestamp=2026-06-08T22:40:27.966 status=REQUEST
[   28.074000] api_signal: id=api-0406 timestamp=2026-06-08T22:40:28.074 status=REQUEST
[   28.077000] api_signal: id=api-0063 timestamp=2026-06-08T22:40:28.077 status=REQUEST
[   28.103000] api_signal: id=api-0496 timestamp=2026-06-08T22:40:28.103 status=REQUEST
[   28.110000] api_signal: id=api-0448 timestamp=2026-06-08T22:40:28.110 status=RESPONSE
[   28.287000] api_signal: id=api-0360 timestamp=2026-06-08T22:40:28.287 status=RESPONSE
[   28.392000] api_signal: id=api-0072 timestamp=2026-06-08T22:40:28.392 status=RESPONSE
[   28.479000] api_signal: id=api-0263 timestamp=2026-06-08T22:40:28.479 status=REQUEST
[   28.492000] api_signal: id=api-0081 timestamp=2026-06-08T22:40:28.492 status=REQUEST
[   28.533000] api_signal: id=api-0052 timestamp=2026-06-08T22:40:28.533 status=RESPONSE
[   28.540000] api_signal: id=api-0414 timestamp=2026-06-08T22:40:28.540 status=REQUEST
[   28.599000] api_signal: id=api-0265 timestamp=2026-06-08T22:40:28.599 status=REQUEST
[   28.668000] api_signal: id=api-0493 timestamp=2026-06-08T22:40:28.668 status=RESPONSE
[   28.711000] api_signal: id=api-0111 timestamp=2026-06-08T22:40:28.711 status=REQUEST
[   28.852000] api_signal: id=api-0253 timestamp=2026-06-08T22:40:28.852 status=RESPONSE
[   28.866000] api_signal: id=api-0478 timestamp=2026-06-08T22:40:28.866 status=REQUEST
[   28.885000] api_signal: id=api-0350 timestamp=2026-06-08T22:40:28.885 status=RESPONSE
[   28.977000] api_signal: id=api-0294 timestamp=2026-06-08T22:40:28.977 status=REQUEST
[   29.041000] api_signal: id=api-0146 timestamp=2026-06-08T22:40:29.041 status=REQUEST
[   29.190000] api_signal: id=api-0064 timestamp=2026-06-08T22:40:29.190 status=RESPONSE
[   29.201000] api_signal: id=api-0143 timestamp=2026-06-08T22:40:29.201 status=RESPONSE
[   29.223000] api_signal: id=api-0326 timestamp=2026-06-08T22:40:29.223 status=REQUEST
[   29.257000] api_signal: id=api-0110 timestamp=2026-06-08T22:40:29.257 status=RESPONSE
[   29.348000] api_signal: id=api-0013 timestamp=2026-06-08T22:40:29.348 status=RESPONSE
[   29.371000] api_signal: id=api-0443 timestamp=2026-06-08T22:40:29.371 status=REQUEST
[   29.400000] api_signal: id=api-0142 timestamp=2026-06-08T22:40:29.400 status=REQUEST
[   29.439000] api_signal: id=api-0014 timestamp=2026-06-08T22:40:29.439 status=REQUEST
[   29.472000] api_signal: id=api-0343 timestamp=2026-06-08T22:40:29.472 status=RESPONSE
[   29.495000] api_signal: id=api-0328 timestamp=2026-06-08T22:40:29.495 status=REQUEST
[   29.562000] api_signal: id=api-0443 timestamp=2026-06-08T22:40:29.562 status=RESPONSE
[   29.588000] api_signal: id=api-0112 timestamp=2026-06-08T22:40:29.588 status=REQUEST
[   29.714000] api_signal: id=api-0038 timestamp=2026-06-08T22:40:29.714 status=REQUEST
[   29.735000] api_signal: id=api-0082 timestamp=2026-06-08T22:40:29.735 status=REQUEST
[   29.736000] api_signal: id=api-0057 timestamp=2026-06-08T22:40:29.736 status=RESPONSE
[   29.799000] api_signal: id=api-0373 timestamp=2026-06-08T22:40:29.799 status=REQUEST
[   29.811000] api_signal: id=api-0082 timestamp=2026-06-08T22:40:29.811 status=RESPONSE
[   29.837000] api_signal: id=api-0081 timestamp=2026-06-08T22:40:29.837 status=RESPONSE
[   29.846000] api_signal: id=api-0306 timestamp=2026-06-08T22:40:29.846 status=REQUEST
[   29.914000] api_signal: id=api-0319 timestamp=2026-06-08T22:40:29.914 status=REQUEST
[   29.964000] api_signal: id=api-0186 timestamp=2026-06-08T22:40:29.964 status=REQUEST
[   30.032000] api_signal: id=api-0414 timestamp=2026-06-08T22:40:30.032 status=RESPONSE
[   30.338000] api_signal: id=api-0482 timestamp=2026-06-08T22:40:30.338 status=RESPONSE
[   30.358000] api_signal: id=api-0347 timestamp=2026-06-08T22:40:30.358 status=RESPONSE
[   30.444000] api_signal: id=api-0316 timestamp=2026-06-08T22:40:30.444 status=REQUEST
[   30.465000] api_signal: id=api-0419 timestamp=2026-06-08T22:40:30.465 status=REQUEST
[   30.473000] api_signal: id=api-0293 timestamp=2026-06-08T22:40:30.473 status=REQUEST
[   30.476000] api_signal: id=api-0389 timestamp=2026-06-08T22:40:30.476 status=REQUEST
[   30.576000] api_signal: id=api-0326 timestamp=2026-06-08T22:40:30.576 status=RESPONSE
[   30.598000] api_signal: id=api-0142 timestamp=2026-06-08T22:40:30.598 status=RESPONSE
[   30.629000] api_signal: id=api-0112 timestamp=2026-06-08T22:40:30.629 status=RESPONSE
[   30.635000] api_signal: id=api-0257 timestamp=2026-06-08T22:40:30.635 status=RESPONSE
[   30.654000] api_signal: id=api-0496 timestamp=2026-06-08T22:40:30.654 status=RESPONSE
[   30.762000] api_signal: id=api-0477 timestamp=2026-06-08T22:40:30.762 status=REQUEST
[   30.777000] api_signal: id=api-0294 timestamp=2026-06-08T22:40:30.777 status=RESPONSE
[   30.816000] api_signal: id=api-0134 timestamp=2026-06-08T22:40:30.816 status=RESPONSE
[   30.822000] api_signal: id=api-0377 timestamp=2026-06-08T22:40:30.822 status=REQUEST
[   30.905000] api_signal: id=api-0316 timestamp=2026-06-08T22:40:30.905 status=RESPONSE
[   31.030000] api_signal: id=api-0377 timestamp=2026-06-08T22:40:31.030 status=RESPONSE
[   31.035000] api_signal: id=api-0387 timestamp=2026-06-08T22:40:31.035 status=REQUEST
[   31.056000] api_signal: id=api-0319 timestamp=2026-06-08T22:40:31.056 status=RESPONSE
[   31.138000] api_signal: id=api-0305 timestamp=2026-06-08T22:40:31.138 status=REQUEST
[   31.159000] api_signal: id=api-0406 timestamp=2026-06-08T22:40:31.159 status=RESPONSE
[   31.360000] api_signal: id=api-0263 timestamp=2026-06-08T22:40:31.360 status=RESPONSE
[   31.668000] api_signal: id=api-0328 timestamp=2026-06-08T22:40:31.668 status=RESPONSE
[   31.707000] api_signal: id=api-0478 timestamp=2026-06-08T22:40:31.707 status=RESPONSE
[   31.758000] api_signal: id=api-0332 timestamp=2026-06-08T22:40:31.758 status=REQUEST
[   31.784000] api_signal: id=api-0305 timestamp=2026-06-08T22:40:31.784 status=RESPONSE
[   31.826000] api_signal: id=api-0152 timestamp=2026-06-08T22:40:31.826 status=REQUEST
[   31.827000] api_signal: id=api-0359 timestamp=2026-06-08T22:40:31.827 status=REQUEST
[   31.996000] api_signal: id=api-0357 timestamp=2026-06-08T22:40:31.996 status=REQUEST
[   32.019000] api_signal: id=api-0439 timestamp=2026-06-08T22:40:32.019 status=REQUEST
[   32.022000] api_signal: id=api-0387 timestamp=2026-06-08T22:40:32.022 status=RESPONSE
[   32.114000] api_signal: id=api-0359 timestamp=2026-06-08T22:40:32.114 status=RESPONSE
[   32.305000] api_signal: id=api-0179 timestamp=2026-06-08T22:40:32.305 status=RESPONSE
[   32.394000] api_signal: id=api-0428 timestamp=2026-06-08T22:40:32.394 status=REQUEST
[   32.399000] api_signal: id=api-0309 timestamp=2026-06-08T22:40:32.399 status=REQUEST
[   32.504000] api_signal: id=api-0325 timestamp=2026-06-08T22:40:32.504 status=RESPONSE
[   32.526000] api_signal: id=api-0373 timestamp=2026-06-08T22:40:32.526 status=RESPONSE
[   32.604000] api_signal: id=api-0186 timestamp=2026-06-08T22:40:32.604 status=RESPONSE
[   32.625000] api_signal: id=api-0389 timestamp=2026-06-08T22:40:32.625 status=RESPONSE
[   32.752000] api_signal: id=api-0038 timestamp=2026-06-08T22:40:32.752 status=RESPONSE
[   32.806000] api_signal: id=api-0084 timestamp=2026-06-08T22:40:32.806 status=REQUEST
[   32.838000] api_signal: id=api-0265 timestamp=2026-06-08T22:40:32.838 status=RESPONSE
[   32.907000] api_signal: id=api-0063 timestamp=2026-06-08T22:40:32.907 status=RESPONSE
[   32.954000] api_signal: id=api-0168 timestamp=2026-06-08T22:40:32.954 status=REQUEST
[   33.000000] api_signal: id=api-0111 timestamp=2026-06-08T22:40:33.000 status=RESPONSE
[   33.118000] api_signal: id=api-0010 timestamp=2026-06-08T22:40:33.118 status=REQUEST
[   33.122000] api_signal: id=api-0211 timestamp=2026-06-08T22:40:33.122 status=REQUEST
[   33.153000] api_signal: id=api-0192 timestamp=2026-06-08T22:40:33.153 status=REQUEST
[   33.234000] api_signal: id=api-0278 timestamp=2026-06-08T22:40:33.234 status=REQUEST
[   33.271000] api_signal: id=api-0085 timestamp=2026-06-08T22:40:33.271 status=REQUEST
[   33.281000] api_signal: id=api-0170 timestamp=2026-06-08T22:40:33.281 status=REQUEST
[   33.291000] api_signal: id=api-0306 timestamp=2026-06-08T22:40:33.291 status=RESPONSE
[   33.392000] api_signal: id=api-0066 timestamp=2026-06-08T22:40:33.392 status=REQUEST
[   33.500000] api_signal: id=api-0295 timestamp=2026-06-08T22:40:33.500 status=REQUEST
[   33.599000] api_signal: id=api-0146 timestamp=2026-06-08T22:40:33.599 status=RESPONSE
[   33.767000] api_signal: id=api-0332 timestamp=2026-06-08T22:40:33.767 status=RESPONSE
[   33.843000] api_signal: id=api-0357 timestamp=2026-06-08T22:40:33.843 status=RESPONSE
[   33.857000] api_signal: id=api-0436 timestamp=2026-06-08T22:40:33.857 status=REQUEST
[   33.987000] api_signal: id=api-0170 timestamp=2026-06-08T22:40:33.987 status=RESPONSE
[   34.083000] api_signal: id=api-0419 timestamp=2026-06-08T22:40:34.083 status=RESPONSE
[   34.142000] api_signal: id=api-0293 timestamp=2026-06-08T22:40:34.142 status=RESPONSE
[   34.192000] api_signal: id=api-0085 timestamp=2026-06-08T22:40:34.192 status=RESPONSE
[   34.316000] api_signal: id=api-0014 timestamp=2026-06-08T22:40:34.316 status=RESPONSE
[   34.319000] api_signal: id=api-0084 timestamp=2026-06-08T22:40:34.319 status=RESPONSE
[   34.676000] api_signal: id=api-0074 timestamp=2026-06-08T22:40:34.676 status=REQUEST
[   34.733000] api_signal: id=api-0477 timestamp=2026-06-08T22:40:34.733 status=RESPONSE
[   35.005000] api_signal: id=api-0044 timestamp=2026-06-08T22:40:35.005 status=REQUEST
[   35.106000] api_signal: id=api-0428 timestamp=2026-06-08T22:40:35.106 status=RESPONSE
[   35.142000] api_signal: id=api-0027 timestamp=2026-06-08T22:40:35.142 status=REQUEST
[   35.234000] api_signal: id=api-0191 timestamp=2026-06-08T22:40:35.234 status=REQUEST
[   35.272000] api_signal: id=api-0354 timestamp=2026-06-08T22:40:35.272 status=REQUEST
[   35.322000] api_signal: id=api-0061 timestamp=2026-06-08T22:40:35.322 status=REQUEST
[   35.348000] api_signal: id=api-0091 timestamp=2026-06-08T22:40:35.348 status=REQUEST
[   35.375000] api_signal: id=api-0192 timestamp=2026-06-08T22:40:35.375 status=RESPONSE
[   35.472000] api_signal: id=api-0436 timestamp=2026-06-08T22:40:35.472 status=RESPONSE
[   35.560000] api_signal: id=api-0344 timestamp=2026-06-08T22:40:35.560 status=REQUEST
[   35.722000] api_signal: id=api-0309 timestamp=2026-06-08T22:40:35.722 status=RESPONSE
[   35.755000] api_signal: id=api-0223 timestamp=2026-06-08T22:40:35.755 status=REQUEST
[   35.817000] api_signal: id=api-0278 timestamp=2026-06-08T22:40:35.817 status=RESPONSE
[   35.819000] api_signal: id=api-0152 timestamp=2026-06-08T22:40:35.819 status=RESPONSE
[   35.909000] api_signal: id=api-0288 timestamp=2026-06-08T22:40:35.909 status=REQUEST
[   35.962000] api_signal: id=api-0288 timestamp=2026-06-08T22:40:35.962 status=RESPONSE
[   36.031000] api_signal: id=api-0104 timestamp=2026-06-08T22:40:36.031 status=REQUEST
[   36.100000] api_signal: id=api-0223 timestamp=2026-06-08T22:40:36.100 status=RESPONSE
[   36.154000] api_signal: id=api-0219 timestamp=2026-06-08T22:40:36.154 status=REQUEST
[   36.178000] api_signal: id=api-0029 timestamp=2026-06-08T22:40:36.178 status=REQUEST
[   36.214000] api_signal: id=api-0027 timestamp=2026-06-08T22:40:36.214 status=RESPONSE
[   36.256000] api_signal: id=api-0075 timestamp=2026-06-08T22:40:36.256 status=REQUEST
[   36.264000] api_signal: id=api-0472 timestamp=2026-06-08T22:40:36.264 status=REQUEST
[   36.272000] api_signal: id=api-0449 timestamp=2026-06-08T22:40:36.272 status=REQUEST
[   36.301000] api_signal: id=api-0116 timestamp=2026-06-08T22:40:36.301 status=REQUEST
[   36.333000] api_signal: id=api-0282 timestamp=2026-06-08T22:40:36.333 status=REQUEST
[   36.400000] api_signal: id=api-0075 timestamp=2026-06-08T22:40:36.400 status=RESPONSE
[   36.424000] api_signal: id=api-0435 timestamp=2026-06-08T22:40:36.424 status=REQUEST
[   36.530000] api_signal: id=api-0317 timestamp=2026-06-08T22:40:36.530 status=REQUEST
[   36.557000] api_signal: id=api-0435 timestamp=2026-06-08T22:40:36.557 status=RESPONSE
[   36.573000] api_signal: id=api-0489 timestamp=2026-06-08T22:40:36.573 status=REQUEST
[   36.617000] api_signal: id=api-0439 timestamp=2026-06-08T22:40:36.617 status=RESPONSE
[   36.629000] api_signal: id=api-0322 timestamp=2026-06-08T22:40:36.629 status=REQUEST
[   36.759000] api_signal: id=api-0220 timestamp=2026-06-08T22:40:36.759 status=REQUEST
[   36.785000] api_signal: id=api-0074 timestamp=2026-06-08T22:40:36.785 status=RESPONSE
[   36.888000] api_signal: id=api-0220 timestamp=2026-06-08T22:40:36.888 status=RESPONSE
[   36.960000] api_signal: id=api-0388 timestamp=2026-06-08T22:40:36.960 status=REQUEST
[   37.030000] api_signal: id=api-0191 timestamp=2026-06-08T22:40:37.030 status=RESPONSE
[   37.042000] api_signal: id=api-0180 timestamp=2026-06-08T22:40:37.042 status=REQUEST
[   37.060000] api_signal: id=api-0044 timestamp=2026-06-08T22:40:37.060 status=RESPONSE
[   37.174000] api_signal: id=api-0211 timestamp=2026-06-08T22:40:37.174 status=RESPONSE
[   37.265000] api_signal: id=api-0497 timestamp=2026-06-08T22:40:37.265 status=REQUEST
[   37.345000] api_signal: id=api-0426 timestamp=2026-06-08T22:40:37.345 status=REQUEST
[   37.354000] api_signal: id=api-0168 timestamp=2026-06-08T22:40:37.354 status=RESPONSE
[   37.425000] api_signal: id=api-0282 timestamp=2026-06-08T22:40:37.425 status=RESPONSE
[   37.426000] api_signal: id=api-0295 timestamp=2026-06-08T22:40:37.426 status=RESPONSE
[   37.433000] api_signal: id=api-0104 timestamp=2026-06-08T22:40:37.433 status=RESPONSE
[   37.484000] api_signal: id=api-0066 timestamp=2026-06-08T22:40:37.484 status=RESPONSE
[   37.524000] api_signal: id=api-0061 timestamp=2026-06-08T22:40:37.524 status=RESPONSE
[   37.621000] api_signal: id=api-0476 timestamp=2026-06-08T22:40:37.621 status=REQUEST
[   37.762000] api_signal: id=api-0128 timestamp=2026-06-08T22:40:37.762 status=REQUEST
[   37.808000] api_signal: id=api-0497 timestamp=2026-06-08T22:40:37.808 status=RESPONSE
[   37.837000] api_signal: id=api-0031 timestamp=2026-06-08T22:40:37.837 status=REQUEST
[   37.924000] api_signal: id=api-0394 timestamp=2026-06-08T22:40:37.924 status=REQUEST
[   38.099000] api_signal: id=api-0010 timestamp=2026-06-08T22:40:38.099 status=RESPONSE
[   38.175000] api_signal: id=api-0225 timestamp=2026-06-08T22:40:38.175 status=REQUEST
[   38.184000] api_signal: id=api-0394 timestamp=2026-06-08T22:40:38.184 status=RESPONSE
[   38.236000] api_signal: id=api-0116 timestamp=2026-06-08T22:40:38.236 status=RESPONSE
[   38.284000] api_signal: id=api-0167 timestamp=2026-06-08T22:40:38.284 status=REQUEST
[   38.564000] api_signal: id=api-0117 timestamp=2026-06-08T22:40:38.564 status=REQUEST
[   38.621000] api_signal: id=api-0317 timestamp=2026-06-08T22:40:38.621 status=RESPONSE
[   38.629000] api_signal: id=api-0029 timestamp=2026-06-08T22:40:38.629 status=RESPONSE
[   38.707000] api_signal: id=api-0472 timestamp=2026-06-08T22:40:38.707 status=RESPONSE
[   38.790000] api_signal: id=api-0366 timestamp=2026-06-08T22:40:38.790 status=REQUEST
[   38.795000] api_signal: id=api-0388 timestamp=2026-06-08T22:40:38.795 status=RESPONSE
[   38.962000] api_signal: id=api-0177 timestamp=2026-06-08T22:40:38.962 status=REQUEST
[   39.052000] api_signal: id=api-0073 timestamp=2026-06-08T22:40:39.052 status=REQUEST
[   39.086000] api_signal: id=api-0071 timestamp=2026-06-08T22:40:39.086 status=REQUEST
[   39.111000] api_signal: id=api-0464 timestamp=2026-06-08T22:40:39.111 status=REQUEST
[   39.337000] api_signal: id=api-0177 timestamp=2026-06-08T22:40:39.337 status=RESPONSE
[   39.426000] api_signal: id=api-0344 timestamp=2026-06-08T22:40:39.426 status=RESPONSE
[   39.462000] api_signal: id=api-0031 timestamp=2026-06-08T22:40:39.462 status=RESPONSE
[   39.565000] api_signal: id=api-0024 timestamp=2026-06-08T22:40:39.565 status=REQUEST
[   39.656000] api_signal: id=api-0071 timestamp=2026-06-08T22:40:39.656 status=RESPONSE
[   39.707000] api_signal: id=api-0219 timestamp=2026-06-08T22:40:39.707 status=RESPONSE
[   39.735000] api_signal: id=api-0490 timestamp=2026-06-08T22:40:39.735 status=REQUEST
[   39.742000] api_signal: id=api-0091 timestamp=2026-06-08T22:40:39.742 status=RESPONSE
[   39.758000] api_signal: id=api-0292 timestamp=2026-06-08T22:40:39.758 status=REQUEST
[   39.795000] api_signal: id=api-0354 timestamp=2026-06-08T22:40:39.795 status=RESPONSE
[   39.909000] api_signal: id=api-0088 timestamp=2026-06-08T22:40:39.909 status=REQUEST
[   39.920000] api_signal: id=api-0043 timestamp=2026-06-08T22:40:39.920 status=REQUEST
[   39.952000] api_signal: id=api-0498 timestamp=2026-06-08T22:40:39.952 status=REQUEST
[   40.000000] api_signal: id=api-0476 timestamp=2026-06-08T22:40:40.000 status=RESPONSE
[   40.032000] api_signal: id=api-0489 timestamp=2026-06-08T22:40:40.032 status=RESPONSE
[   40.086000] api_signal: id=api-0200 timestamp=2026-06-08T22:40:40.086 status=REQUEST
[   40.150000] api_signal: id=api-0324 timestamp=2026-06-08T22:40:40.150 status=REQUEST
[   40.338000] api_signal: id=api-0286 timestamp=2026-06-08T22:40:40.338 status=REQUEST
[   40.364000] api_signal: id=api-0417 timestamp=2026-06-08T22:40:40.364 status=REQUEST
[   40.418000] api_signal: id=api-0117 timestamp=2026-06-08T22:40:40.418 status=RESPONSE
[   40.499000] api_signal: id=api-0426 timestamp=2026-06-08T22:40:40.499 status=RESPONSE
[   40.591000] api_signal: id=api-0178 timestamp=2026-06-08T22:40:40.591 status=REQUEST
[   40.671000] api_signal: id=api-0449 timestamp=2026-06-08T22:40:40.671 status=RESPONSE
[   40.675000] api_signal: id=api-0235 timestamp=2026-06-08T22:40:40.675 status=REQUEST
[   40.708000] api_signal: id=api-0189 timestamp=2026-06-08T22:40:40.708 status=REQUEST
[   40.719000] api_signal: id=api-0385 timestamp=2026-06-08T22:40:40.719 status=REQUEST
[   40.814000] api_signal: id=api-0498 timestamp=2026-06-08T22:40:40.814 status=RESPONSE
[   40.839000] api_signal: id=api-0275 timestamp=2026-06-08T22:40:40.839 status=REQUEST
[   40.993000] api_signal: id=api-0500 timestamp=2026-06-08T22:40:40.993 status=REQUEST
[   41.251000] api_signal: id=api-0484 timestamp=2026-06-08T22:40:41.251 status=REQUEST
[   41.312000] api_signal: id=api-0178 timestamp=2026-06-08T22:40:41.312 status=RESPONSE
[   41.371000] api_signal: id=api-0043 timestamp=2026-06-08T22:40:41.371 status=RESPONSE
[   41.374000] api_signal: id=api-0180 timestamp=2026-06-08T22:40:41.374 status=RESPONSE
[   41.479000] api_signal: id=api-0464 timestamp=2026-06-08T22:40:41.479 status=RESPONSE
[   41.556000] api_signal: id=api-0322 timestamp=2026-06-08T22:40:41.556 status=RESPONSE
[   41.588000] api_signal: id=api-0088 timestamp=2026-06-08T22:40:41.588 status=RESPONSE
[   41.684000] api_signal: id=api-0128 timestamp=2026-06-08T22:40:41.684 status=RESPONSE
[   41.740000] api_signal: id=api-0484 timestamp=2026-06-08T22:40:41.740 status=RESPONSE
[   41.753000] api_signal: id=api-0217 timestamp=2026-06-08T22:40:41.753 status=REQUEST
[   41.781000] api_signal: id=api-0024 timestamp=2026-06-08T22:40:41.781 status=RESPONSE
[   41.803000] api_signal: id=api-0474 timestamp=2026-06-08T22:40:41.803 status=REQUEST
[   41.905000] api_signal: id=api-0001 timestamp=2026-06-08T22:40:41.905 status=REQUEST
[   41.943000] api_signal: id=api-0047 timestamp=2026-06-08T22:40:41.943 status=REQUEST
[   41.991000] api_signal: id=api-0235 timestamp=2026-06-08T22:40:41.991 status=RESPONSE
[   42.017000] api_signal: id=api-0385 timestamp=2026-06-08T22:40:42.017 status=RESPONSE
[   42.239000] api_signal: id=api-0167 timestamp=2026-06-08T22:40:42.239 status=RESPONSE
[   42.329000] api_signal: id=api-0442 timestamp=2026-06-08T22:40:42.329 status=REQUEST
[   42.437000] api_signal: id=api-0408 timestamp=2026-06-08T22:40:42.437 status=REQUEST
[   42.447000] api_signal: id=api-0292 timestamp=2026-06-08T22:40:42.447 status=RESPONSE
[   42.628000] api_signal: id=api-0416 timestamp=2026-06-08T22:40:42.628 status=REQUEST
[   42.738000] api_signal: id=api-0148 timestamp=2026-06-08T22:40:42.738 status=REQUEST
[   42.751000] api_signal: id=api-0225 timestamp=2026-06-08T22:40:42.751 status=RESPONSE
[   42.771000] api_signal: id=api-0500 timestamp=2026-06-08T22:40:42.771 status=RESPONSE
[   42.867000] api_signal: id=api-0001 timestamp=2026-06-08T22:40:42.867 status=RESPONSE
[   42.936000] api_signal: id=api-0073 timestamp=2026-06-08T22:40:42.936 status=RESPONSE
[   42.995000] api_signal: id=api-0311 timestamp=2026-06-08T22:40:42.995 status=REQUEST
[   43.090000] api_signal: id=api-0311 timestamp=2026-06-08T22:40:43.090 status=RESPONSE
[   43.178000] api_signal: id=api-0297 timestamp=2026-06-08T22:40:43.178 status=REQUEST
[   43.255000] api_signal: id=api-0252 timestamp=2026-06-08T22:40:43.255 status=REQUEST
[   43.376000] api_signal: id=api-0160 timestamp=2026-06-08T22:40:43.376 status=REQUEST
[   43.450000] api_signal: id=api-0367 timestamp=2026-06-08T22:40:43.450 status=REQUEST
[   43.460000] api_signal: id=api-0275 timestamp=2026-06-08T22:40:43.460 status=RESPONSE
[   43.463000] api_signal: id=api-0366 timestamp=2026-06-08T22:40:43.463 status=RESPONSE
[   43.475000] api_signal: id=api-0276 timestamp=2026-06-08T22:40:43.475 status=REQUEST
[   43.506000] api_signal: id=api-0299 timestamp=2026-06-08T22:40:43.506 status=REQUEST
[   43.576000] api_signal: id=api-0284 timestamp=2026-06-08T22:40:43.576 status=REQUEST
[   43.705000] api_signal: id=api-0279 timestamp=2026-06-08T22:40:43.705 status=REQUEST
[   43.708000] api_signal: id=api-0232 timestamp=2026-06-08T22:40:43.708 status=REQUEST
[   43.722000] api_signal: id=api-0367 timestamp=2026-06-08T22:40:43.722 status=RESPONSE
[   43.750000] api_signal: id=api-0321 timestamp=2026-06-08T22:40:43.750 status=REQUEST
[   43.835000] api_signal: id=api-0361 timestamp=2026-06-08T22:40:43.835 status=REQUEST
[   43.842000] api_signal: id=api-0125 timestamp=2026-06-08T22:40:43.842 status=REQUEST
[   43.920000] api_signal: id=api-0041 timestamp=2026-06-08T22:40:43.920 status=REQUEST
[   43.922000] api_signal: id=api-0297 timestamp=2026-06-08T22:40:43.922 status=RESPONSE
[   43.948000] api_signal: id=api-0217 timestamp=2026-06-08T22:40:43.948 status=RESPONSE
[   44.019000] api_signal: id=api-0185 timestamp=2026-06-08T22:40:44.019 status=REQUEST
[   44.092000] api_signal: id=api-0301 timestamp=2026-06-08T22:40:44.092 status=REQUEST
[   44.129000] api_signal: id=api-0136 timestamp=2026-06-08T22:40:44.129 status=REQUEST
[   44.335000] api_signal: id=api-0324 timestamp=2026-06-08T22:40:44.335 status=RESPONSE
[   44.348000] api_signal: id=api-0005 timestamp=2026-06-08T22:40:44.348 status=REQUEST
[   44.388000] api_signal: id=api-0285 timestamp=2026-06-08T22:40:44.388 status=REQUEST
[   44.390000] api_signal: id=api-0396 timestamp=2026-06-08T22:40:44.390 status=REQUEST
[   44.469000] api_signal: id=api-0200 timestamp=2026-06-08T22:40:44.469 status=RESPONSE
[   44.545000] api_signal: id=api-0276 timestamp=2026-06-08T22:40:44.545 status=RESPONSE
[   44.583000] api_signal: id=api-0076 timestamp=2026-06-08T22:40:44.583 status=REQUEST
[   44.600000] api_signal: id=api-0232 timestamp=2026-06-08T22:40:44.600 status=RESPONSE
[   44.668000] api_signal: id=api-0490 timestamp=2026-06-08T22:40:44.668 status=RESPONSE
[   44.676000] api_signal: id=api-0077 timestamp=2026-06-08T22:40:44.676 status=REQUEST
[   44.822000] api_signal: id=api-0417 timestamp=2026-06-08T22:40:44.822 status=RESPONSE
[   44.887000] api_signal: id=api-0252 timestamp=2026-06-08T22:40:44.887 status=RESPONSE
[   44.890000] api_signal: id=api-0416 timestamp=2026-06-08T22:40:44.890 status=RESPONSE
[   44.985000] api_signal: id=api-0136 timestamp=2026-06-08T22:40:44.985 status=RESPONSE
[   45.013000] api_signal: id=api-0272 timestamp=2026-06-08T22:40:45.013 status=REQUEST
[   45.050000] api_signal: id=api-0286 timestamp=2026-06-08T22:40:45.050 status=RESPONSE
[   45.259000] api_signal: id=api-0441 timestamp=2026-06-08T22:40:45.259 status=REQUEST
[   45.260000] api_signal: id=api-0399 timestamp=2026-06-08T22:40:45.260 status=REQUEST
[   45.282000] api_signal: id=api-0408 timestamp=2026-06-08T22:40:45.282 status=RESPONSE
[   45.336000] api_signal: id=api-0446 timestamp=2026-06-08T22:40:45.336 status=REQUEST
[   45.370000] api_signal: id=api-0189 timestamp=2026-06-08T22:40:45.370 status=RESPONSE
[   45.571000] api_signal: id=api-0076 timestamp=2026-06-08T22:40:45.571 status=RESPONSE
[   45.581000] api_signal: id=api-0348 timestamp=2026-06-08T22:40:45.581 status=REQUEST
[   45.651000] api_signal: id=api-0159 timestamp=2026-06-08T22:40:45.651 status=REQUEST
[   45.692000] api_signal: id=api-0281 timestamp=2026-06-08T22:40:45.692 status=REQUEST
[   45.705000] api_signal: id=api-0473 timestamp=2026-06-08T22:40:45.705 status=REQUEST
[   45.753000] api_signal: id=api-0017 timestamp=2026-06-08T22:40:45.753 status=REQUEST
[   45.791000] api_signal: id=api-0348 timestamp=2026-06-08T22:40:45.791 status=RESPONSE
[   45.863000] api_signal: id=api-0285 timestamp=2026-06-08T22:40:45.863 status=RESPONSE
[   45.874000] api_signal: id=api-0474 timestamp=2026-06-08T22:40:45.874 status=RESPONSE
[   45.952000] api_signal: id=api-0434 timestamp=2026-06-08T22:40:45.952 status=REQUEST
[   45.994000] api_signal: id=api-0042 timestamp=2026-06-08T22:40:45.994 status=REQUEST
[   46.062000] api_signal: id=api-0453 timestamp=2026-06-08T22:40:46.062 status=REQUEST
[   46.107000] api_signal: id=api-0199 timestamp=2026-06-08T22:40:46.107 status=REQUEST
[   46.157000] api_signal: id=api-0041 timestamp=2026-06-08T22:40:46.157 status=RESPONSE
[   46.174000] api_signal: id=api-0032 timestamp=2026-06-08T22:40:46.174 status=REQUEST
[   46.295000] api_signal: id=api-0341 timestamp=2026-06-08T22:40:46.295 status=REQUEST
[   46.301000] api_signal: id=api-0299 timestamp=2026-06-08T22:40:46.301 status=RESPONSE
[   46.354000] api_signal: id=api-0413 timestamp=2026-06-08T22:40:46.354 status=REQUEST
[   46.389000] api_signal: id=api-0119 timestamp=2026-06-08T22:40:46.389 status=REQUEST
[   46.399000] api_signal: id=api-0442 timestamp=2026-06-08T22:40:46.399 status=RESPONSE
[   46.400000] api_signal: id=api-0469 timestamp=2026-06-08T22:40:46.400 status=REQUEST
[   46.526000] api_signal: id=api-0185 timestamp=2026-06-08T22:40:46.526 status=RESPONSE
[   46.555000] api_signal: id=api-0047 timestamp=2026-06-08T22:40:46.555 status=RESPONSE
[   46.628000] api_signal: id=api-0042 timestamp=2026-06-08T22:40:46.628 status=RESPONSE
[   46.677000] api_signal: id=api-0272 timestamp=2026-06-08T22:40:46.677 status=RESPONSE
[   46.684000] api_signal: id=api-0301 timestamp=2026-06-08T22:40:46.684 status=RESPONSE
[   46.723000] api_signal: id=api-0109 timestamp=2026-06-08T22:40:46.723 status=REQUEST
[   46.731000] api_signal: id=api-0284 timestamp=2026-06-08T22:40:46.731 status=RESPONSE
[   46.789000] api_signal: id=api-0473 timestamp=2026-06-08T22:40:46.789 status=RESPONSE
[   46.793000] api_signal: id=api-0032 timestamp=2026-06-08T22:40:46.793 status=RESPONSE
[   46.921000] api_signal: id=api-0119 timestamp=2026-06-08T22:40:46.921 status=RESPONSE
[   47.029000] api_signal: id=api-0209 timestamp=2026-06-08T22:40:47.029 status=REQUEST
[   47.100000] api_signal: id=api-0279 timestamp=2026-06-08T22:40:47.100 status=RESPONSE
[   47.169000] api_signal: id=api-0277 timestamp=2026-06-08T22:40:47.169 status=REQUEST
[   47.190000] api_signal: id=api-0438 timestamp=2026-06-08T22:40:47.190 status=REQUEST
[   47.197000] api_signal: id=api-0361 timestamp=2026-06-08T22:40:47.197 status=RESPONSE
[   47.216000] api_signal: id=api-0148 timestamp=2026-06-08T22:40:47.216 status=RESPONSE
[   47.299000] api_signal: id=api-0399 timestamp=2026-06-08T22:40:47.299 status=RESPONSE
[   47.323000] api_signal: id=api-0083 timestamp=2026-06-08T22:40:47.323 status=REQUEST
[   47.379000] api_signal: id=api-0446 timestamp=2026-06-08T22:40:47.379 status=RESPONSE
[   47.412000] api_signal: id=api-0160 timestamp=2026-06-08T22:40:47.412 status=RESPONSE
[   47.459000] api_signal: id=api-0362 timestamp=2026-06-08T22:40:47.459 status=REQUEST
[   47.514000] api_signal: id=api-0396 timestamp=2026-06-08T22:40:47.514 status=RESPONSE
[   47.657000] api_signal: id=api-0413 timestamp=2026-06-08T22:40:47.657 status=RESPONSE
[   47.724000] api_signal: id=api-0138 timestamp=2026-06-08T22:40:47.724 status=REQUEST
[   47.745000] api_signal: id=api-0264 timestamp=2026-06-08T22:40:47.745 status=REQUEST
[   47.823000] api_signal: id=api-0026 timestamp=2026-06-08T22:40:47.823 status=REQUEST
[   47.868000] api_signal: id=api-0125 timestamp=2026-06-08T22:40:47.868 status=RESPONSE
[   47.966000] api_signal: id=api-0099 timestamp=2026-06-08T22:40:47.966 status=REQUEST
[   48.090000] api_signal: id=api-0415 timestamp=2026-06-08T22:40:48.090 status=REQUEST
[   48.097000] api_signal: id=api-0341 timestamp=2026-06-08T22:40:48.097 status=RESPONSE
[   48.151000] api_signal: id=api-0321 timestamp=2026-06-08T22:40:48.151 status=RESPONSE
[   48.164000] api_signal: id=api-0281 timestamp=2026-06-08T22:40:48.164 status=RESPONSE
[   48.217000] api_signal: id=api-0164 timestamp=2026-06-08T22:40:48.217 status=REQUEST
[   48.265000] api_signal: id=api-0434 timestamp=2026-06-08T22:40:48.265 status=RESPONSE
[   48.271000] api_signal: id=api-0240 timestamp=2026-06-08T22:40:48.271 status=REQUEST
[   48.405000] api_signal: id=api-0461 timestamp=2026-06-08T22:40:48.405 status=REQUEST
[   48.635000] api_signal: id=api-0199 timestamp=2026-06-08T22:40:48.635 status=RESPONSE
[   48.655000] api_signal: id=api-0206 timestamp=2026-06-08T22:40:48.655 status=REQUEST
[   48.685000] api_signal: id=api-0458 timestamp=2026-06-08T22:40:48.685 status=REQUEST
[   48.736000] api_signal: id=api-0327 timestamp=2026-06-08T22:40:48.736 status=REQUEST
[   48.823000] api_signal: id=api-0060 timestamp=2026-06-08T22:40:48.823 status=REQUEST
[   48.861000] api_signal: id=api-0362 timestamp=2026-06-08T22:40:48.861 status=RESPONSE
[   48.865000] api_signal: id=api-0005 timestamp=2026-06-08T22:40:48.865 status=RESPONSE
[   48.885000] api_signal: id=api-0451 timestamp=2026-06-08T22:40:48.885 status=REQUEST
[   48.956000] api_signal: id=api-0062 timestamp=2026-06-08T22:40:48.956 status=REQUEST
[   49.088000] api_signal: id=api-0378 timestamp=2026-06-08T22:40:49.088 status=REQUEST
[   49.124000] api_signal: id=api-0077 timestamp=2026-06-08T22:40:49.124 status=RESPONSE
[   49.209000] api_signal: id=api-0078 timestamp=2026-06-08T22:40:49.209 status=REQUEST
[   49.209000] api_signal: id=api-0441 timestamp=2026-06-08T22:40:49.209 status=RESPONSE
[   49.265000] api_signal: id=api-0017 timestamp=2026-06-08T22:40:49.265 status=RESPONSE
[   49.268000] api_signal: id=api-0329 timestamp=2026-06-08T22:40:49.268 status=REQUEST
[   49.274000] api_signal: id=api-0187 timestamp=2026-06-08T22:40:49.274 status=REQUEST
[   49.326000] api_signal: id=api-0109 timestamp=2026-06-08T22:40:49.326 status=RESPONSE
[   49.429000] api_signal: id=api-0382 timestamp=2026-06-08T22:40:49.429 status=REQUEST
[   49.497000] api_signal: id=api-0108 timestamp=2026-06-08T22:40:49.497 status=REQUEST
[   49.530000] api_signal: id=api-0083 timestamp=2026-06-08T22:40:49.530 status=RESPONSE
[   49.679000] api_signal: id=api-0277 timestamp=2026-06-08T22:40:49.679 status=RESPONSE
[   49.687000] api_signal: id=api-0440 timestamp=2026-06-08T22:40:49.687 status=REQUEST
[   49.729000] api_signal: id=api-0016 timestamp=2026-06-08T22:40:49.729 status=REQUEST
[   49.733000] api_signal: id=api-0382 timestamp=2026-06-08T22:40:49.733 status=RESPONSE
[   49.820000] api_signal: id=api-0463 timestamp=2026-06-08T22:40:49.820 status=REQUEST
[   49.829000] api_signal: id=api-0453 timestamp=2026-06-08T22:40:49.829 status=RESPONSE
[   49.846000] api_signal: id=api-0101 timestamp=2026-06-08T22:40:49.846 status=REQUEST
[   49.887000] api_signal: id=api-0209 timestamp=2026-06-08T22:40:49.887 status=RESPONSE
[   49.918000] api_signal: id=api-0187 timestamp=2026-06-08T22:40:49.918 status=RESPONSE
[   49.950000] api_signal: id=api-0459 timestamp=2026-06-08T22:40:49.950 status=REQUEST
[   49.971000] api_signal: id=api-0090 timestamp=2026-06-08T22:40:49.971 status=REQUEST
[   49.986000] api_signal: id=api-0499 timestamp=2026-06-08T22:40:49.986 status=REQUEST
[   50.036000] api_signal: id=api-0020 timestamp=2026-06-08T22:40:50.036 status=REQUEST
[   50.188000] api_signal: id=api-0331 timestamp=2026-06-08T22:40:50.188 status=REQUEST
[   50.189000] api_signal: id=api-0102 timestamp=2026-06-08T22:40:50.189 status=REQUEST
[   50.253000] api_signal: id=api-0159 timestamp=2026-06-08T22:40:50.253 status=RESPONSE
[   50.259000] api_signal: id=api-0390 timestamp=2026-06-08T22:40:50.259 status=REQUEST
[   50.364000] api_signal: id=api-0264 timestamp=2026-06-08T22:40:50.364 status=RESPONSE
[   50.370000] api_signal: id=api-0079 timestamp=2026-06-08T22:40:50.370 status=REQUEST
[   50.553000] api_signal: id=api-0138 timestamp=2026-06-08T22:40:50.553 status=RESPONSE
[   50.569000] api_signal: id=api-0438 timestamp=2026-06-08T22:40:50.569 status=RESPONSE
[   50.663000] api_signal: id=api-0034 timestamp=2026-06-08T22:40:50.663 status=REQUEST
[   50.680000] api_signal: id=api-0255 timestamp=2026-06-08T22:40:50.680 status=REQUEST
[   50.766000] api_signal: id=api-0418 timestamp=2026-06-08T22:40:50.766 status=REQUEST
[   50.825000] api_signal: id=api-0469 timestamp=2026-06-08T22:40:50.825 status=RESPONSE
[   50.835000] api_signal: id=api-0492 timestamp=2026-06-08T22:40:50.835 status=REQUEST
[   50.973000] api_signal: id=api-0392 timestamp=2026-06-08T22:40:50.973 status=REQUEST
[   51.014000] api_signal: id=api-0313 timestamp=2026-06-08T22:40:51.014 status=REQUEST
[   51.042000] api_signal: id=api-0240 timestamp=2026-06-08T22:40:51.042 status=RESPONSE
[   51.086000] api_signal: id=api-0016 timestamp=2026-06-08T22:40:51.086 status=RESPONSE
[   51.194000] api_signal: id=api-0108 timestamp=2026-06-08T22:40:51.194 status=RESPONSE
[   51.198000] api_signal: id=api-0381 timestamp=2026-06-08T22:40:51.198 status=REQUEST
[   51.269000] api_signal: id=api-0102 timestamp=2026-06-08T22:40:51.269 status=RESPONSE
[   51.274000] api_signal: id=api-0241 timestamp=2026-06-08T22:40:51.274 status=REQUEST
[   51.290000] api_signal: id=api-0404 timestamp=2026-06-08T22:40:51.290 status=REQUEST
[   51.343000] api_signal: id=api-0329 timestamp=2026-06-08T22:40:51.343 status=RESPONSE
[   51.344000] api_signal: id=api-0090 timestamp=2026-06-08T22:40:51.344 status=RESPONSE
[   51.444000] api_signal: id=api-0078 timestamp=2026-06-08T22:40:51.444 status=RESPONSE
[   51.495000] api_signal: id=api-0291 timestamp=2026-06-08T22:40:51.495 status=REQUEST
[   51.516000] api_signal: id=api-0459 timestamp=2026-06-08T22:40:51.516 status=RESPONSE
[   51.577000] api_signal: id=api-0381 timestamp=2026-06-08T22:40:51.577 status=RESPONSE
[   51.601000] api_signal: id=api-0244 timestamp=2026-06-08T22:40:51.601 status=REQUEST
[   51.636000] api_signal: id=api-0026 timestamp=2026-06-08T22:40:51.636 status=RESPONSE
[   51.676000] api_signal: id=api-0404 timestamp=2026-06-08T22:40:51.676 status=RESPONSE
[   51.705000] api_signal: id=api-0440 timestamp=2026-06-08T22:40:51.705 status=RESPONSE
[   51.738000] api_signal: id=api-0499 timestamp=2026-06-08T22:40:51.738 status=RESPONSE
[   51.821000] api_signal: id=api-0491 timestamp=2026-06-08T22:40:51.821 status=REQUEST
[   51.909000] api_signal: id=api-0070 timestamp=2026-06-08T22:40:51.909 status=REQUEST
[   51.997000] api_signal: id=api-0099 timestamp=2026-06-08T22:40:51.997 status=RESPONSE
[   52.018000] api_signal: id=api-0296 timestamp=2026-06-08T22:40:52.018 status=REQUEST
[   52.181000] api_signal: id=api-0403 timestamp=2026-06-08T22:40:52.181 status=REQUEST
[   52.286000] api_signal: id=api-0431 timestamp=2026-06-08T22:40:52.286 status=REQUEST
[   52.364000] api_signal: id=api-0392 timestamp=2026-06-08T22:40:52.364 status=RESPONSE
[   52.414000] api_signal: id=api-0415 timestamp=2026-06-08T22:40:52.414 status=RESPONSE
[   52.420000] api_signal: id=api-0355 timestamp=2026-06-08T22:40:52.420 status=REQUEST
[   52.421000] api_signal: id=api-0237 timestamp=2026-06-08T22:40:52.421 status=REQUEST
[   52.421000] api_signal: id=api-0461 timestamp=2026-06-08T22:40:52.421 status=RESPONSE
[   52.467000] api_signal: id=api-0139 timestamp=2026-06-08T22:40:52.467 status=REQUEST
[   52.521000] api_signal: id=api-0320 timestamp=2026-06-08T22:40:52.521 status=REQUEST
[   52.536000] api_signal: id=api-0244 timestamp=2026-06-08T22:40:52.536 status=RESPONSE
[   52.575000] api_signal: id=api-0242 timestamp=2026-06-08T22:40:52.575 status=REQUEST
[   52.674000] api_signal: id=api-0327 timestamp=2026-06-08T22:40:52.674 status=RESPONSE
[   52.698000] api_signal: id=api-0315 timestamp=2026-06-08T22:40:52.698 status=REQUEST
[   52.708000] api_signal: id=api-0164 timestamp=2026-06-08T22:40:52.708 status=RESPONSE
[   52.759000] api_signal: id=api-0051 timestamp=2026-06-08T22:40:52.759 status=REQUEST
[   52.791000] api_signal: id=api-0402 timestamp=2026-06-08T22:40:52.791 status=REQUEST
[   52.843000] api_signal: id=api-0020 timestamp=2026-06-08T22:40:52.843 status=RESPONSE
[   52.855000] api_signal: id=api-0271 timestamp=2026-06-08T22:40:52.855 status=REQUEST
[   52.895000] api_signal: id=api-0025 timestamp=2026-06-08T22:40:52.895 status=REQUEST
[   52.920000] api_signal: id=api-0130 timestamp=2026-06-08T22:40:52.920 status=REQUEST
[   53.016000] api_signal: id=api-0255 timestamp=2026-06-08T22:40:53.016 status=RESPONSE
[   53.083000] api_signal: id=api-0034 timestamp=2026-06-08T22:40:53.083 status=RESPONSE
[   53.124000] api_signal: id=api-0458 timestamp=2026-06-08T22:40:53.124 status=RESPONSE
[   53.159000] api_signal: id=api-0486 timestamp=2026-06-08T22:40:53.159 status=REQUEST
[   53.206000] api_signal: id=api-0079 timestamp=2026-06-08T22:40:53.206 status=RESPONSE
[   53.237000] api_signal: id=api-0206 timestamp=2026-06-08T22:40:53.237 status=RESPONSE
[   53.300000] api_signal: id=api-0025 timestamp=2026-06-08T22:40:53.300 status=RESPONSE
[   53.330000] api_signal: id=api-0390 timestamp=2026-06-08T22:40:53.330 status=RESPONSE
[   53.412000] api_signal: id=api-0139 timestamp=2026-06-08T22:40:53.412 status=RESPONSE
[   53.443000] api_signal: id=api-0451 timestamp=2026-06-08T22:40:53.443 status=RESPONSE
[   53.458000] api_signal: id=api-0296 timestamp=2026-06-08T22:40:53.458 status=RESPONSE
[   53.471000] api_signal: id=api-0060 timestamp=2026-06-08T22:40:53.471 status=RESPONSE
[   53.478000] api_signal: id=api-0100 timestamp=2026-06-08T22:40:53.478 status=REQUEST
[   53.515000] api_signal: id=api-0248 timestamp=2026-06-08T22:40:53.515 status=REQUEST
[   53.556000] api_signal: id=api-0378 timestamp=2026-06-08T22:40:53.556 status=RESPONSE
[   53.719000] api_signal: id=api-0491 timestamp=2026-06-08T22:40:53.719 status=RESPONSE
[   53.774000] api_signal: id=api-0250 timestamp=2026-06-08T22:40:53.774 status=REQUEST
[   53.794000] api_signal: id=api-0062 timestamp=2026-06-08T22:40:53.794 status=RESPONSE
[   53.832000] api_signal: id=api-0402 timestamp=2026-06-08T22:40:53.832 status=RESPONSE
[   53.892000] api_signal: id=api-0410 timestamp=2026-06-08T22:40:53.892 status=REQUEST
[   53.921000] api_signal: id=api-0237 timestamp=2026-06-08T22:40:53.921 status=RESPONSE
[   54.094000] api_signal: id=api-0100 timestamp=2026-06-08T22:40:54.094 status=RESPONSE
[   54.115000] api_signal: id=api-0420 timestamp=2026-06-08T22:40:54.115 status=REQUEST
[   54.167000] api_signal: id=api-0463 timestamp=2026-06-08T22:40:54.167 status=RESPONSE
[   54.259000] api_signal: id=api-0101 timestamp=2026-06-08T22:40:54.259 status=RESPONSE
[   54.352000] api_signal: id=api-0214 timestamp=2026-06-08T22:40:54.352 status=REQUEST
[   54.355000] api_signal: id=api-0030 timestamp=2026-06-08T22:40:54.355 status=REQUEST
[   54.442000] api_signal: id=api-0423 timestamp=2026-06-08T22:40:54.442 status=REQUEST
[   54.452000] api_signal: id=api-0431 timestamp=2026-06-08T22:40:54.452 status=RESPONSE
[   54.508000] api_signal: id=api-0331 timestamp=2026-06-08T22:40:54.508 status=RESPONSE
[   54.546000] api_signal: id=api-0313 timestamp=2026-06-08T22:40:54.546 status=RESPONSE
[   54.640000] api_signal: id=api-0198 timestamp=2026-06-08T22:40:54.640 status=REQUEST
[   54.657000] api_signal: id=api-0242 timestamp=2026-06-08T22:40:54.657 status=RESPONSE
[   54.696000] api_signal: id=api-0224 timestamp=2026-06-08T22:40:54.696 status=REQUEST
[   54.696000] api_signal: id=api-0241 timestamp=2026-06-08T22:40:54.696 status=RESPONSE
[   54.776000] api_signal: id=api-0418 timestamp=2026-06-08T22:40:54.776 status=RESPONSE
[   54.789000] api_signal: id=api-0149 timestamp=2026-06-08T22:40:54.789 status=REQUEST
[   54.959000] api_signal: id=api-0149 timestamp=2026-06-08T22:40:54.959 status=RESPONSE
[   54.999000] api_signal: id=api-0384 timestamp=2026-06-08T22:40:54.999 status=REQUEST
[   55.041000] api_signal: id=api-0330 timestamp=2026-06-08T22:40:55.041 status=REQUEST
[   55.083000] api_signal: id=api-0363 timestamp=2026-06-08T22:40:55.083 status=REQUEST
[   55.159000] api_signal: id=api-0087 timestamp=2026-06-08T22:40:55.159 status=REQUEST
[   55.165000] api_signal: id=api-0492 timestamp=2026-06-08T22:40:55.165 status=RESPONSE
[   55.201000] api_signal: id=api-0423 timestamp=2026-06-08T22:40:55.201 status=RESPONSE
[   55.215000] api_signal: id=api-0384 timestamp=2026-06-08T22:40:55.215 status=RESPONSE
[   55.237000] api_signal: id=api-0049 timestamp=2026-06-08T22:40:55.237 status=REQUEST
[   55.393000] api_signal: id=api-0051 timestamp=2026-06-08T22:40:55.393 status=RESPONSE
[   55.417000] api_signal: id=api-0070 timestamp=2026-06-08T22:40:55.417 status=RESPONSE
[   55.596000] api_signal: id=api-0318 timestamp=2026-06-08T22:40:55.596 status=REQUEST
[   55.688000] api_signal: id=api-0250 timestamp=2026-06-08T22:40:55.688 status=RESPONSE
[   55.724000] api_signal: id=api-0401 timestamp=2026-06-08T22:40:55.724 status=REQUEST
[   55.745000] api_signal: id=api-0049 timestamp=2026-06-08T22:40:55.745 status=RESPONSE
[   55.793000] api_signal: id=api-0171 timestamp=2026-06-08T22:40:55.793 status=REQUEST
[   55.817000] api_signal: id=api-0422 timestamp=2026-06-08T22:40:55.817 status=REQUEST
[   55.931000] api_signal: id=api-0353 timestamp=2026-06-08T22:40:55.931 status=REQUEST
[   56.146000] api_signal: id=api-0349 timestamp=2026-06-08T22:40:56.146 status=REQUEST
[   56.268000] api_signal: id=api-0246 timestamp=2026-06-08T22:40:56.268 status=REQUEST
[   56.296000] api_signal: id=api-0291 timestamp=2026-06-08T22:40:56.296 status=RESPONSE
[   56.304000] api_signal: id=api-0130 timestamp=2026-06-08T22:40:56.304 status=RESPONSE
[   56.337000] api_signal: id=api-0122 timestamp=2026-06-08T22:40:56.337 status=REQUEST
[   56.377000] api_signal: id=api-0320 timestamp=2026-06-08T22:40:56.377 status=RESPONSE
[   56.433000] api_signal: id=api-0068 timestamp=2026-06-08T22:40:56.433 status=REQUEST
[   56.612000] api_signal: id=api-0135 timestamp=2026-06-08T22:40:56.612 status=REQUEST
[   56.640000] api_signal: id=api-0318 timestamp=2026-06-08T22:40:56.640 status=RESPONSE
[   56.668000] api_signal: id=api-0214 timestamp=2026-06-08T22:40:56.668 status=RESPONSE
[   56.785000] api_signal: id=api-0036 timestamp=2026-06-08T22:40:56.785 status=REQUEST
[   56.867000] api_signal: id=api-0403 timestamp=2026-06-08T22:40:56.867 status=RESPONSE
[   56.991000] api_signal: id=api-0315 timestamp=2026-06-08T22:40:56.991 status=RESPONSE
[   57.050000] api_signal: id=api-0086 timestamp=2026-06-08T22:40:57.050 status=REQUEST
[   57.105000] api_signal: id=api-0135 timestamp=2026-06-08T22:40:57.105 status=RESPONSE
[   57.175000] api_signal: id=api-0106 timestamp=2026-06-08T22:40:57.175 status=REQUEST
[   57.315000] api_signal: id=api-0271 timestamp=2026-06-08T22:40:57.315 status=RESPONSE
[   57.335000] api_signal: id=api-0248 timestamp=2026-06-08T22:40:57.335 status=RESPONSE
[   57.362000] api_signal: id=api-0330 timestamp=2026-06-08T22:40:57.362 status=RESPONSE
[   57.365000] api_signal: id=api-0171 timestamp=2026-06-08T22:40:57.365 status=RESPONSE
[   57.367000] api_signal: id=api-0030 timestamp=2026-06-08T22:40:57.367 status=RESPONSE
[   57.381000] api_signal: id=api-0068 timestamp=2026-06-08T22:40:57.381 status=RESPONSE
[   57.411000] api_signal: id=api-0355 timestamp=2026-06-08T22:40:57.411 status=RESPONSE
[   57.433000] api_signal: id=api-0055 timestamp=2026-06-08T22:40:57.433 status=REQUEST
[   57.548000] api_signal: id=api-0203 timestamp=2026-06-08T22:40:57.548 status=REQUEST
[   57.623000] api_signal: id=api-0195 timestamp=2026-06-08T22:40:57.623 status=REQUEST
[   57.662000] api_signal: id=api-0036 timestamp=2026-06-08T22:40:57.662 status=RESPONSE
[   57.692000] api_signal: id=api-0433 timestamp=2026-06-08T22:40:57.692 status=REQUEST
[   57.728000] api_signal: id=api-0194 timestamp=2026-06-08T22:40:57.728 status=REQUEST
[   57.764000] api_signal: id=api-0238 timestamp=2026-06-08T22:40:57.764 status=REQUEST
[   57.770000] api_signal: id=api-0224 timestamp=2026-06-08T22:40:57.770 status=RESPONSE
[   57.819000] api_signal: id=api-0486 timestamp=2026-06-08T22:40:57.819 status=RESPONSE
[   57.875000] api_signal: id=api-0222 timestamp=2026-06-08T22:40:57.875 status=REQUEST
[   57.878000] api_signal: id=api-0422 timestamp=2026-06-08T22:40:57.878 status=RESPONSE
[   57.942000] api_signal: id=api-0234 timestamp=2026-06-08T22:40:57.942 status=REQUEST
[   57.957000] api_signal: id=api-0410 timestamp=2026-06-08T22:40:57.957 status=RESPONSE
[   58.073000] api_signal: id=api-0307 timestamp=2026-06-08T22:40:58.073 status=REQUEST
[   58.308000] api_signal: id=api-0205 timestamp=2026-06-08T22:40:58.308 status=REQUEST
[   58.341000] api_signal: id=api-0194 timestamp=2026-06-08T22:40:58.341 status=RESPONSE
[   58.345000] api_signal: id=api-0175 timestamp=2026-06-08T22:40:58.345 status=REQUEST
[   58.501000] api_signal: id=api-0312 timestamp=2026-06-08T22:40:58.501 status=REQUEST
[   58.525000] api_signal: id=api-0337 timestamp=2026-06-08T22:40:58.525 status=REQUEST
[   58.698000] api_signal: id=api-0203 timestamp=2026-06-08T22:40:58.698 status=RESPONSE
[   58.838000] api_signal: id=api-0356 timestamp=2026-06-08T22:40:58.838 status=REQUEST
[   58.911000] api_signal: id=api-0230 timestamp=2026-06-08T22:40:58.911 status=REQUEST
[   58.915000] api_signal: id=api-0229 timestamp=2026-06-08T22:40:58.915 status=REQUEST
[   58.949000] api_signal: id=api-0267 timestamp=2026-06-08T22:40:58.949 status=REQUEST
[   58.961000] api_signal: id=api-0363 timestamp=2026-06-08T22:40:58.961 status=RESPONSE
[   59.018000] api_signal: id=api-0420 timestamp=2026-06-08T22:40:59.018 status=RESPONSE
[   59.093000] api_signal: id=api-0122 timestamp=2026-06-08T22:40:59.093 status=RESPONSE
[   59.140000] api_signal: id=api-0198 timestamp=2026-06-08T22:40:59.140 status=RESPONSE
[   59.142000] api_signal: id=api-0154 timestamp=2026-06-08T22:40:59.142 status=REQUEST
[   59.146000] api_signal: id=api-0222 timestamp=2026-06-08T22:40:59.146 status=RESPONSE
[   59.234000] api_signal: id=api-0205 timestamp=2026-06-08T22:40:59.234 status=RESPONSE
[   59.291000] api_signal: id=api-0229 timestamp=2026-06-08T22:40:59.291 status=RESPONSE
[   59.337000] api_signal: id=api-0121 timestamp=2026-06-08T22:40:59.337 status=REQUEST
[   59.367000] api_signal: id=api-0087 timestamp=2026-06-08T22:40:59.367 status=RESPONSE
[   59.413000] api_signal: id=api-0353 timestamp=2026-06-08T22:40:59.413 status=RESPONSE
[   59.424000] api_signal: id=api-0312 timestamp=2026-06-08T22:40:59.424 status=RESPONSE
[   59.539000] api_signal: id=api-0494 timestamp=2026-06-08T22:40:59.539 status=REQUEST
[   59.544000] api_signal: id=api-0086 timestamp=2026-06-08T22:40:59.544 status=RESPONSE
[   59.644000] api_signal: id=api-0121 timestamp=2026-06-08T22:40:59.644 status=RESPONSE
[   59.672000] api_signal: id=api-0154 timestamp=2026-06-08T22:40:59.672 status=RESPONSE
[   59.674000] api_signal: id=api-0195 timestamp=2026-06-08T22:40:59.674 status=RESPONSE
[   59.843000] api_signal: id=api-0054 timestamp=2026-06-08T22:40:59.843 status=REQUEST
[   60.060000] api_signal: id=api-0055 timestamp=2026-06-08T22:41:00.060 status=RESPONSE
[   60.173000] api_signal: id=api-0246 timestamp=2026-06-08T22:41:00.173 status=RESPONSE
[   60.691000] api_signal: id=api-0106 timestamp=2026-06-08T22:41:00.691 status=RESPONSE
[   60.692000] api_signal: id=api-0401 timestamp=2026-06-08T22:41:00.692 status=RESPONSE
[   60.694000] api_signal: id=api-0356 timestamp=2026-06-08T22:41:00.694 status=RESPONSE
[   60.912000] api_signal: id=api-0349 timestamp=2026-06-08T22:41:00.912 status=RESPONSE
[   61.191000] api_signal: id=api-0238 timestamp=2026-06-08T22:41:01.191 status=RESPONSE
[   61.321000] api_signal: id=api-0234 timestamp=2026-06-08T22:41:01.321 status=RESPONSE
[   61.892000] api_signal: id=api-0230 timestamp=2026-06-08T22:41:01.892 status=RESPONSE
[   62.625000] api_signal: id=api-0433 timestamp=2026-06-08T22:41:02.625 status=RESPONSE
[   62.838000] api_signal: id=api-0307 timestamp=2026-06-08T22:41:02.838 status=RESPONSE
[   62.999000] api_signal: id=api-0337 timestamp=2026-06-08T22:41:02.999 status=RESPONSE
[   63.061000] api_signal: id=api-0175 timestamp=2026-06-08T22:41:03.061 status=RESPONSE
[   63.215000] api_signal: id=api-0494 timestamp=2026-06-08T22:41:03.215 status=RESPONSE
[   63.722000] api_signal: id=api-0267 timestamp=2026-06-08T22:41:03.722 status=RESPONSE
[   64.539000] api_signal: id=api-0054 timestamp=2026-06-08T22:41:04.539 status=RESPONSE
